Reusing configuration cache.
> Task :app:preBuild UP-TO-DATE
> Task :app:preDebugBuild UP-TO-DATE
> Task :app:checkKotlinGradlePluginConfigurationErrors
> Task :app:createDebugCompatibleScreenManifests UP-TO-DATE
> Task :app:generateDebugResValues UP-TO-DATE
> Task :app:generateDebugBuildConfig UP-TO-DATE
> Task :app:extractDeepLinksDebug UP-TO-DATE
> Task :app:generateDebugResources UP-TO-DATE
> Task :app:packageDebugResources UP-TO-DATE
> Task :app:mapDebugSourceSetPaths UP-TO-DATE
> Task :app:parseDebugLocalResources UP-TO-DATE
> Task :app:checkDebugAarMetadata UP-TO-DATE
> Task :app:dataBindingMergeDependencyArtifactsDebug UP-TO-DATE
> Task :app:mergeDebugResources UP-TO-DATE
> Task :app:processDebugMainManifest UP-TO-DATE
> Task :app:processDebugManifest UP-TO-DATE
> Task :app:processDebugManifestForPackage UP-TO-DATE
> Task :app:dataBindingGenBaseClassesDebug UP-TO-DATE
> Task :app:processDebugResources UP-TO-DATE
> Task :app:kaptGenerateStubsDebugKotlin
> Task :app:kaptDebugKotlin SKIPPED
> Task :app:compileDebugKotlin
w: file:///C:/Users/vansh/Documents/Vibecode/QuickNovel-Enhanced/app/src/main/java/com/lagradost/quicknovel/BookDownloader2.kt:371:49 Variable 'value' initializer is redundant
w: file:///C:/Users/vansh/Documents/Vibecode/QuickNovel-Enhanced/app/src/main/java/com/lagradost/quicknovel/BookDownloader2.kt:377:72 Name shadowed: name
w: file:///C:/Users/vansh/Documents/Vibecode/QuickNovel-Enhanced/app/src/main/java/com/lagradost/quicknovel/BookDownloader2.kt:1872:60 Name shadowed: name
w: file:///C:/Users/vansh/Documents/Vibecode/QuickNovel-Enhanced/app/src/main/java/com/lagradost/quicknovel/BookDownloader2.kt:1873:60 Name shadowed: name
w: file:///C:/Users/vansh/Documents/Vibecode/QuickNovel-Enhanced/app/src/main/java/com/lagradost/quicknovel/BookDownloader2.kt:1981:43 Name shadowed: name
w: file:///C:/Users/vansh/Documents/Vibecode/QuickNovel-Enhanced/app/src/main/java/com/lagradost/quicknovel/CommonActivity.kt:88:19 'setter for view: View?' is deprecated. Deprecated in Java
w: file:///C:/Users/vansh/Documents/Vibecode/QuickNovel-Enhanced/app/src/main/java/com/lagradost/quicknovel/CommonActivity.kt:116:19 'updateConfiguration(Configuration!, DisplayMetrics!): Unit' is deprecated. Deprecated in Java
w: file:///C:/Users/vansh/Documents/Vibecode/QuickNovel-Enhanced/app/src/main/java/com/lagradost/quicknovel/CommonActivity.kt:174:21 'setter for navigationBarColor: Int' is deprecated. Deprecated in Java
w: file:///C:/Users/vansh/Documents/Vibecode/QuickNovel-Enhanced/app/src/main/java/com/lagradost/quicknovel/MainAPI.kt:132:21 Condition 'a != null' is always 'true'
w: file:///C:/Users/vansh/Documents/Vibecode/QuickNovel-Enhanced/app/src/main/java/com/lagradost/quicknovel/MainActivity.kt:526:107 Parameter 'bundle' is never used, could be renamed to _
w: file:///C:/Users/vansh/Documents/Vibecode/QuickNovel-Enhanced/app/src/main/java/com/lagradost/quicknovel/MainActivity.kt:751:29 'setter for navigationBarColor: Int' is deprecated. Deprecated in Java
w: file:///C:/Users/vansh/Documents/Vibecode/QuickNovel-Enhanced/app/src/main/java/com/lagradost/quicknovel/ReadActivity2.kt:724:36 'onBackPressed(): Unit' is deprecated. Deprecated in Java
w: file:///C:/Users/vansh/Documents/Vibecode/QuickNovel-Enhanced/app/src/main/java/com/lagradost/quicknovel/ReadActivity2.kt:1165:39 Parameter 'slider' is never used, could be renamed to _
w: file:///C:/Users/vansh/Documents/Vibecode/QuickNovel-Enhanced/app/src/main/java/com/lagradost/quicknovel/ReadActivity2.kt:1165:54 Parameter 'fromUser' is never used, could be renamed to _
w: file:///C:/Users/vansh/Documents/Vibecode/QuickNovel-Enhanced/app/src/main/java/com/lagradost/quicknovel/ReadActivity2.kt:1208:39 Parameter 'slider' is never used, could be renamed to _
w: file:///C:/Users/vansh/Documents/Vibecode/QuickNovel-Enhanced/app/src/main/java/com/lagradost/quicknovel/ReadActivity2.kt:1208:54 Parameter 'fromUser' is never used, could be renamed to _
w: file:///C:/Users/vansh/Documents/Vibecode/QuickNovel-Enhanced/app/src/main/java/com/lagradost/quicknovel/ReadActivity2.kt:1215:39 Parameter 'slider' is never used, could be renamed to _
w: file:///C:/Users/vansh/Documents/Vibecode/QuickNovel-Enhanced/app/src/main/java/com/lagradost/quicknovel/ReadActivity2.kt:1215:54 Parameter 'fromUser' is never used, could be renamed to _
w: file:///C:/Users/vansh/Documents/Vibecode/QuickNovel-Enhanced/app/src/main/java/com/lagradost/quicknovel/ReadActivity2.kt:1247:39 Parameter 'slider' is never used, could be renamed to _
w: file:///C:/Users/vansh/Documents/Vibecode/QuickNovel-Enhanced/app/src/main/java/com/lagradost/quicknovel/ReadActivity2.kt:1247:54 Parameter 'fromUser' is never used, could be renamed to _
w: file:///C:/Users/vansh/Documents/Vibecode/QuickNovel-Enhanced/app/src/main/java/com/lagradost/quicknovel/ReadActivity2.kt:1255:39 Parameter 'slider' is never used, could be renamed to _
w: file:///C:/Users/vansh/Documents/Vibecode/QuickNovel-Enhanced/app/src/main/java/com/lagradost/quicknovel/ReadActivity2.kt:1255:54 Parameter 'fromUser' is never used, could be renamed to _
w: file:///C:/Users/vansh/Documents/Vibecode/QuickNovel-Enhanced/app/src/main/java/com/lagradost/quicknovel/ReadActivity2.kt:1262:39 Parameter 'slider' is never used, could be renamed to _
w: file:///C:/Users/vansh/Documents/Vibecode/QuickNovel-Enhanced/app/src/main/java/com/lagradost/quicknovel/ReadActivity2.kt:1262:54 Parameter 'fromUser' is never used, could be renamed to _
w: file:///C:/Users/vansh/Documents/Vibecode/QuickNovel-Enhanced/app/src/main/java/com/lagradost/quicknovel/ReadActivity2.kt:1284:41 There is more than one label with such a name in this scope
w: file:///C:/Users/vansh/Documents/Vibecode/QuickNovel-Enhanced/app/src/main/java/com/lagradost/quicknovel/ReadActivity2.kt:1303:41 There is more than one label with such a name in this scope
w: file:///C:/Users/vansh/Documents/Vibecode/QuickNovel-Enhanced/app/src/main/java/com/lagradost/quicknovel/ReadActivity2.kt:1327:41 There is more than one label with such a name in this scope
w: file:///C:/Users/vansh/Documents/Vibecode/QuickNovel-Enhanced/app/src/main/java/com/lagradost/quicknovel/ReadActivity2.kt:1412:41 There is more than one label with such a name in this scope
w: file:///C:/Users/vansh/Documents/Vibecode/QuickNovel-Enhanced/app/src/main/java/com/lagradost/quicknovel/ReadActivityViewModel.kt:1262:40 'decode(String!): String!' is deprecated. Deprecated in Java
w: file:///C:/Users/vansh/Documents/Vibecode/QuickNovel-Enhanced/app/src/main/java/com/lagradost/quicknovel/TTSNotifications.kt:69:46 'getParcelableExtra(String!): T?' is deprecated. Deprecated in Java
w: file:///C:/Users/vansh/Documents/Vibecode/QuickNovel-Enhanced/app/src/main/java/com/lagradost/quicknovel/providers/AllNovelProvider.kt:185:25 Unnecessary safe call on a non-null receiver of type Element!
w: file:///C:/Users/vansh/Documents/Vibecode/QuickNovel-Enhanced/app/src/main/java/com/lagradost/quicknovel/providers/BestLightNovelProvider.kt:63:29 Unnecessary safe call on a non-null receiver of type Element!
w: file:///C:/Users/vansh/Documents/Vibecode/QuickNovel-Enhanced/app/src/main/java/com/lagradost/quicknovel/providers/HiraethTranslationProvider.kt:106:13 Variable 'prefix' is never used
w: file:///C:/Users/vansh/Documents/Vibecode/QuickNovel-Enhanced/app/src/main/java/com/lagradost/quicknovel/providers/HiraethTranslationProvider.kt:119:17 Condition 'votes != null' is always 'true'
w: file:///C:/Users/vansh/Documents/Vibecode/QuickNovel-Enhanced/app/src/main/java/com/lagradost/quicknovel/providers/NovelFireProvider.kt:202:17 Name shadowed: url
w: file:///C:/Users/vansh/Documents/Vibecode/QuickNovel-Enhanced/app/src/main/java/com/lagradost/quicknovel/providers/RanobesProvider.kt:17:53 'LOWER_CAMEL_CASE: PropertyNamingStrategy!' is deprecated. Deprecated in Java
w: file:///C:/Users/vansh/Documents/Vibecode/QuickNovel-Enhanced/app/src/main/java/com/lagradost/quicknovel/providers/ReadLightNovelProvider.kt:133:24 Unnecessary safe call on a non-null receiver of type Element!
w: file:///C:/Users/vansh/Documents/Vibecode/QuickNovel-Enhanced/app/src/main/java/com/lagradost/quicknovel/providers/ReadLightNovelProvider.kt:179:29 Unnecessary safe call on a non-null receiver of type Element!
w: file:///C:/Users/vansh/Documents/Vibecode/QuickNovel-Enhanced/app/src/main/java/com/lagradost/quicknovel/providers/ReadNovelFullProvider.kt:70:22 Unnecessary safe call on a non-null receiver of type Element!
w: file:///C:/Users/vansh/Documents/Vibecode/QuickNovel-Enhanced/app/src/main/java/com/lagradost/quicknovel/providers/ReadNovelFullProvider.kt:102:68 Unnecessary safe call on a non-null receiver of type Elements!
w: file:///C:/Users/vansh/Documents/Vibecode/QuickNovel-Enhanced/app/src/main/java/com/lagradost/quicknovel/providers/ReadfromnetProvider.kt:1409:25 Unnecessary safe call on a non-null receiver of type Element!
w: file:///C:/Users/vansh/Documents/Vibecode/QuickNovel-Enhanced/app/src/main/java/com/lagradost/quicknovel/providers/RoyalRoadProvider.kt:187:73 There is more than one label with such a name in this scope
w: file:///C:/Users/vansh/Documents/Vibecode/QuickNovel-Enhanced/app/src/main/java/com/lagradost/quicknovel/providers/WuxiaBoxProvider.kt:159:21 Name shadowed: url
w: file:///C:/Users/vansh/Documents/Vibecode/QuickNovel-Enhanced/app/src/main/java/com/lagradost/quicknovel/providers/WuxiaBoxProvider.kt:160:21 Name shadowed: title
w: file:///C:/Users/vansh/Documents/Vibecode/QuickNovel-Enhanced/app/src/main/java/com/lagradost/quicknovel/ui/TextAdapter.kt:745:9 Parameter 'obj' is never used
w: file:///C:/Users/vansh/Documents/Vibecode/QuickNovel-Enhanced/app/src/main/java/com/lagradost/quicknovel/ui/download/DownloadFragment.kt:231:50 Name shadowed: view
w: file:///C:/Users/vansh/Documents/Vibecode/QuickNovel-Enhanced/app/src/main/java/com/lagradost/quicknovel/ui/download/DownloadFragment.kt:243:17 Name shadowed: adapter
w: file:///C:/Users/vansh/Documents/Vibecode/QuickNovel-Enhanced/app/src/main/java/com/lagradost/quicknovel/ui/download/DownloadFragment.kt:243:59 Parameter 'item' is never used, could be renamed to _
w: file:///C:/Users/vansh/Documents/Vibecode/QuickNovel-Enhanced/app/src/main/java/com/lagradost/quicknovel/ui/download/DownloadFragment.kt:243:65 Parameter 'position' is never used, could be renamed to _
w: file:///C:/Users/vansh/Documents/Vibecode/QuickNovel-Enhanced/app/src/main/java/com/lagradost/quicknovel/ui/download/DownloadFragment.kt:317:61 Parameter 'parent' is never used, could be renamed to _
w: file:///C:/Users/vansh/Documents/Vibecode/QuickNovel-Enhanced/app/src/main/java/com/lagradost/quicknovel/ui/download/DownloadFragment.kt:317:69 Parameter 'child' is never used, could be renamed to _
w: file:///C:/Users/vansh/Documents/Vibecode/QuickNovel-Enhanced/app/src/main/java/com/lagradost/quicknovel/ui/mainpage/MainPageFragment.kt:124:27 'onBackPressed(): Unit' is deprecated. Deprecated in Java
w: file:///C:/Users/vansh/Documents/Vibecode/QuickNovel-Enhanced/app/src/main/java/com/lagradost/quicknovel/ui/mainpage/MainPageFragment.kt:295:59 Name shadowed: view
w: file:///C:/Users/vansh/Documents/Vibecode/QuickNovel-Enhanced/app/src/main/java/com/lagradost/quicknovel/ui/mainpage/MainPageFragment.kt:307:55 Name shadowed: view
w: file:///C:/Users/vansh/Documents/Vibecode/QuickNovel-Enhanced/app/src/main/java/com/lagradost/quicknovel/ui/mainpage/MainPageFragment.kt:319:57 Name shadowed: view
w: file:///C:/Users/vansh/Documents/Vibecode/QuickNovel-Enhanced/app/src/main/java/com/lagradost/quicknovel/ui/result/ResultFragment.kt:102:21 'setter for navigationBarColor: Int' is deprecated. Deprecated in Java
w: file:///C:/Users/vansh/Documents/Vibecode/QuickNovel-Enhanced/app/src/main/java/com/lagradost/quicknovel/ui/result/ResultFragment.kt:618:62 Parameter 'v' is never used, could be renamed to _
w: file:///C:/Users/vansh/Documents/Vibecode/QuickNovel-Enhanced/app/src/main/java/com/lagradost/quicknovel/ui/result/ResultFragment.kt:618:98 Parameter 'oldScrollY' is never used, could be renamed to _
w: file:///C:/Users/vansh/Documents/Vibecode/QuickNovel-Enhanced/app/src/main/java/com/lagradost/quicknovel/ui/settings/SettingsFragment.kt:308:17 Name shadowed: settingsManager
w: file:///C:/Users/vansh/Documents/Vibecode/QuickNovel-Enhanced/app/src/main/java/com/lagradost/quicknovel/util/AppUtils.kt:42:81 'getRunningServices(Int): (Mutable)List<ActivityManager.RunningServiceInfo!>!' is deprecated. Deprecated in Java
w: file:///C:/Users/vansh/Documents/Vibecode/QuickNovel-Enhanced/app/src/main/java/com/lagradost/quicknovel/util/BackupUtils.kt:97:60 Unchecked cast: Map<String!, Any?> to Map<String, Boolean>
w: file:///C:/Users/vansh/Documents/Vibecode/QuickNovel-Enhanced/app/src/main/java/com/lagradost/quicknovel/util/BackupUtils.kt:98:56 Unchecked cast: Map<String!, Any?> to Map<String, Int>
w: file:///C:/Users/vansh/Documents/Vibecode/QuickNovel-Enhanced/app/src/main/java/com/lagradost/quicknovel/util/BackupUtils.kt:99:59 Unchecked cast: Map<String!, Any?> to Map<String, String>
w: file:///C:/Users/vansh/Documents/Vibecode/QuickNovel-Enhanced/app/src/main/java/com/lagradost/quicknovel/util/BackupUtils.kt:100:58 Unchecked cast: Map<String!, Any?> to Map<String, Float>
w: file:///C:/Users/vansh/Documents/Vibecode/QuickNovel-Enhanced/app/src/main/java/com/lagradost/quicknovel/util/BackupUtils.kt:101:57 Unchecked cast: Map<String!, Any?> to Map<String, Long>
w: file:///C:/Users/vansh/Documents/Vibecode/QuickNovel-Enhanced/app/src/main/java/com/lagradost/quicknovel/util/BackupUtils.kt:102:47 Unchecked cast: Any? to Set<String>
w: file:///C:/Users/vansh/Documents/Vibecode/QuickNovel-Enhanced/app/src/main/java/com/lagradost/quicknovel/util/BackupUtils.kt:102:73 Unchecked cast: Map<String!, Any?> to Map<String, Set<String>>
w: file:///C:/Users/vansh/Documents/Vibecode/QuickNovel-Enhanced/app/src/main/java/com/lagradost/quicknovel/util/BackupUtils.kt:106:64 Unchecked cast: Map<String!, Any?> to Map<String, Boolean>
w: file:///C:/Users/vansh/Documents/Vibecode/QuickNovel-Enhanced/app/src/main/java/com/lagradost/quicknovel/util/BackupUtils.kt:107:60 Unchecked cast: Map<String!, Any?> to Map<String, Int>
w: file:///C:/Users/vansh/Documents/Vibecode/QuickNovel-Enhanced/app/src/main/java/com/lagradost/quicknovel/util/BackupUtils.kt:108:63 Unchecked cast: Map<String!, Any?> to Map<String, String>
w: file:///C:/Users/vansh/Documents/Vibecode/QuickNovel-Enhanced/app/src/main/java/com/lagradost/quicknovel/util/BackupUtils.kt:109:62 Unchecked cast: Map<String!, Any?> to Map<String, Float>
w: file:///C:/Users/vansh/Documents/Vibecode/QuickNovel-Enhanced/app/src/main/java/com/lagradost/quicknovel/util/BackupUtils.kt:110:61 Unchecked cast: Map<String!, Any?> to Map<String, Long>
w: file:///C:/Users/vansh/Documents/Vibecode/QuickNovel-Enhanced/app/src/main/java/com/lagradost/quicknovel/util/BackupUtils.kt:111:51 Unchecked cast: Any? to Set<String>
w: file:///C:/Users/vansh/Documents/Vibecode/QuickNovel-Enhanced/app/src/main/java/com/lagradost/quicknovel/util/BackupUtils.kt:111:77 Unchecked cast: Map<String!, Any?> to Map<String, Set<String>>
w: file:///C:/Users/vansh/Documents/Vibecode/QuickNovel-Enhanced/app/src/main/java/com/lagradost/quicknovel/util/BackupUtils.kt:120:47 Type mismatch: inferred type is OutputStream? but OutputStream was expected
w: file:///C:/Users/vansh/Documents/Vibecode/QuickNovel-Enhanced/app/src/main/java/com/lagradost/quicknovel/util/CoilPlugin.kt:166:21 Name shadowed: placeholder
w: file:///C:/Users/vansh/Documents/Vibecode/QuickNovel-Enhanced/app/src/main/java/com/lagradost/quicknovel/util/UIHelper.kt:246:9 Parameter 'errorImageDrawable' is never used
w: file:///C:/Users/vansh/Documents/Vibecode/QuickNovel-Enhanced/app/src/main/java/com/lagradost/quicknovel/util/UIHelper.kt:247:9 Parameter 'fadeIn' is never used
w: file:///C:/Users/vansh/Documents/Vibecode/QuickNovel-Enhanced/app/src/main/java/com/lagradost/quicknovel/util/UIHelper.kt:250:9 Parameter 'skipCache' is never used
w: file:///C:/Users/vansh/Documents/Vibecode/QuickNovel-Enhanced/app/src/main/java/com/lagradost/quicknovel/util/UIHelper.kt:450:26 'requestAudioFocus(AudioManager.OnAudioFocusChangeListener!, Int, Int): Int' is deprecated. Deprecated in Java
w: file:///C:/Users/vansh/Documents/Vibecode/QuickNovel-Enhanced/app/src/main/java/com/lagradost/quicknovel/util/UIHelper.kt:488:5 Expected performance impact from inlining is insignificant. Inlining works best for functions with parameters of functional types
w: file:///C:/Users/vansh/Documents/Vibecode/QuickNovel-Enhanced/app/src/main/java/com/lagradost/quicknovel/util/UIHelper.kt:523:5 Expected performance impact from inlining is insignificant. Inlining works best for functions with parameters of functional types
w: file:///C:/Users/vansh/Documents/Vibecode/QuickNovel-Enhanced/app/src/main/java/com/lagradost/quicknovel/util/UIHelper.kt:567:5 Expected performance impact from inlining is insignificant. Inlining works best for functions with parameters of functional types

BUILD SUCCESSFUL in 1m 33s
19 actionable tasks: 3 executed, 16 up-to-date
Configuration cache entry reused.
