03-13 00:15:48.348  2101  4141 W WindowManager: Failed looking up window session=Session{e5adfbb 8762:u0a10145} callers=com.android.server.wm.WindowManagerService.removeClientToken:2202 com.android.server.wm.Session.remove:275 android.view.IWindowSession$Stub.onTransact:722 
03-13 00:15:48.353  2101  2946 I WindowManager: Relayout Window{6b4145b u0 com.nothing.launcher/com.android.searchlauncher.SearchLauncher}: oldVis=8 newVis=0 focusMayChange = true requestedWidth = 1080 requestedHeight = 2392 outFrames = ClientWindowFrames{frame=[0,0][1080,2392] display=[0,0][1080,2392] parentFrame=[0,0][0,0]} outSurfaceControl = Surface(name=com.nothing.launcher/com.android.searchlauncher.SearchLauncher)/@0x4a25135
03-13 00:15:48.359  2101  2474 D BackgroundInstallControlService: Package event received: 0
03-13 00:15:48.363  2101  2167 I DisplayDeviceRepository: Display device changed render timings: "Built-in Screen", renderFrameRate=120.00001, presentationDeadlineNanos=13300000, appVsyncOffsetNanos=1099999, frameRateOverrides=[]
03-13 00:15:48.364  2101  2165 D WindowManager: DeferredDisplayUpdater: partially applying DisplayInfo(1080 x 2392) immediately
03-13 00:15:48.364  2101  2165 D WindowManager: [SG_DEBUG]Set SyncGroup{id=1023 name=Transition-TO_FRONT} on WallpaperWindowToken{1ae1c81 showWhenLocked=false}
03-13 00:15:48.375  2101  4141 I WindowManager: Relayout Window{48d5d29 u0 com.nothing.launcher/com.android.searchlauncher.SearchLauncher}: oldVis=8 newVis=0 focusMayChange = true requestedWidth = 1080 requestedHeight = 2392 outFrames = ClientWindowFrames{frame=[0,0][1080,2392] display=[0,0][1080,2392] parentFrame=[0,0][0,0]} outSurfaceControl = Surface(name=com.nothing.launcher/com.android.searchlauncher.SearchLauncher)/@0x8871ed
03-13 00:15:48.379  2101  2167 D OomAdjuster: process : com.lagradost.quicknovel.debug, pid = 9898, isTop = true, uid = 10293, hasActivity = true
03-13 00:15:48.379  2101  2167 D OomAdjuster: previous schedule group is top, not need limit!
03-13 00:15:48.381  2101  2168 D WindowManager: [SG_DEBUG]Clear [finished]SyncGroup{id=1023 name=Transition-TO_FRONT} on ActivityRecord{105923048 u0 com.nothing.launcher/com.android.searchlauncher.SearchLauncher t1201}
03-13 00:15:48.381  2101  2168 D WindowManager: [SG_DEBUG]Clear [finished]SyncGroup{id=1023 name=Transition-TO_FRONT} on WallpaperWindowToken{1ae1c81 showWhenLocked=false}
03-13 00:15:48.383  2101  2168 D BLASTSyncEngine: [DH_DEBUG]remove timeout #1023 callback=com.android.server.wm.BLASTSyncEngine$SyncGroup$$ExternalSyntheticLambda2@3f7d157
03-13 00:15:48.384  2556  2707 V WindowManagerShell: onTransitionReady(transaction=9023726374070)
03-13 00:15:48.384  2556  2662 V WindowManagerShell: onTransitionReady (#1023) android.os.BinderProxy@549271e: {id=1023 t=TO_FRONT f=0x80 trk=0 isSameTaskSwitch=false r=[0@Point(0, 0)] c=[
03-13 00:15:48.384  2556  2662 V WindowManagerShell:         {m=TO_FRONT f=SHOW_WALLPAPER|MOVE_TO_TOP leash=Surface(name=Task=1)/@0xb84fbf6 sb=Rect(0, 0 - 1080, 2392) eb=Rect(0, 0 - 1080, 2392) epz=Point(1080, 2392) d=0 taskParent=-1 ntPopUpView={mIsTryEnterWindowingMode=false mIsEnterWindowingModeLandscape=false mIsChangingWindowformBounds=false mStartPos=Point(0, 0) mEndPos=Point(0, 0) mStartScale=0.0 mEndScale=0.0 mStartCornerRadius=0.0 mEndCornerRadius=0.0 mAppBounds=Rect(0, 0 - 0, 0) mWindowCrop=Rect(0, 0 - 0, 0) mStartDragOrChangingBounds=Rect(0, 0 - 0, 0) mEndDragOrChangingBounds=Rect(0, 0 - 0, 0) mBottomLeftCornerLeash=null mBottomRightCornerLeash=null mDragBarLeash=null mCornerHintSize=60x60 mDragBarSize=189x42}},
03-13 00:15:48.384  2556  2662 V WindowManagerShell:         {m=TO_BACK f=NONE leash=Surface(name=Task=1335)/@0x2a86bf7 sb=Rect(0, 0 - 1080, 2392) eb=Rect(0, 0 - 1080, 2392) epz=Point(1080, 2392) d=0 taskParent=-1 ntPopUpView={mIsTryEnterWindowingMode=false mIsEnterWindowingModeLandscape=false mIsChangingWindowformBounds=false mStartPos=Point(0, 0) mEndPos=Point(0, 0) mStartScale=0.0 mEndScale=0.0 mStartCornerRadius=0.0 mEndCornerRadius=0.0 mAppBounds=Rect(0, 0 - 0, 0) mWindowCrop=Rect(0, 0 - 0, 0) mStartDragOrChangingBounds=Rect(0, 0 - 0, 0) mEndDragOrChangingBounds=Rect(0, 0 - 0, 0) mBottomLeftCornerLeash=null mBottomRightCornerLeash=null mDragBarLeash=null mCornerHintSize=60x60 mDragBarSize=189x42}},
03-13 00:15:48.384  2556  2662 V WindowManagerShell:         {m=TO_FRONT f=IS_WALLPAPER leash=Surface(name=WallpaperWindowToken{1ae1c81 showWhenLocked=false})/@0xaa56a64 sb=Rect(0, 0 - 1080, 2392) eb=Rect(0, 0 - 1080, 2392) epz=Point(1080, 2392) d=0 ntPopUpView={mIsTryEnterWindowingMode=false mIsEnterWindowingModeLandscape=false mIsChangingWindowformBounds=false mStartPos=Point(0, 0) mEndPos=Point(0, 0) mStartScale=0.0 mEndScale=0.0 mStartCornerRadius=0.0 mEndCornerRadius=0.0 mAppBounds=Rect(0, 0 - 0, 0) mWindowCrop=Rect(0, 0 - 0, 0) mStartDragOrChangingBounds=Rect(0, 0 - 0, 0) mEndDragOrChangingBounds=Rect(0, 0 - 0, 0) mBottomLeftCornerLeash=null mBottomRightCornerLeash=null mDragBarLeash=null mCornerHintSize=0x0 mDragBarSize=0x0}}
03-13 00:15:48.384  2556  2662 V WindowManagerShell:     ]}
03-13 00:15:48.384  2556  2662 V WindowManagerShell: Playing animation for (#1023) android.os.BinderProxy@549271e@0
03-13 00:15:48.385  2556  2662 V WindowManagerShell:  try firstHandler com.android.wm.shell.recents.RecentsTransitionHandler@eedba81
03-13 00:15:48.385  2556  2662 V ShellRecents: [155515903] RecentsController.start
03-13 00:15:48.385  2101  2164 V WindowManager: Sent Transition (#1023) createdAt=03-13 00:15:48.313
03-13 00:15:48.385  2101  2164 V WindowManager:     startWCT=WindowContainerTransaction { changes= {} hops= [{pendingIntent: options=Bundle[{android.activity.splashScreenStyle=-1, android.activity.sourceInfo=android.app.ActivityOptions$SourceInfo@345646e, android.pendingIntent.backgroundActivityAllowed=3, android:activity.animAbortListener=null, android.activity.transientLaunch=true}]}] errorCallbackToken=null taskFragmentOrganizer=null }
03-13 00:15:48.385  2101  2164 V WindowManager:     info={id=1023 t=TO_FRONT f=0x80 trk=0 isSameTaskSwitch=false r=[0@Point(0, 0)] c=[
03-13 00:15:48.385  2101  2164 V WindowManager:         {WCT{RemoteToken{2ca2dd8 Task{6283be0 #1 type=home}}} m=TO_FRONT f=SHOW_WALLPAPER|MOVE_TO_TOP leash=Surface(name=Task=1)/@0x2ad5fbe sb=Rect(0, 0 - 1080, 2392) eb=Rect(0, 0 - 1080, 2392) epz=Point(1080, 2392) d=0 taskParent=-1 ntPopUpView={mIsTryEnterWindowingMode=false mIsEnterWindowingModeLandscape=false mIsChangingWindowformBounds=false mStartPos=Point(0, 0) mEndPos=Point(0, 0) mStartScale=0.0 mEndScale=0.0 mStartCornerRadius=0.0 mEndCornerRadius=0.0 mAppBounds=Rect(0, 0 - 0, 0) mWindowCrop=Rect(0, 0 - 0, 0) mStartDragOrChangingBounds=Rect(0, 0 - 0, 0) mEndDragOrChangingBounds=Rect(0, 0 - 0, 0) mBottomLeftCornerLeash=null mBottomRightCornerLeash=null mDragBarLeash=null mCornerHintSize=60x60 mDragBarSize=189x42}},
03-13 00:15:48.385  2101  2164 V WindowManager:         {WCT{RemoteToken{e0f7b89 Task{b8ed135 #1335 type=standard A=10293:com.lagradost.quicknovel.debug}}} m=TO_BACK f=NONE leash=Surface(name=Task=1335)/@0xbf73562 sb=Rect(0, 0 - 1080, 2392) eb=Rect(0, 0 - 1080, 2392) epz=Point(1080, 2392) d=0 taskParent=-1 ntPopUpView={mIsTryEnterWindowingMode=false mIsEnterWindowingModeLandscape=false mIsChangingWindowformBounds=false mStartPos=Point(0, 0) mEndPos=Point(0, 0) mStartScale=0.0 mEndScale=0.0 mStartCornerRadius=0.0 mEndCornerRadius=0.0 mAppBounds=Rect(0, 0 - 0, 0) mWindowCrop=Rect(0, 0 - 0, 0) mStartDragOrChangingBounds=Rect(0, 0 - 0, 0) mEndDragOrChangingBounds=Rect(0, 0 - 0, 0) mBottomLeftCornerLeash=null mBottomRightCornerLeash=null mDragBarLeash=null mCornerHintSize=60x60 mDragBarSize=189x42}},
03-13 00:15:48.385  2101  2164 V WindowManager:         {m=TO_FRONT f=IS_WALLPAPER leash=Surface(name=WallpaperWindowToken{1ae1c81 showWhenLocked=false})/@0x6095740 sb=Rect(0, 0 - 1080, 2392) eb=Rect(0, 0 - 1080, 2392) epz=Point(1080, 2392) d=0 ntPopUpView={mIsTryEnterWindowingMode=false mIsEnterWindowingModeLandscape=false mIsChangingWindowformBounds=false mStartPos=Point(0, 0) mEndPos=Point(0, 0) mStartScale=0.0 mEndScale=0.0 mStartCornerRadius=0.0 mEndCornerRadius=0.0 mAppBounds=Rect(0, 0 - 0, 0) mWindowCrop=Rect(0, 0 - 0, 0) mStartDragOrChangingBounds=Rect(0, 0 - 0, 0) mEndDragOrChangingBounds=Rect(0, 0 - 0, 0) mBottomLeftCornerLeash=null mBottomRightCornerLeash=null mDragBarLeash=null mCornerHintSize=0x0 mDragBarSize=0x0}}
03-13 00:15:48.385  2101  2164 V WindowManager:     ]}
03-13 00:15:48.386  2556  2662 V ShellRecents:   not handling home taskId=1
03-13 00:15:48.387  2556  2662 V ShellRecents:   adding pausing leaf taskId=1335 at layer=8
03-13 00:15:48.387  2556  2662 V ShellRecents: Applying transaction=9023726374070
03-13 00:15:48.388  2556  2662 V ShellRecents: No matching remote found to takeover (#1023)
03-13 00:15:48.388  2556  2662 V ShellSplitScreen: getSplitBoundsForTaskId: expected split bounds for taskId=1335 but not found
03-13 00:15:48.388  2556  2662 V ShellRecents: [155515903] RecentsController.start: calling onAnimationStart with 2 apps
03-13 00:15:48.390  2556  2662 V ShellRecents: [155515903] onAnimationStartWithSurfaceTransaction.end: cost 2 ms
03-13 00:15:48.391  2556  2662 V WindowManagerShell:  animated by firstHandler
03-13 00:15:48.393  2101  2311 E HandwritingModeController: Cannot get requestId: Handwriting was not initialized.
03-13 00:15:48.395  2556  2662 D WindowManagerShell: setLauncherKeepClearAreaHeight: visible=true, height=245
03-13 00:15:48.396  2101  2474 D BackgroundInstallControlService: Package event received: 0
03-13 00:15:48.402  2101  2474 D BackgroundInstallControlService: Package event received: 0
03-13 00:15:48.404  2556  2662 V ShellRecents: [155515903] RecentsController.setInputConsumerEnabled: set focus to recents
03-13 00:15:48.422  2556  2580 V ShellRecents: [155515903] RecentsController.detachNavigationBarFromApp
03-13 00:15:48.432  2101  2879 V NtGameModeImpl: onAppFocusChanged: pkg=com.nothing.launcher, uid=10193, category=-1, launchMode= 1
03-13 00:15:48.432  2101  2879 D NtPopUpViewImpl: PopUpView: onAppFocusChanged: newTask=Task{54db71 #1201 type=home I=com.nothing.launcher/com.android.searchlauncher.SearchLauncher}, showDimmer=false
03-13 00:15:48.432  2101  2879 D NtKafkaEventHelper: onActivityRecordChanged: info com.nothing.launcher:10193:2866
03-13 00:15:48.433  2101  2879 W WindowManager: Changing focus from Window{865c86 u0 com.lagradost.quicknovel.debug/com.lagradost.quicknovel.MainActivity} to Window{6b4145b u0 com.nothing.launcher/com.android.searchlauncher.SearchLauncher} displayId=0 Callers=com.android.server.wm.RootWindowContainer.updateFocusedWindowLocked:494 com.android.server.wm.WindowManagerService.updateFocusedWindowLocked:6824 com.android.server.wm.ActivityTaskManagerService.setLastResumedActivityUncheckLocked:5275 com.android.server.wm.ActivityTaskManagerService.setFocusedTask:2166 
03-13 00:15:48.433  2101  2879 D ActivityCustomizationUtil: uid = 10193
03-13 00:15:48.461  2530  6993 D SceneManager: TopAPP=com.nothing.launcher
03-13 00:15:48.558  2101  2190 I ActivityManager: Process PhantomProcessRecord {e7853ad 16990:16741:sh/u0a449} died
03-13 00:15:48.601  2101  2946 D Dragonite: release 93
03-13 00:15:48.601  2101  2278 D Dragonite: sceneId = 1, pid = 2866, packageName = com.nothing.launcher, duration = 60000, params = null
03-13 00:15:48.732  2101  2945 W ActivityManager: pid 14782 com.brave.browser sent binder code 2 with flags 1 to frozen apps and got error -32
03-13 00:15:48.816  2101  2759 D NtBoostAdjusterImpl: tryRestoreThreadPriority: pid = 2168, counting = 0
03-13 00:15:48.824  2101  4164 V ActivityManager: Death received in com.android.server.am.ActivityManagerService$AppDeathRecipient@fa542a7 for thread android.os.BinderProxy@7d67354
03-13 00:15:48.825  2101  4164 I ActivityManager: Process com.x8bit.bitwarden (pid 16061) has died: cch+55 CEM 
03-13 00:15:48.825  2101  2101 D MBrainLocalService: notifyAppLifeCycle failed
03-13 00:15:48.828  2101  4164 I START_DEBUG: remove ALL_TIMEOUT cleanup   ProcessRecord :ProcessRecord{28b24cb 16061:com.x8bit.bitwarden/u0a310}
03-13 00:15:48.839  2101  2759 D NtBoostAdjusterImpl: tryRestoreThreadPriority: pid = 7444, counting = 0
03-13 00:15:48.920  2556  2662 V ShellRecents: [155515903] RecentsController.finishInner: toHome=true userLeave=true willFinishToHome=true state=0 hasPausingTasks=true reason=requested
03-13 00:15:48.920  2556  2662 V ShellRecents:   normal finish
03-13 00:15:48.921  2556  2662 V ShellRecents: [155515903] RecentsController.finishInner: Completing finish
03-13 00:15:48.921  2556  2662 V ShellRecents: [155515903] RecentsController.cleanup
03-13 00:15:48.921  2556  2662 V WindowManagerShell: Transition animation finished (aborted=false), notifying core (#1023) android.os.BinderProxy@549271e@0
03-13 00:15:48.922  2101  4593 D Dragonite: release 97
03-13 00:15:48.933  2101  2474 D BackgroundInstallControlService: Package event received: 0
03-13 00:15:48.935  2101  2164 V WindowManager: Finish Transition (#1023): created at 03-13 00:15:48.313 collect-started=0.241ms started=20.417ms ready=26.834ms sent=68.793ms commit=8.459ms finished=621.154ms
03-13 00:15:48.944  2101  2945 V ActivityManager: Death received in com.android.server.am.ActivityManagerService$AppDeathRecipient@c83ad07 for thread android.os.BinderProxy@d32fe34
03-13 00:15:48.945  2101  2660 D Dragonite: acquire handle 98
03-13 00:15:48.946  2101  2278 D Dragonite: sceneId = 102, pid = 2556, packageName = com.android.systemui, duration = 5000, params = null
03-13 00:15:48.948  2101  2101 E MBrainLocalService: notifyAppSwitch failed
03-13 00:15:48.955  2101  4220 D Dragonite: acquire handle 0
03-13 00:15:48.955  2101  2278 D Dragonite: sceneId = 100, pid = 2556, packageName = com.android.systemui, duration = 0, params = null
03-13 00:15:48.959  2101  2971 D NtWindowManagerService: setMutedTask: taskId=-1 isMute=false callingPid=2101
03-13 00:15:48.962  2556  2662 V WindowManagerShell: Track 0 became idle
03-13 00:15:48.962  2556  2662 V WindowManagerShell: All active transition animations finished
03-13 00:15:48.962  2556  2662 V ShellRecents: [155515903] RecentsController.finishInner: calling finish callback
03-13 00:15:48.963  2101  2167 V WindowManager: Unknown focus tokens, dropping reportFocusChanged
03-13 00:15:48.965  2101  2195 D OomAdjuster: set group = 5
03-13 00:15:48.965  2101  2195 D OomAdjuster: set cpuset: 5
03-13 00:15:48.980  2101  4593 D CoreBackPreview: Window{425563c u0 NotificationShade}: Setting back callback OnBackInvokedCallbackInfo{mCallback=android.window.IOnBackInvokedCallback$Stub$Proxy@450b74a, mPriority=0, mIsAnimationCallback=false, mOverrideBehavior=0}
03-13 00:15:48.982  2101  2474 D BackgroundInstallControlService: Package event received: 0
03-13 00:15:48.988  2101  2188 I ActivityManager: Start proc 17044:com.nothing.soundrecorder/u0a91 for content provider {com.nothing.soundrecorder/com.nothing.soundrecorder.ui.widget.QuickRecordWidgetProvider}
03-13 00:15:48.988  2101  2188 I START_DEBUG: send START_TIMEOUT message    ProcessRecord :ProcessRecord{6bd9bf2 17044:com.nothing.soundrecorder/u0a91}
03-13 00:15:48.988  2101  2188 I ActivityManager: ProcessObserver broadcast disabled
03-13 00:15:48.994  2101  2167 D NtPerfTraceManagerImpl: packageName = com.nothing.launcher, taskId = 1201
03-13 00:15:48.998  2866  2866 D NtViewRootImpl: mPopUpViewOffsets: offset=(0.0, 0.0), scale=(1.0, 1.0)
03-13 00:15:49.013  2101  4141 V ActivityManager: New death recipient com.android.server.am.ActivityManagerService$AppDeathRecipient@f28de8f for thread android.os.BinderProxy@9d0851c
03-13 00:15:49.014  2101  4593 W PackageConfigPersister: App-specific configuration not found for packageName: com.nothing.launcher and userId: 0
03-13 00:15:49.020  2101  4141 I START_DEBUG: send BINDTIMEOUT    ProcessRecord :ProcessRecord{6bd9bf2 17044:com.nothing.soundrecorder/u0a91}
03-13 00:15:49.020  2101  4141 I START_DEBUG: remove START_TIMEOUT finish    ProcessRecord :ProcessRecord{6bd9bf2 17044:com.nothing.soundrecorder/u0a91}
03-13 00:15:49.020  2101  4141 D OomAdjuster: process : com.nothing.soundrecorder, pid = 17044, isTop = false, uid = 10091, hasActivity = false
03-13 00:15:49.020  2101  4141 D OomAdjuster: system app not need limit!
03-13 00:15:49.021  2101  2945 I ActivityManager: Process com.instagram.barcelona (pid 12158) has died: cch+55 CEM 
03-13 00:15:49.023  2101  2945 I START_DEBUG: remove ALL_TIMEOUT cleanup   ProcessRecord :ProcessRecord{ef9a258 12158:com.instagram.barcelona/u0a747}
03-13 00:15:49.030  2101  2101 D MBrainLocalService: notifyAppLifeCycle failed
03-13 00:15:49.061  2101  4162 I WindowManager: Relayout Window{425563c u0 NotificationShade}: oldVis=4 newVis=0 focusMayChange = true requestedWidth = 1080 requestedHeight = 2392 outFrames = ClientWindowFrames{frame=[0,0][1080,2392] display=[0,0][1080,2392] parentFrame=[0,0][0,0]} outSurfaceControl = Surface(name=NotificationShade)/@0x21e5bb4
03-13 00:15:49.107  2101  2474 D BackgroundInstallControlService: Package event received: 0
03-13 00:15:49.121  2101  2188 I ActivityManager: Start proc 17057:com.nothing.camera/u0a186 for content provider {com.nothing.camera/com.nothing.common.shortcutwidget.provider.CameraWidgetProvider}
03-13 00:15:49.121  2101  4141 D CoreBackPreview: Window{865c86 u0 com.lagradost.quicknovel.debug/com.lagradost.quicknovel.MainActivity}: Setting back callback OnBackInvokedCallbackInfo{mCallback=android.window.IOnBackInvokedCallback$Stub$Proxy@81f7f20, mPriority=-1, mIsAnimationCallback=false, mOverrideBehavior=0}
03-13 00:15:49.121  2101  2188 I START_DEBUG: send START_TIMEOUT message    ProcessRecord :ProcessRecord{8b72e23 17057:com.nothing.camera/u0a186}
03-13 00:15:49.121  2101  2188 I ActivityManager: ProcessObserver broadcast disabled
03-13 00:15:49.132  2101  2167 D OomAdjuster: process : com.nothing.launcher, pid = 2866, isTop = false, uid = 10193, hasActivity = true
03-13 00:15:49.133  2101  2167 D OomAdjuster: previous schedule group is top, not need limit!
03-13 00:15:49.133  2101  2195 D OomAdjuster: set group = -1
03-13 00:15:49.133  2101  2195 D OomAdjuster: set cpuset: -1
03-13 00:15:49.133  2101  2167 D OomAdjuster: process : com.google.android.googlequicksearchbox:googleapp, pid = 16760, isTop = false, uid = 10151, hasActivity = false
03-13 00:15:49.133  2101  2167 D OomAdjuster: process : com.google.android.googlequicksearchbox:googleapp is not top!
03-13 00:15:49.152  2101  4141 W WindowManager: Changing focus from Window{6b4145b u0 com.nothing.launcher/com.android.searchlauncher.SearchLauncher} to Window{425563c u0 NotificationShade} displayId=0 Callers=com.android.server.wm.RootWindowContainer.updateFocusedWindowLocked:494 com.android.server.wm.WindowManagerService.updateFocusedWindowLocked:6824 com.android.server.wm.WindowManagerService.relayoutWindow:2788 com.android.server.wm.Session.relayout:288 
03-13 00:15:49.152  2101  4141 D ActivityCustomizationUtil: uid = 10198
03-13 00:15:49.156  2101  2946 V ActivityManager: New death recipient com.android.server.am.ActivityManagerService$AppDeathRecipient@6a70211 for thread android.os.BinderProxy@1e33f76
03-13 00:15:49.159  2101  2946 I START_DEBUG: send BINDTIMEOUT    ProcessRecord :ProcessRecord{8b72e23 17057:com.nothing.camera/u0a186}
03-13 00:15:49.159  2101  2946 I START_DEBUG: remove START_TIMEOUT finish    ProcessRecord :ProcessRecord{8b72e23 17057:com.nothing.camera/u0a186}
03-13 00:15:49.159  2101  2946 D OomAdjuster: process : com.nothing.camera, pid = 17057, isTop = false, uid = 10186, hasActivity = false
03-13 00:15:49.159  2101  2946 D OomAdjuster: system app not need limit!
03-13 00:15:49.159  2101  2195 D OomAdjuster: set group = -1
03-13 00:15:49.179  2101  2167 D NtPerfTraceManagerImpl: packageName = null, taskId = -1
03-13 00:15:49.197  2556  2556 D NtViewRootImpl: mPopUpViewOffsets: offset=(0.0, 0.0), scale=(1.0, 1.0)
03-13 00:15:49.247  2101  4141 D SystemServerTiming: getUserSwitchability-0
03-13 00:15:49.247  2101  4141 D SystemServerTiming: TM.isInCall
03-13 00:15:49.247  2101  2946 D SystemServerTiming: getUserSwitchability-0
03-13 00:15:49.247  2101  2946 D SystemServerTiming: TM.isInCall
03-13 00:15:49.250  2101  4141 D SystemServerTiming: hasUserRestriction-DISALLOW_USER_SWITCH
03-13 00:15:49.250  2101  4141 D SystemServerTiming: getInt-ALLOW_USER_SWITCHING_WHEN_SYSTEM_USER_LOCKED
03-13 00:15:49.250  2101  4141 D SystemServerTiming: isUserUnlocked-USER_SYSTEM
03-13 00:15:49.254  2101  2946 D SystemServerTiming: hasUserRestriction-DISALLOW_USER_SWITCH
03-13 00:15:49.254  2101  2946 D SystemServerTiming: getInt-ALLOW_USER_SWITCHING_WHEN_SYSTEM_USER_LOCKED
03-13 00:15:49.254  2101  2946 D SystemServerTiming: isUserUnlocked-USER_SYSTEM
03-13 00:15:49.279  2101  2474 D BackgroundInstallControlService: Package event received: 0
03-13 00:15:49.306 17057 17072 D MbrainDebugManagerImpl: getService failed
03-13 00:15:49.353  2101  4141 W ActivityManager: Slow operation: 76ms so far, now at startProcess: done updating battery stats
03-13 00:15:49.354  2101  4141 W ActivityManager: Slow operation: 77ms so far, now at startProcess: building log message
03-13 00:15:49.354  2101  4141 I ActivityManager: Start proc 17073:com.nothing.communitywidgets/u0a274 for content provider {com.nothing.communitywidgets/com.nothing.communitywidgets.quotes.provider.QuotesCardProvider}
03-13 00:15:49.354  2101  4141 W ActivityManager: Slow operation: 77ms so far, now at startProcess: starting to update pids map
03-13 00:15:49.354  2101  4141 I ActivityManager: ProcessObserver broadcast disabled
03-13 00:15:49.354  2101  4141 W ActivityManager: Slow operation: 77ms so far, now at startProcess: done updating pids map
03-13 00:15:49.354  2101  4141 V ActivityManager: New death recipient com.android.server.am.ActivityManagerService$AppDeathRecipient@9b90d80 for thread android.os.BinderProxy@6e7efb9
03-13 00:15:49.357  2101  4141 I START_DEBUG: send BINDTIMEOUT    ProcessRecord :ProcessRecord{af9c414 17073:com.nothing.communitywidgets/u0a274}
03-13 00:15:49.357  2101  4141 I START_DEBUG: remove START_TIMEOUT finish    ProcessRecord :ProcessRecord{af9c414 17073:com.nothing.communitywidgets/u0a274}
03-13 00:15:49.357  2101  4141 D OomAdjuster: process : com.nothing.communitywidgets, pid = 17073, isTop = false, uid = 10274, hasActivity = false
03-13 00:15:49.357  2101  4141 D OomAdjuster: system app not need limit!
03-13 00:15:49.364  2101  2188 W ActivityManager: Slow operation: 87ms so far, now at startProcess: returned from zygote!
03-13 00:15:49.379  2101  2946 D Dragonite: acquire handle 1
03-13 00:15:49.379  2101  2278 D Dragonite: sceneId = 200, pid = 17057, packageName = com.nothing.camera, duration = 1500, params = null
03-13 00:15:49.449  2101  4141 V ActivityManager: Death received in com.android.server.am.ActivityManagerService$AppDeathRecipient@d074782 for thread android.os.BinderProxy@46f3e93
03-13 00:15:49.449  2101  4141 I ActivityManager: Process com.google.android.apps.turbo:aab (pid 16662) has died: cch+35 CEM 
03-13 00:15:49.449  2101  2101 D MBrainLocalService: notifyAppLifeCycle failed
03-13 00:15:49.463  2101  4141 I START_DEBUG: remove ALL_TIMEOUT cleanup   ProcessRecord :ProcessRecord{d4ef9f7 16662:com.google.android.apps.turbo:aab/u0a148}
03-13 00:15:49.472  2101  4593 E ProcessStats: Executing service ServiceState{fb404ae org.chromium.content.app.SandboxedProcessService0 pkg=com.brave.browser proc=c4a4c2b} without owner
03-13 00:15:49.481  2101  4593 E ProcessStats: Binding service ServiceState{fb404ae org.chromium.content.app.SandboxedProcessService0 pkg=com.brave.browser proc=c4a4c2b} without owner
03-13 00:15:49.481  2101  4593 E ProcessStats: Starting service ServiceState{fb404ae org.chromium.content.app.SandboxedProcessService0 pkg=com.brave.browser proc=c4a4c2b} without owner
03-13 00:15:49.481  2101  4593 E ProcessStats: Binding service ServiceState{fb404ae org.chromium.content.app.SandboxedProcessService0 pkg=com.brave.browser proc=c4a4c2b} without owner
03-13 00:15:49.481  2101  4593 I ActivityManager: Killing 15306:com.brave.browser:sandboxed_process0:org.chromium.content.app.SandboxedProcessService0:14/u0a250i-8986 (adj 0): isolated not needed
03-13 00:15:49.482  2101  2101 D MBrainLocalService: notifyAppLifeCycle failed
03-13 00:15:49.503  2101  4593 I START_DEBUG: remove BIND_TIMEOUT finish    ProcessRecord :ProcessRecord{8b72e23 17057:com.nothing.camera/u0a186}
03-13 00:15:49.505  2101  2474 D BackgroundInstallControlService: Package event received: 0
03-13 00:15:49.563 17044 17102 D MbrainDebugManagerImpl: getService failed
03-13 00:15:49.575  2101  4141 I START_DEBUG: remove BIND_TIMEOUT finish    ProcessRecord :ProcessRecord{6bd9bf2 17044:com.nothing.soundrecorder/u0a91}
03-13 00:15:49.576  2101  2474 D BackgroundInstallControlService: Package event received: 0
03-13 00:15:49.596  2101  4598 E AppOps  : attributionTag  not declared in manifest of com.brave.browser
03-13 00:15:49.597  2101  4141 E AppOps  : attributionTag  not declared in manifest of com.brave.browser
03-13 00:15:49.608  2101  4141 D AS.AudioService: [reportAudioTrackStatusChanged]start broadcast, pid = 14782, uid = 10250, status = 1, streamType = 3, pkgName = , sessionId = 7761
03-13 00:15:49.609  2101  4141 D AS.AudioService: [reportAudioTrackStatusChanged]finish broadcast
03-13 00:15:49.614  2530  6993 D SceneManager: SPEAKER scene: 0
03-13 00:15:49.614 17073 17110 D MbrainDebugManagerImpl: getService failed
03-13 00:15:49.626  2101  4598 I START_DEBUG: remove BIND_TIMEOUT finish    ProcessRecord :ProcessRecord{af9c414 17073:com.nothing.communitywidgets/u0a274}
03-13 00:15:49.639  2101  2474 D BackgroundInstallControlService: Package event received: 0
03-13 00:15:49.684  2101  4593 E ProcessStats: Executing service ServiceState{fb404ae org.chromium.content.app.SandboxedProcessService0 pkg=com.brave.browser proc=c4a4c2b} without owner
03-13 00:15:49.691  2101  4593 E ProcessStats: Binding service ServiceState{fb404ae org.chromium.content.app.SandboxedProcessService0 pkg=com.brave.browser proc=c4a4c2b} without owner
03-13 00:15:49.691  2101  4593 E ProcessStats: Starting service ServiceState{fb404ae org.chromium.content.app.SandboxedProcessService0 pkg=com.brave.browser proc=c4a4c2b} without owner
03-13 00:15:49.691  2101  4593 E ProcessStats: Binding service ServiceState{fb404ae org.chromium.content.app.SandboxedProcessService0 pkg=com.brave.browser proc=c4a4c2b} without owner
03-13 00:15:49.691  2101  4593 I ActivityManager: Killing 14988:com.brave.browser:sandboxed_process0:org.chromium.content.app.SandboxedProcessService0:1/u0a250i-8999 (adj 0): isolated not needed
03-13 00:15:49.692  2101  2101 D MBrainLocalService: notifyAppLifeCycle failed
03-13 00:15:49.707  2101  4593 V ActivityManager: Death received in com.android.server.am.ActivityManagerService$AppDeathRecipient@acb4f73 for thread android.os.BinderProxy@b80e30
03-13 00:15:49.708  2101  4593 I ActivityManager: Process com.whatsapp (pid 11948) has died: cch+45 CEM 
03-13 00:15:49.708  2101  2101 D MBrainLocalService: notifyAppLifeCycle failed
03-13 00:15:49.712  2101  4593 I START_DEBUG: remove ALL_TIMEOUT cleanup   ProcessRecord :ProcessRecord{5735bfb 11948:com.whatsapp/u0a319}
03-13 00:15:49.785  2101  2474 D BackgroundInstallControlService: Package event received: 0
03-13 00:15:49.831  2101  4593 D Dragonite: release 0
03-13 00:15:49.840  2101  2195 D OomAdjuster: set group = 5
03-13 00:15:49.840  2101  2195 D OomAdjuster: set cpuset: 5
03-13 00:15:49.847  2101  3167 D CompatChangeReporter: Compat change id reported: 311402873; UID 10449; state: ENABLED
03-13 00:15:49.847  2101  4598 W WindowManager: Changing focus from Window{425563c u0 NotificationShade} to Window{6b4145b u0 com.nothing.launcher/com.android.searchlauncher.SearchLauncher} displayId=0 Callers=com.android.server.wm.RootWindowContainer.updateFocusedWindowLocked:494 com.android.server.wm.WindowManagerService.updateFocusedWindowLocked:6824 com.android.server.wm.WindowManagerService.relayoutWindow:2788 com.android.server.wm.Session.relayout:288 
03-13 00:15:49.847  2101  4598 D ActivityCustomizationUtil: uid = 10193
03-13 00:15:49.847  2101  2257 D OomAdjuster: process : com.android.systemui, pid = 2556, isTop = false, uid = 10198, hasActivity = false
03-13 00:15:49.847  2101  2257 D OomAdjuster: system app not need limit!
03-13 00:15:49.847  2101  2195 D OomAdjuster: set group = -1
03-13 00:15:49.847  2101  2195 D OomAdjuster: set cpuset: -1
03-13 00:15:49.847  2101  3167 D CompatChangeReporter: Compat change id reported: 323349338; UID 10449; state: ENABLED
03-13 00:15:49.851  2101  4598 D CoreBackPreview: Window{425563c u0 NotificationShade}: Setting back callback null
03-13 00:15:49.857  2101  2167 D NtPerfTraceManagerImpl: packageName = com.nothing.launcher, taskId = 1201
03-13 00:15:49.860  2866  2866 D NtViewRootImpl: mPopUpViewOffsets: offset=(0.0, 0.0), scale=(1.0, 1.0)
03-13 00:15:49.865  2101  4598 W PackageConfigPersister: App-specific configuration not found for packageName: com.nothing.launcher and userId: 0
03-13 00:15:49.900  2101  4598 V ActivityManager: Death received in com.android.server.am.ActivityManagerService$AppDeathRecipient@dff558e for thread android.os.BinderProxy@b9ce1af
03-13 00:15:49.903  2101  4598 I START_DEBUG: remove ALL_TIMEOUT cleanup   ProcessRecord :ProcessRecord{3ec52b7 15306:com.brave.browser:sandboxed_process0:org.chromium.content.app.SandboxedProcessService0:14/u0a250i-8986}
03-13 00:15:49.952  2101  4598 D CompatChangeReporter: Compat change id reported: 311208629; UID 10449; state: ENABLED
03-13 00:15:49.988  2101  2619 D NtAudioGlyphServiceImpl: onAudioTrackStop request:AudioLightRequest@f25a3c5{Id:107,uid:10250,pid:14782,noAudio:false,csvId:-1,pkg:,session:7761,addby:2}
03-13 00:15:49.989  2101  2619 D NtAudioGlyphServiceImpl: AudioLightRequests[0]- AudioLightRequest@f25a3c5{Id:107,uid:10250,pid:14782,noAudio:false,csvId:-1,pkg:,session:7761,addby:2}
03-13 00:15:49.989  2101  2619 D NtAudioGlyphServiceImpl: invalidateAudioLightRequests size#0 current null target null
03-13 00:15:49.993  2101  2188 I ActivityManager: Start proc 17157:com.android.vending:background/u0a149 for service {com.android.vending/com.google.frameworks.client.data.android.server.play.BackgroundProcessEndpointService}
03-13 00:15:49.993  2101  2188 I START_DEBUG: send START_TIMEOUT message    ProcessRecord :ProcessRecord{eda301e 17157:com.android.vending:background/u0a149}
03-13 00:15:49.993  2101  2188 I ActivityManager: ProcessObserver broadcast disabled
03-13 00:15:50.008  2101  2879 D CoreBackPreview: Window{223de0f u0 com.brave.browser/org.chromium.chrome.browser.customtabs.CustomTabActivity}: Setting back callback null
03-13 00:15:50.014  2101  2879 V ActivityManager: New death recipient com.android.server.am.ActivityManagerService$AppDeathRecipient@575302a for thread android.os.BinderProxy@20e7e1b
03-13 00:15:50.016  2101  2879 I START_DEBUG: send BINDTIMEOUT    ProcessRecord :ProcessRecord{eda301e 17157:com.android.vending:background/u0a149}
03-13 00:15:50.016  2101  2879 I START_DEBUG: remove START_TIMEOUT finish    ProcessRecord :ProcessRecord{eda301e 17157:com.android.vending:background/u0a149}
03-13 00:15:50.017  2101  2879 D OomAdjuster: process : com.android.vending:background, pid = 17157, isTop = false, uid = 10149, hasActivity = false
03-13 00:15:50.017  2101  2879 D OomAdjuster: process : com.android.vending:background is not top!
03-13 00:15:50.021  2101  4593 D OomAdjuster: process : in.amazon.mShop.android.shopping, pid = 16741, isTop = false, uid = 10449, hasActivity = false
03-13 00:15:50.021  2101  4593 D OomAdjuster: process : in.amazon.mShop.android.shopping is not top!
03-13 00:15:50.027  2101  4598 D Dragonite: acquire handle 95
03-13 00:15:50.028  2101  2278 D Dragonite: sceneId = 2, pid = 2866, packageName = com.nothing.launcher, duration = 60000, params = null
03-13 00:15:50.030  2101  2879 D WindowManager: setParent old=ActivityRecord{228809940 u0 com.brave.browser/org.chromium.chrome.browser.customtabs.CustomTabActivity t1337 f}},new=null,this window=Window{223de0f u0 com.brave.browser/org.chromium.chrome.browser.customtabs.CustomTabActivity},callers=com.android.server.wm.WindowContainer.removeChild:896 com.android.server.wm.ActivityRecord.removeChild:4597 com.android.server.wm.ActivityRecord.removeChild:403 com.android.server.wm.WindowContainer.removeImmediately:949 com.android.server.wm.WindowState.removeImmediately:2255 com.android.server.wm.WindowState.removeIfPossible:2444 
03-13 00:15:50.043  2101  2474 D BackgroundInstallControlService: Package event received: 0
03-13 00:15:50.043  2101  4127 D WindowManager: setParent old=Task{a44a2b9 #1337 type=standard A=10722:io.warera.twa},new=null,this window=ActivityRecord{228809940 u0 com.brave.browser/org.chromium.chrome.browser.customtabs.CustomTabActivity t1337 f}},callers=com.android.server.wm.WindowContainer.removeChild:896 com.android.server.wm.TaskFragment.removeChild:3274 com.android.server.wm.Task.removeChild:1569 com.android.server.wm.Task.removeChild:1552 com.android.server.wm.WindowContainer.removeImmediately:949 com.android.server.wm.WindowToken.removeImmediately:337 
03-13 00:15:50.043  2101  2189 D ActivityManager: uid = 10149, pid = 17157, processName = com.android.vending:background is not top app, set nt foreground
03-13 00:15:50.051  2101  4127 D WindowManager: setParent old=DefaultTaskDisplayArea@214220124,new=null,this window=Task{a44a2b9 #1337 type=standard A=10722:io.warera.twa},callers=com.android.server.wm.WindowContainer.removeChild:896 com.android.server.wm.TaskDisplayArea.removeChildTask:357 com.android.server.wm.TaskDisplayArea.removeChild:348 com.android.server.wm.WindowContainer.removeImmediately:949 com.android.server.wm.TaskFragment.removeImmediately:3358 com.android.server.wm.Task.removeImmediately:2853 
03-13 00:15:50.090  2101  2101 D OomAdjuster: process : com.google.android.gms.ui, pid = 8762, isTop = false, uid = 10145, hasActivity = false
03-13 00:15:50.090  2101  2101 D OomAdjuster: process : com.google.android.gms.ui is not top!
03-13 00:15:50.115  2101  2879 E ProcessStats: Executing service ServiceState{fb404ae org.chromium.content.app.SandboxedProcessService0 pkg=com.brave.browser proc=c4a4c2b} without owner
03-13 00:15:50.118  2101  2879 E ProcessStats: Binding service ServiceState{fb404ae org.chromium.content.app.SandboxedProcessService0 pkg=com.brave.browser proc=c4a4c2b} without owner
03-13 00:15:50.119  2101  2879 E ProcessStats: Starting service ServiceState{fb404ae org.chromium.content.app.SandboxedProcessService0 pkg=com.brave.browser proc=c4a4c2b} without owner
03-13 00:15:50.119  2101  2879 E ProcessStats: Binding service ServiceState{fb404ae org.chromium.content.app.SandboxedProcessService0 pkg=com.brave.browser proc=c4a4c2b} without owner
03-13 00:15:50.119  2101  2879 I ActivityManager: Killing 15213:com.brave.browser:sandboxed_process0:org.chromium.content.app.SandboxedProcessService0:11/u0a250i-8989 (adj 0): isolated not needed
03-13 00:15:50.120  2101  2101 D MBrainLocalService: notifyAppLifeCycle failed
03-13 00:15:50.152  2101  4127 D NtMemoryManager: not set com.brave.browser adj to -1
03-13 00:15:50.155  2101  3167 D NtMemoryManager: not set com.brave.browser adj to -1
03-13 00:15:50.415  2101  2879 V ActivityManager: Death received in com.android.server.am.ActivityManagerService$AppDeathRecipient@6948d82 for thread android.os.BinderProxy@4ea0c93
03-13 00:15:50.415  2101  2879 I START_DEBUG: remove ALL_TIMEOUT cleanup   ProcessRecord :ProcessRecord{84fc91 14988:com.brave.browser:sandboxed_process0:org.chromium.content.app.SandboxedProcessService0:1/u0a250i-8999}
03-13 00:15:50.423  2101  2190 I ActivityManager: Process PhantomProcessRecord {7fdbadf 17156:16741:sh/u0a449} died
03-13 00:15:50.477  2101  4593 V ActivityManager: Death received in com.android.server.am.ActivityManagerService$AppDeathRecipient@9025ccc for thread android.os.BinderProxy@fdb15
03-13 00:15:50.478  2101  4593 I START_DEBUG: remove ALL_TIMEOUT cleanup   ProcessRecord :ProcessRecord{5125e88 15213:com.brave.browser:sandboxed_process0:org.chromium.content.app.SandboxedProcessService0:11/u0a250i-8989}
03-13 00:15:50.514  2101  2474 D BackgroundInstallControlService: Package event received: 0
03-13 00:15:50.529  2101  2188 I ActivityManager: Start proc 17196:com.google.android.rkpdapp/u0a291 for service {com.google.android.rkpdapp/com.android.rkpdapp.service.RemoteProvisioningService}
03-13 00:15:50.529  2101  2188 I START_DEBUG: send START_TIMEOUT message    ProcessRecord :ProcessRecord{35eda2e 17196:com.google.android.rkpdapp/u0a291}
03-13 00:15:50.529  2101  2188 I ActivityManager: ProcessObserver broadcast disabled
03-13 00:15:50.554  2101  4127 V ActivityManager: New death recipient com.android.server.am.ActivityManagerService$AppDeathRecipient@f0ef548 for thread android.os.BinderProxy@5ca8fe1
03-13 00:15:50.555  2101  4127 I START_DEBUG: send BINDTIMEOUT    ProcessRecord :ProcessRecord{35eda2e 17196:com.google.android.rkpdapp/u0a291}
03-13 00:15:50.555  2101  4127 I START_DEBUG: remove START_TIMEOUT finish    ProcessRecord :ProcessRecord{35eda2e 17196:com.google.android.rkpdapp/u0a291}
03-13 00:15:50.556  2101  4127 D OomAdjuster: process : com.google.android.rkpdapp, pid = 17196, isTop = false, uid = 10291, hasActivity = false
03-13 00:15:50.556  2101  4127 D OomAdjuster: process : com.google.android.rkpdapp is not top!
03-13 00:15:50.564  2101  4127 I START_DEBUG: remove BIND_TIMEOUT finish    ProcessRecord :ProcessRecord{eda301e 17157:com.android.vending:background/u0a149}
03-13 00:15:50.576  2101  4598 D Dragonite: release 95
03-13 00:15:50.576  2101  2278 D Dragonite: sceneId = 200, pid = 17057, packageName = com.nothing.camera, duration = 1500, params = null
03-13 00:15:50.579  2101  2189 D ActivityManager: uid = 10291, pid = 17196, processName = com.google.android.rkpdapp is not top app, set nt foreground
03-13 00:15:50.668  2101  4598 I START_DEBUG: remove BIND_TIMEOUT finish    ProcessRecord :ProcessRecord{35eda2e 17196:com.google.android.rkpdapp/u0a291}
03-13 00:15:50.669  2101  2474 D BackgroundInstallControlService: Package event received: 0
03-13 00:15:50.879  2101  2277 D Dragonite: release 1
03-13 00:15:50.879  2101  2278 D Dragonite: sceneId = 102, pid = 2556, packageName = com.android.systemui, duration = 5000, params = null
03-13 00:15:51.610  2101  2101 D MBrainLocalService: notifyAudioModeChange failed
03-13 00:15:52.098  2101  2474 D BackgroundInstallControlService: Package event received: 0
03-13 00:15:53.945  2101  2277 D Dragonite: release 98
03-13 00:15:54.603  2101  4127 D AS.AudioService: [reportAudioTrackStatusChanged]start broadcast, pid = 14782, uid = 10250, status = 1, streamType = 3, pkgName = , sessionId = 7761
03-13 00:15:54.604  2101  4127 D AS.AudioService: [reportAudioTrackStatusChanged]finish broadcast
03-13 00:15:54.617  2101  2759 D NtBoostAdjusterImpl: onThermalStatus: [ThermalInfo{mType=cpu, mStatus=1}]
03-13 00:15:55.353  2101  2195 D OomAdjuster: set group = 0
03-13 00:15:55.356  2101  2474 D BackgroundInstallControlService: Package event received: 0
03-13 00:15:55.571  2101  2474 D BackgroundInstallControlService: Package event received: 0
03-13 00:15:56.611  2101  2101 D MBrainLocalService: notifyAudioModeChange failed
03-13 00:15:57.860  2101  2474 D BackgroundInstallControlService: Package event received: 0
03-13 00:15:58.322  2101  2283 D ActivityManager: freezing 16370 com.android.vending
03-13 00:16:00.132  2101  2283 D ActivityManager: freezing 16741 in.amazon.mShop.android.shopping
03-13 00:16:00.153  2101  2283 D ActivityManager: freezing 14908 com.brave.browser:privileged_process0
03-13 00:16:00.155  2101  2283 D ActivityManager: freezing 14782 com.brave.browser
03-13 00:16:00.595  2101  2283 D ActivityManager: freezing 17157 com.android.vending:background
03-13 00:16:00.691  2101  2283 D ActivityManager: freezing 17196 com.google.android.rkpdapp
03-13 00:16:01.294   871 16948 I keystore2: system/security/keystore2/watchdog/src/lib.rs:377 - Watchdog thread idle -> terminating. Have a great day.
03-13 00:16:02.736  2101  2283 D ActivityManager: freezing 16294 com.android.settings
03-13 00:16:02.745  2101  2283 D ActivityManager: freezing 16359 com.android.traceur
03-13 00:16:02.748  2101  2283 D ActivityManager: freezing 16382 com.google.android.accessibility.switchaccess
03-13 00:16:02.762  2101  2283 D ActivityManager: freezing 16399 com.google.android.apps.wellbeing
03-13 00:16:02.777  2101  2283 D ActivityManager: freezing 16559 com.google.android.projection.gearhead:shared
03-13 00:16:02.780  2101  2283 D ActivityManager: freezing 16453 com.google.android.cellbroadcastreceiver
03-13 00:16:02.936  2101  2283 D ActivityManager: freezing 17222 com.google.android.googlequicksearchbox:search
03-13 00:16:02.953  2101  2283 D ActivityManager: freezing 16478 com.google.android.healthconnect.controller
03-13 00:16:03.007  2101  2283 D ActivityManager: freezing 16489 com.google.android.marvin.talkback
03-13 00:16:03.480  2101  2283 D ActivityManager: freezing 16505 com.google.android.permissioncontroller
03-13 00:16:03.582  2101  2283 D ActivityManager: freezing 16520 com.google.android.projection.gearhead:projection
03-13 00:16:03.674  2101  2283 D ActivityManager: freezing 16534 com.nothing.essentialintelligence
03-13 00:16:03.868  2101  2283 D ActivityManager: freezing 8762 com.google.android.gms.ui
03-13 00:16:04.212  2101  2283 D ActivityManager: freezing 16571 com.nothing.userguide
03-13 00:16:05.809  2101  2264 I NtCharge: mLastBatteryCycleCount:214
03-13 00:16:05.822  2101  2264 D NtCharge:  currentTimeInDay: 20524 LastTimeInDay: 20159 diff: 365
03-13 00:16:08.337  2101  2283 D ActivityManager: freezing 16838 in.amazon.mShop.android.shopping:upiSdkProcess
03-13 00:16:16.060  2101  2264 I NtCharge: mLastBatteryCycleCount:214
03-13 00:16:16.071  2101  2264 D NtCharge:  currentTimeInDay: 20524 LastTimeInDay: 20159 diff: 365
03-13 00:16:20.553  2101  2187 D CompatChangeReporter: Compat change id reported: 151861875; UID 10723; state: ENABLED
03-13 00:16:20.570  2101  2188 I ActivityManager: Start proc 17546:com.meesho.supply/u0a723 for broadcast {com.meesho.supply/com.google.firebase.iid.FirebaseInstanceIdReceiver}
03-13 00:16:20.570  2101  2188 I START_DEBUG: send START_TIMEOUT message    ProcessRecord :ProcessRecord{1663f71 17546:com.meesho.supply/u0a723}
03-13 00:16:20.570  2101  2188 I ActivityManager: ProcessObserver broadcast disabled
03-13 00:16:20.572  2101  2474 D BackgroundInstallControlService: Package event received: 0
03-13 00:16:20.590  2101  2257 V ActivityManager: New death recipient com.android.server.am.ActivityManagerService$AppDeathRecipient@29d852e for thread android.os.BinderProxy@b39e8cf
03-13 00:16:20.592  2101  2257 I START_DEBUG: send BINDTIMEOUT    ProcessRecord :ProcessRecord{1663f71 17546:com.meesho.supply/u0a723}
03-13 00:16:20.592  2101  2257 I START_DEBUG: remove START_TIMEOUT finish    ProcessRecord :ProcessRecord{1663f71 17546:com.meesho.supply/u0a723}
03-13 00:16:20.592  2101  2257 D OomAdjuster: process : com.meesho.supply, pid = 17546, isTop = false, uid = 10723, hasActivity = false
03-13 00:16:20.592  2101  2257 D OomAdjuster: process : com.meesho.supply is not top!
03-13 00:16:20.621  2101  2189 D ActivityManager: uid = 10723, pid = 17546, processName = com.meesho.supply is not top app, set nt foreground
03-13 00:16:20.782  2101  4127 D CompatChangeReporter: Compat change id reported: 319212206; UID 10723; state: ENABLED
03-13 00:16:20.822  2101  2474 D BackgroundInstallControlService: Package event received: 0
03-13 00:16:20.825  2101  2474 D BackgroundInstallControlService: Package event received: 0
03-13 00:16:20.959  2101  4127 D CompatChangeReporter: Compat change id reported: 297989574; UID 10723; state: ENABLED
03-13 00:16:20.996 17546 17546 V Configuration: Updating configuration, locales updated from [en_GB] to [en,en_GB]
03-13 00:16:21.006  2101  4127 I START_DEBUG: remove BIND_TIMEOUT finish    ProcessRecord :ProcessRecord{1663f71 17546:com.meesho.supply/u0a723}
03-13 00:16:21.023  2101  2474 D BackgroundInstallControlService: Package event received: 0
03-13 00:16:21.045  2101  2474 D BackgroundInstallControlService: Package event received: 0
03-13 00:16:21.045  2101  2257 D OomAdjuster: process : com.android.vending, pid = 16370, isTop = false, uid = 10149, hasActivity = false
03-13 00:16:21.045  2101  2257 D OomAdjuster: process : com.android.vending is not top!
03-13 00:16:21.046  2101  2257 D ActivityManager: sync unfroze 16370 com.android.vending for 6
03-13 00:16:21.047  2101  2474 D BackgroundInstallControlService: Package event received: 0
03-13 00:16:21.047  2101  2257 D OomAdjuster: process : com.android.vending:background, pid = 17157, isTop = false, uid = 10149, hasActivity = false
03-13 00:16:21.047  2101  2257 D OomAdjuster: process : com.android.vending:background is not top!
03-13 00:16:21.049  2101  2257 D ActivityManager: sync unfroze 17157 com.android.vending:background for 6
03-13 00:16:21.049  2101  2474 D BackgroundInstallControlService: Package event received: 0
03-13 00:16:21.054  2101  2559 W ProcessStats: Tracking association SourceState{f7dc05a com.android.vending/10149 BTop #109597} whose proc state 2 is better than process ProcessState{44ae50c com.android.vending:background/10149 pkg=com.android.vending} proc state 14 (363 skipped)
03-13 00:16:21.065  2101  2257 D CompatChangeReporter: Compat change id reported: 311208629; UID 10723; state: ENABLED
03-13 00:16:21.101  2101  2559 D CompatChangeReporter: Compat change id reported: 311402873; UID 10723; state: ENABLED
03-13 00:16:21.101  2101  2559 D CompatChangeReporter: Compat change id reported: 323349338; UID 10723; state: ENABLED
03-13 00:16:21.102  2101  2559 E JobScheduler.JobStatus: App com.meesho.supply became active but still in NEVER bucket
03-13 00:16:21.106  2101  2983 W JobScheduler: Job didn't exist in JobStore: e4ba9ee #u0a723/1403728083 com.meesho.supply/com.google.android.datatransport.runtime.scheduling.jobscheduling.JobInfoSchedulerService
03-13 00:16:21.129  2101  2559 E JobScheduler.JobStatus: App com.meesho.supply became active but still in NEVER bucket
03-13 00:16:22.109  2101  2283 D ActivityManager: freezing 10553 com.android.settings.intelligence
03-13 00:16:22.112  2101  2283 D ActivityManager: freezing 9097 com.nothing.logkit
03-13 00:16:25.364  2101  2283 D ActivityManager: freezing 17057 com.nothing.camera
03-13 00:16:26.360  2101  2283 D ActivityManager: freezing 17044 com.nothing.soundrecorder
03-13 00:16:26.363  2101  2283 D ActivityManager: freezing 17073 com.nothing.communitywidgets
03-13 00:16:31.089  2101  2559 W ProcessStats: Tracking association SourceState{f7dc05a com.android.vending/10149 BTop #109615} whose proc state 2 is better than process ProcessState{44ae50c com.android.vending:background/10149 pkg=com.android.vending} proc state 14 (19 skipped)
03-13 00:16:31.718  2101  2187 D CompatChangeReporter: Compat change id reported: 151861875; UID 10361; state: ENABLED
03-13 00:16:31.740  2101  2188 I ActivityManager: Start proc 17675:com.flipkart.android/u0a361 for broadcast {com.flipkart.android/com.flipkart.pushnotification.receivers.FCMIntentReceiver}
03-13 00:16:31.741  2101  2188 I START_DEBUG: send START_TIMEOUT message    ProcessRecord :ProcessRecord{5380af1 17675:com.flipkart.android/u0a361}
03-13 00:16:31.741  2101  2188 I ActivityManager: ProcessObserver broadcast disabled
03-13 00:16:31.779  2101  2559 V ActivityManager: New death recipient com.android.server.am.ActivityManagerService$AppDeathRecipient@c31652d for thread android.os.BinderProxy@ba9fa62
03-13 00:16:31.783  2101  2559 I START_DEBUG: send BINDTIMEOUT    ProcessRecord :ProcessRecord{5380af1 17675:com.flipkart.android/u0a361}
03-13 00:16:31.783  2101  2559 I START_DEBUG: remove START_TIMEOUT finish    ProcessRecord :ProcessRecord{5380af1 17675:com.flipkart.android/u0a361}
03-13 00:16:31.783  2101  2559 D OomAdjuster: process : com.flipkart.android, pid = 17675, isTop = false, uid = 10361, hasActivity = false
03-13 00:16:31.783  2101  2559 D OomAdjuster: process : com.flipkart.android is not top!
03-13 00:16:31.790  2101  2189 D ActivityManager: uid = 10361, pid = 17675, processName = com.flipkart.android is not top app, set nt foreground
03-13 00:16:31.938 17675 17675 V Configuration: Updating configuration, locales updated from [en_GB] to [en]
03-13 00:16:32.101 17675 17706 D MbrainDebugManagerImpl: getService failed
03-13 00:16:32.138  2101  2474 D BackgroundInstallControlService: Package event received: 0
03-13 00:16:32.154  2101  2559 I START_DEBUG: remove BIND_TIMEOUT finish    ProcessRecord :ProcessRecord{5380af1 17675:com.flipkart.android/u0a361}
03-13 00:16:32.172  2101  2188 I ActivityManager: Start proc 17727:com.instagram.android/u0a412 for broadcast {com.instagram.android/com.instagram.analytics.uploadscheduler.AnalyticsUploadAlarmReceiver}
03-13 00:16:32.172  2101  2188 I START_DEBUG: send START_TIMEOUT message    ProcessRecord :ProcessRecord{11e5310 17727:com.instagram.android/u0a412}
03-13 00:16:32.172  2101  2188 I ActivityManager: ProcessObserver broadcast disabled
03-13 00:16:32.183  2101  2983 D CompatChangeReporter: Compat change id reported: 311402873; UID 10361; state: ENABLED
03-13 00:16:32.184  2101  2983 D CompatChangeReporter: Compat change id reported: 323349338; UID 10361; state: ENABLED
03-13 00:16:32.189  2101  2559 V ActivityManager: New death recipient com.android.server.am.ActivityManagerService$AppDeathRecipient@898571a for thread android.os.BinderProxy@b83324b
03-13 00:16:32.190  2101  2559 I START_DEBUG: send BINDTIMEOUT    ProcessRecord :ProcessRecord{11e5310 17727:com.instagram.android/u0a412}
