03-13 00:15:46.009  2101  2187 D VibratorManagerService: Check AppOp mode VIBRATE for uid 10193 and package com.nothing.launcher returned audio=allow, op=allow
03-13 00:15:46.009  2101  2187 D VibratorManagerService: Check AppOp mode VIBRATE for uid 10193 and package com.nothing.launcher returned audio=allow, op=allow
03-13 00:15:46.009  2101  2187 D VibratorManagerService: Check AppOp mode VIBRATE for uid 10193 and package com.nothing.launcher returned audio=allow, op=allow
03-13 00:15:46.010  2101  2187 D VibratorManagerService: Check AppOp mode VIBRATE for uid 10193 and package com.nothing.launcher returned audio=allow, op=allow
03-13 00:15:46.010  2101  2187 D VibratorManagerService: Check AppOp mode VIBRATE for uid 10193 and package com.nothing.launcher returned audio=allow, op=allow
03-13 00:15:46.010  2101  2187 D VibratorManagerService: Check AppOp mode VIBRATE for uid 10193 and package com.nothing.launcher returned audio=allow, op=allow
03-13 00:15:46.010  2101  2187 D VibratorManagerService: Check AppOp mode VIBRATE for uid 10193 and package com.nothing.launcher returned audio=allow, op=allow
03-13 00:15:46.010  2101  2187 D VibratorManagerService: Check AppOp mode VIBRATE for uid 10193 and package com.nothing.launcher returned audio=allow, op=allow
03-13 00:15:46.010  2101  2187 D VibratorManagerService: Check AppOp mode VIBRATE for uid 10193 and package com.nothing.launcher returned audio=allow, op=allow
03-13 00:15:46.011  2101  2187 D VibratorManagerService: Check AppOp mode VIBRATE for uid 10193 and package com.nothing.launcher returned audio=allow, op=allow
03-13 00:15:46.034  2101  2286 D VibratorManagerService: VibrationThread released vibration 3445
03-13 00:15:46.034  2101  2286 D VibratorManagerService: Vibrators released after finished vibration mVibrators size1
03-13 00:15:46.034  2101  2286 D VibratorManagerService: Finish AppOp mode VIBRATE for uid 10193 and package com.nothing.launcher
03-13 00:15:46.035  2101  2286 D VibratorManagerService: Vibration for uid=10193 and with attrs=VibrationAttributes{mUsage=TOUCH, mAudioUsage= USAGE_ASSISTANCE_SONIFICATION, mFlags=0} ended with status FINISHED
03-13 00:15:46.200  2101  2759 D NtBoostAdjusterImpl: tryRestoreThreadPriority: pid = 2168, counting = 0
03-13 00:15:46.214  2101  2759 D NtBoostAdjusterImpl: tryRestoreThreadPriority: pid = 7444, counting = 0
03-13 00:15:46.364  2101  4220 D Dragonite: release 92
03-13 00:15:46.387  2101  2474 D BackgroundInstallControlService: Package event received: 0
03-13 00:15:46.391  2556  2662 D WindowManagerShell: setLauncherKeepClearAreaHeight: visible=true, height=245
03-13 00:15:46.391  2556  2580 V ShellRecents: [7280960] RecentsController.detachNavigationBarFromApp
03-13 00:15:46.394  2101  2474 D BackgroundInstallControlService: Package event received: 0
03-13 00:15:46.397  2101  2474 D BackgroundInstallControlService: Package event received: 0
03-13 00:15:46.412  2101  2188 I ActivityManager: Start proc 16760:com.google.android.googlequicksearchbox:googleapp/u0a151 for service {com.google.android.googlequicksearchbox/com.google.android.apps.gsa.nowoverlayservice.DrawerOverlayService}
03-13 00:15:46.415  2101  2188 I START_DEBUG: send START_TIMEOUT message    ProcessRecord :ProcessRecord{4b5df56 16760:com.google.android.googlequicksearchbox:googleapp/u0a151}
03-13 00:15:46.415  2101  2188 I ActivityManager: ProcessObserver broadcast disabled
03-13 00:15:46.422  2101  2660 D OomAdjuster: process : android.process.acore, pid = 16331, isTop = false, uid = 10073, hasActivity = false
03-13 00:15:46.422  2101  2660 D OomAdjuster: process : android.process.acore is not top!
03-13 00:15:46.425  2101  2474 D BackgroundInstallControlService: Package event received: 0
03-13 00:15:46.425  2101  2474 D BackgroundInstallControlService: Package event received: 0
03-13 00:15:46.427  2101  2474 D BackgroundInstallControlService: Package event received: 0
03-13 00:15:46.429  2101  2474 D BackgroundInstallControlService: Package event received: 0
03-13 00:15:46.438  2101  2660 V ActivityManager: New death recipient com.android.server.am.ActivityManagerService$AppDeathRecipient@ae6fe73 for thread android.os.BinderProxy@5d39130
03-13 00:15:46.440  2101  2660 I START_DEBUG: send BINDTIMEOUT    ProcessRecord :ProcessRecord{4b5df56 16760:com.google.android.googlequicksearchbox:googleapp/u0a151}
03-13 00:15:46.440  2101  2660 I START_DEBUG: remove START_TIMEOUT finish    ProcessRecord :ProcessRecord{4b5df56 16760:com.google.android.googlequicksearchbox:googleapp/u0a151}
03-13 00:15:46.440  2101  2660 D OomAdjuster: process : com.google.android.googlequicksearchbox:googleapp, pid = 16760, isTop = false, uid = 10151, hasActivity = false
03-13 00:15:46.440  2101  2660 D OomAdjuster: process : com.google.android.googlequicksearchbox:googleapp is not top!
03-13 00:15:46.462  2101  2189 D ActivityManager: uid = 10151, pid = 16760, processName = com.google.android.googlequicksearchbox:googleapp is not top app, set nt foreground
03-13 00:15:46.720 16741 16794 D MbrainDebugManagerImpl: getService failed
03-13 00:15:46.732  2101  2660 D OomAdjuster: process : com.android.traceur, pid = 16359, isTop = false, uid = 10115, hasActivity = false
03-13 00:15:46.732  2101  2660 D OomAdjuster: process : com.android.traceur is not top!
03-13 00:15:46.732  2101  2660 D ActivityManager: sync unfroze 16359 com.android.traceur for 7
03-13 00:15:46.733  2101  2474 D BackgroundInstallControlService: Package event received: 0
03-13 00:15:46.738  2101  2660 D OomAdjuster: process : com.google.android.accessibility.switchaccess, pid = 16382, isTop = false, uid = 10168, hasActivity = false
03-13 00:15:46.738  2101  2660 D OomAdjuster: process : com.google.android.accessibility.switchaccess is not top!
03-13 00:15:46.738  2101  2660 D ActivityManager: sync unfroze 16382 com.google.android.accessibility.switchaccess for 7
03-13 00:15:46.740  2101  2474 D BackgroundInstallControlService: Package event received: 0
03-13 00:15:46.746  2101  2660 D OomAdjuster: process : com.google.android.apps.messaging, pid = 14145, isTop = false, uid = 10147, hasActivity = false
03-13 00:15:46.746  2101  2660 D OomAdjuster: process : com.google.android.apps.messaging is not top!
03-13 00:15:46.747  2101  2474 D BackgroundInstallControlService: Package event received: 0
03-13 00:15:46.754  2101  2660 D OomAdjuster: process : com.google.android.apps.wellbeing, pid = 16399, isTop = false, uid = 10150, hasActivity = false
03-13 00:15:46.754  2101  2660 D OomAdjuster: process : com.google.android.apps.wellbeing is not top!
03-13 00:15:46.754  2101  2660 D ActivityManager: sync unfroze 16399 com.google.android.apps.wellbeing for 7
03-13 00:15:46.754  2101  2983 D Dragonite: acquire handle 96
03-13 00:15:46.755  2101  2474 D BackgroundInstallControlService: Package event received: 0
03-13 00:15:46.755  2101  2278 D Dragonite: sceneId = 2, pid = 2866, packageName = com.nothing.launcher, duration = 60000, params = null
03-13 00:15:46.761  2101  2660 D OomAdjuster: process : com.google.android.cellbroadcastreceiver, pid = 16453, isTop = false, uid = 10214, hasActivity = false
03-13 00:15:46.761  2101  2660 D OomAdjuster: process : com.google.android.cellbroadcastreceiver is not top!
03-13 00:15:46.762  2101  2660 D ActivityManager: sync unfroze 16453 com.google.android.cellbroadcastreceiver for 7
03-13 00:15:46.762  2101  2474 D BackgroundInstallControlService: Package event received: 0
03-13 00:15:46.839  2101  4220 D BiometricService: canAuthenticate: User=0, Caller=0, Authenticators=65536
03-13 00:15:46.840  2101  4220 D BiometricService/PreAuthInfo: getCanAuthenticateInternal Modality: 0 AuthenticatorStatus: 13
03-13 00:15:46.840  2101  4220 D AuthService: canAuthenticate, userId: 0, callingUserId: 0, authenticators: 65536, result: 20
03-13 00:15:46.840  2101  4220 D BiometricService: canAuthenticate: User=0, Caller=0, Authenticators=15
03-13 00:15:46.840  2101  4220 D BiometricService/PreAuthInfo: Package: com.google.android.gms Sensor ID: 4 Modality: 8 User id: 0 Status: 4
03-13 00:15:46.841  2101  4220 E MultiBiometricLockoutState: getAuthMapForUser : 0 containsKey:true
03-13 00:15:46.841  2101  4220 E MultiBiometricLockoutState: getLockoutState strength:15 mPermanentlyLockedOut: false mTimedLockout:false
03-13 00:15:46.841  2101  4220 D BiometricService/PreAuthInfo: Package: com.google.android.gms Sensor ID: 0 Modality: 2 User id: 0 Status: 1
03-13 00:15:46.841  2101  4220 D BiometricService/PreAuthInfo: getCanAuthenticateInternal Modality: 2 AuthenticatorStatus: 1
03-13 00:15:46.841  2101  4220 D AuthService: canAuthenticate, userId: 0, callingUserId: 0, authenticators: 15, result: 0
03-13 00:15:46.886  2101  2644 D OomAdjuster: process : com.google.android.googlequicksearchbox:search, pid = 17222, isTop = false, uid = 10151, hasActivity = false
03-13 00:15:46.886  2101  2644 D OomAdjuster: process : com.google.android.googlequicksearchbox:search is not top!
03-13 00:15:46.887  2101  2644 D ActivityManager: sync unfroze 17222 com.google.android.googlequicksearchbox:search for 7
03-13 00:15:46.889  2101  2474 D BackgroundInstallControlService: Package event received: 0
03-13 00:15:46.910 16741 16800 V ResourcesManager: The following library key has been added: ResourcesKey{ mHash=df89e3c8 mResDir=null mSplitDirs=[] mOverlayDirs=[] mLibDirs=[/data/app/~~HQbNJnXtOaiTv5nNCjE6ww==/com.google.android.webview-yvITum0kc9MLzUrIiH8Yzg==/base.apk,/system/framework/android.test.base.jar] mDisplayId=0 mOverrideConfig=v36 mCompatInfo={420dpi always-compat} mLoaders=[]}
03-13 00:15:46.915  2101  2983 D OomAdjuster: process : com.google.android.healthconnect.controller, pid = 16478, isTop = false, uid = 10229, hasActivity = false
03-13 00:15:46.915  2101  2983 D OomAdjuster: process : com.google.android.healthconnect.controller is not top!
03-13 00:15:46.915  2101  2983 D ActivityManager: sync unfroze 16478 com.google.android.healthconnect.controller for 7
03-13 00:15:46.916  2101  2474 D BackgroundInstallControlService: Package event received: 0
03-13 00:15:46.945  2101  2983 D OomAdjuster: process : com.google.android.marvin.talkback, pid = 16489, isTop = false, uid = 10178, hasActivity = false
03-13 00:15:46.945  2101  2983 D OomAdjuster: process : com.google.android.marvin.talkback is not top!
03-13 00:15:46.945  2101  2983 D ActivityManager: sync unfroze 16489 com.google.android.marvin.talkback for 7
03-13 00:15:46.946  2101  2474 D BackgroundInstallControlService: Package event received: 0
03-13 00:15:46.967  2101  2983 D OomAdjuster: process : com.google.android.permissioncontroller, pid = 16505, isTop = false, uid = 10224, hasActivity = false
03-13 00:15:46.967  2101  2983 D OomAdjuster: process : com.google.android.permissioncontroller is not top!
03-13 00:15:46.967  2101  2983 D ActivityManager: sync unfroze 16505 com.google.android.permissioncontroller for 7
03-13 00:15:46.968  2101  2474 D BackgroundInstallControlService: Package event received: 0
03-13 00:15:46.970  2101  2188 I ActivityManager: Start proc 16838:in.amazon.mShop.android.shopping:upiSdkProcess/u0a449 for broadcast {in.amazon.mShop.android.shopping/org.npci.upi.security.pinactivitycomponent.ClMessengerReceiver}
03-13 00:15:46.970  2101  2188 I START_DEBUG: send START_TIMEOUT message    ProcessRecord :ProcessRecord{dc4aff2 16838:in.amazon.mShop.android.shopping:upiSdkProcess/u0a449}
03-13 00:15:46.970  2101  2188 I ActivityManager: ProcessObserver broadcast disabled
03-13 00:15:46.988  2101  2983 V ActivityManager: New death recipient com.android.server.am.ActivityManagerService$AppDeathRecipient@103bb31 for thread android.os.BinderProxy@a85d216
03-13 00:15:46.990  2101  2983 I START_DEBUG: send BINDTIMEOUT    ProcessRecord :ProcessRecord{dc4aff2 16838:in.amazon.mShop.android.shopping:upiSdkProcess/u0a449}
03-13 00:15:46.990  2101  2983 I START_DEBUG: remove START_TIMEOUT finish    ProcessRecord :ProcessRecord{dc4aff2 16838:in.amazon.mShop.android.shopping:upiSdkProcess/u0a449}
03-13 00:15:46.990  2101  2983 D OomAdjuster: process : in.amazon.mShop.android.shopping:upiSdkProcess, pid = 16838, isTop = false, uid = 10449, hasActivity = false
03-13 00:15:46.990  2101  2983 D OomAdjuster: process : in.amazon.mShop.android.shopping:upiSdkProcess is not top!
03-13 00:15:47.016 16760 16852 D MbrainDebugManagerImpl: getService failed
03-13 00:15:47.018  2101  2474 D BackgroundInstallControlService: Package event received: 0
03-13 00:15:47.019  2101  2189 D ActivityManager: uid = 10449, pid = 16838, processName = in.amazon.mShop.android.shopping:upiSdkProcess is not top app, set nt foreground
03-13 00:15:47.045  2101  4220 I START_DEBUG: remove BIND_TIMEOUT finish    ProcessRecord :ProcessRecord{4b5df56 16760:com.google.android.googlequicksearchbox:googleapp/u0a151}
03-13 00:15:47.049  2101  4220 D Dragonite: release 96
03-13 00:15:47.049  2101  2474 D BackgroundInstallControlService: Package event received: 0
03-13 00:15:47.057 16741 16741 V Configuration: Updating configuration, locales updated from [en_GB] to [en_IN]
03-13 00:15:47.114 16760 16760 I DisplayManager: Implicitly registering for refresh rate
03-13 00:15:47.126  2101  4220 W WindowManager: Changing focus from Window{6b4145b u0 com.nothing.launcher/com.android.searchlauncher.SearchLauncher} to Window{48d5d29 u0 com.nothing.launcher/com.android.searchlauncher.SearchLauncher} displayId=0 Callers=com.android.server.wm.RootWindowContainer.updateFocusedWindowLocked:494 com.android.server.wm.WindowManagerService.updateFocusedWindowLocked:6824 com.android.server.wm.WindowManagerService.addWindowInner:2008 com.android.server.wm.WindowManagerService.addWindow:1929 
03-13 00:15:47.126  2101  4220 D ActivityCustomizationUtil: uid = 10151
03-13 00:15:47.126  2101  4220 D Dragonite: Scene id: 99 is not exist!
03-13 00:15:47.126  2101  4220 D ActivityCustomizationUtil: boost negative screen success!
03-13 00:15:47.156  2556  2662 V ShellRecents: [7280960] RecentsController.finishInner: toHome=true userLeave=false willFinishToHome=true state=0 hasPausingTasks=true reason=requested
03-13 00:15:47.156  2556  2662 V ShellRecents:   normal finish
03-13 00:15:47.158  2556  2662 V ShellRecents: [7280960] RecentsController.finishInner: Completing finish
03-13 00:15:47.158  2556  2662 V ShellRecents: [7280960] RecentsController.cleanup
03-13 00:15:47.159  2101  2983 D CoreBackPreview: Window{48d5d29 u0 com.nothing.launcher/com.android.searchlauncher.SearchLauncher}: Setting back callback OnBackInvokedCallbackInfo{mCallback=android.window.IOnBackInvokedCallback$Stub$Proxy@93495e, mPriority=1000000, mIsAnimationCallback=false, mOverrideBehavior=0}
03-13 00:15:47.159  2556  2662 V WindowManagerShell: Transition animation finished (aborted=false), notifying core (#1021) android.os.BinderProxy@3ba5cc3@0
03-13 00:15:47.162  2101  4220 E TransitionChain: Can't collect into a chain with no transition
03-13 00:15:47.163  2101  2164 V WindowManager: Finish Transition (#1021): created at 03-13 00:15:45.697 collect-started=0.291ms started=16.222ms ready=23.624ms sent=103.802ms commit=12.798ms finished=1465.054ms
03-13 00:15:47.165  2101  4220 D NtWindowManagerService: setMutedTask: taskId=-1 isMute=false callingPid=2101
03-13 00:15:47.166  2556  2662 V WindowManagerShell: Track 0 became idle
03-13 00:15:47.166  2556  2662 V WindowManagerShell: All active transition animations finished
03-13 00:15:47.166  2556  2662 V ShellRecents: [7280960] RecentsController.finishInner: calling finish callback
03-13 00:15:47.171  2101  2101 E MBrainLocalService: notifyAppSwitch failed
03-13 00:15:47.174 16760 16760 D NtViewRootImpl: mPopUpViewOffsets: offset=(0.0, 0.0), scale=(1.0, 1.0)
03-13 00:15:47.178  2101  2101 E MBrainLocalService: notifyAppSwitch failed
03-13 00:15:47.179  2101  2644 D Dragonite: acquire handle 94
03-13 00:15:47.179  2101  2278 D Dragonite: sceneId = 2, pid = 2866, packageName = com.nothing.launcher, duration = 60000, params = null
03-13 00:15:47.182  2101  2101 E MBrainLocalService: notifyAppSwitch failed
03-13 00:15:47.186  2101  2167 V WindowManager: Unknown focus tokens, dropping reportFocusChanged
03-13 00:15:47.186  2101  2474 D BackgroundInstallControlService: Package event received: 0
03-13 00:15:47.192  2101  2167 D NtMemoryManager: not set com.brave.browser adj to -1
03-13 00:15:47.198  2101  2660 W ActivityManager: Unbind failed: could not find connection for android.os.BinderProxy@52de1d3
03-13 00:15:47.199  2101  4591 W ActivityManager: Unable to start service Intent { act=android.telephony.satellite.SatelliteService xflg=0x4 pkg=com.mediatek.satellite.service } U=0: not found
03-13 00:15:47.270  2101  2295 E NtRefreshRateController:  user switch refresh mode:0
03-13 00:15:47.270  2101  2295 V SettingsProvider: name : peak_refresh_rate appId : 1000
03-13 00:15:47.284  2101  2167 D NtPerfTraceManagerImpl: packageName = com.nothing.launcher, taskId = 1201
03-13 00:15:47.374  2101  4220 D Dragonite: release 94
03-13 00:15:47.403  2101  2660 W WindowManager: Changing focus from Window{48d5d29 u0 com.nothing.launcher/com.android.searchlauncher.SearchLauncher} to Window{6b4145b u0 com.nothing.launcher/com.android.searchlauncher.SearchLauncher} displayId=0 Callers=com.android.server.wm.RootWindowContainer.updateFocusedWindowLocked:494 com.android.server.wm.WindowManagerService.updateFocusedWindowLocked:6824 com.android.server.wm.WindowManagerService.relayoutWindow:2788 com.android.server.wm.Session.relayout:288 
03-13 00:15:47.403  2101  2660 D ActivityCustomizationUtil: uid = 10193
03-13 00:15:47.411  2101  4220 I START_DEBUG: remove BIND_TIMEOUT finish    ProcessRecord :ProcessRecord{dc4aff2 16838:in.amazon.mShop.android.shopping:upiSdkProcess/u0a449}
03-13 00:15:47.415  2101  2271 W JobServiceContext: Sending onNetworkChanged for a job that isn't started. JobStatus{9c5a4e6 androidx.work.systemjobscheduler:u0a449/216 @androidx.work.systemjobscheduler@in.amazon.mShop.android.shopping/androidx.work.impl.background.systemjob.SystemJobService u=0 s=10449 TIME=-46s810ms:none NET READY}
03-13 00:15:47.421 16760 16760 D NtViewRootImpl: mPopUpViewOffsets: offset=(0.0, 0.0), scale=(1.0, 1.0)
03-13 00:15:47.425  2101  2167 D NtPerfTraceManagerImpl: packageName = com.nothing.launcher, taskId = 1201
03-13 00:15:47.427  2866  2866 D NtViewRootImpl: mPopUpViewOffsets: offset=(0.0, 0.0), scale=(1.0, 1.0)
03-13 00:15:47.436  2101  4220 W PackageConfigPersister: App-specific configuration not found for packageName: com.nothing.launcher and userId: 0
03-13 00:15:47.441  2101  2983 W ActivityManager: Unable to start service Intent { act=com.google.android.gms.clearcut.service.START1 xflg=0x4 pkg=com.google.android.gms } U=0: not found
03-13 00:15:47.442  2101  4220 W ActivityManager: Unbind failed: could not find connection for android.os.BinderProxy@fcd382b
03-13 00:15:47.444  2101  4220 W ActivityManager: Unable to start service Intent { act=com.google.android.gms.clearcut.service.START1 xflg=0x4 pkg=com.google.android.gms } U=0: not found
03-13 00:15:47.445  2101  4220 W ActivityManager: Unbind failed: could not find connection for android.os.BinderProxy@dc03488
03-13 00:15:47.477  2101  2660 D OomAdjuster: process : com.google.android.projection.gearhead:projection, pid = 16520, isTop = false, uid = 10124, hasActivity = false
03-13 00:15:47.477  2101  2660 D OomAdjuster: process : com.google.android.projection.gearhead:projection is not top!
03-13 00:15:47.478  2101  2660 D ActivityManager: sync unfroze 16520 com.google.android.projection.gearhead:projection for 7
03-13 00:15:47.478  2101  2660 D OomAdjuster: process : com.google.android.projection.gearhead:shared, pid = 16559, isTop = false, uid = 10124, hasActivity = false
03-13 00:15:47.478  2101  2660 D OomAdjuster: process : com.google.android.projection.gearhead:shared is not top!
03-13 00:15:47.478  2101  2474 D BackgroundInstallControlService: Package event received: 0
03-13 00:15:47.479  2101  2660 D ActivityManager: sync unfroze 16559 com.google.android.projection.gearhead:shared for 7
03-13 00:15:47.480  2101  2474 D BackgroundInstallControlService: Package event received: 0
03-13 00:15:47.559  2101  2660 D OomAdjuster: process : com.nothing.essentialintelligence, pid = 16534, isTop = false, uid = 10281, hasActivity = false
03-13 00:15:47.560  2101  2660 D OomAdjuster: system app not need limit!
03-13 00:15:47.560  2101  2660 D ActivityManager: sync unfroze 16534 com.nothing.essentialintelligence for 7
03-13 00:15:47.560  2101  2474 D BackgroundInstallControlService: Package event received: 0
03-13 00:15:47.597  2101  4220 D ActivityTaskManager: startActivityFromRecents: task=Task{b8ed135 #1335 type=standard A=10293:com.lagradost.quicknovel.debug} moveHomeTaskForward=true getLaunchWindowingMode=0
03-13 00:15:47.597  2101  4220 W ActivityTaskManager: callingPackage for (uid=-1, pid=-1) has no WPC
03-13 00:15:47.598  2101  4220 D BLASTSyncEngine: [DH_DEBUG]scheduleTimeout #1022 success=true timeoutMs=5000 callback=com.android.server.wm.BLASTSyncEngine$SyncGroup$$ExternalSyntheticLambda2@6e0841e
03-13 00:15:47.598  2101  4220 D WindowManager: [SG_DEBUG]Set SyncGroup{id=1022 name=Transition-TO_FRONT} on Task{b8ed135 #1335 type=standard A=10293:com.lagradost.quicknovel.debug}
03-13 00:15:47.601  2101  2101 E MBrainLocalService: notifyAppSwitch failed
03-13 00:15:47.606  2101  2983 D CoreBackPreview: Window{223de0f u0 com.brave.browser/org.chromium.chrome.browser.customtabs.CustomTabActivity}: Setting back callback OnBackInvokedCallbackInfo{mCallback=android.window.IOnBackInvokedCallback$Stub$Proxy@30d94ff, mPriority=-1, mIsAnimationCallback=false, mOverrideBehavior=0}
03-13 00:15:47.607  2556  2662 V WindowManagerShell: Transition requested (#1022): android.os.BinderProxy@4ccbba5 TransitionRequestInfo { type = TO_FRONT, triggerTask = TaskInfo{userId=0 taskId=1335 effectiveUid=10293 displayId=0 isRunning=true baseIntent=Intent { act=android.intent.action.MAIN cat=[android.intent.category.LAUNCHER] flg=0x10100000 cmp=com.lagradost.quicknovel.debug/com.lagradost.quicknovel.MainActivity } baseActivity=ComponentInfo{com.lagradost.quicknovel.debug/com.lagradost.quicknovel.MainActivity} topActivity=ComponentInfo{com.lagradost.quicknovel.debug/com.lagradost.quicknovel.MainActivity} origActivity=null realActivity=ComponentInfo{com.lagradost.quicknovel.debug/com.lagradost.quicknovel.MainActivity} numActivities=1 lastActiveTime=104561204 supportsMultiWindow=true resizeMode=1 isResizeable=true minWidth=-1 minHeight=-1 defaultMinSize=220 token=WCT{android.window.IWindowContainerToken$Stub$Proxy@2f65b7a} topActivityType=1 pictureInPictureParams=null shouldDockBigOverlays=false launchIntoPipHostTaskId=-1 lastParentTaskIdBeforePip=-1 displayCutoutSafeInsets=Rect(0, 126 - 0, 0) topActivityInfo=ActivityInfo{d204f2b com.lagradost.quicknovel.MainActivity} launchCookies=[] positionInParent=Point(0, 0) parentTaskId=-1 isFocused=false isVisible=false isVisibleRequested=false isTopActivityNoDisplay=false isSleeping=false locusId=null displayAreaFeatureId=1 isTopActivityTransparent=false isActivityStackTransparent=false lastNonFullscreenBounds=Rect(277, 691 - 804, 1771) capturedLink=null capturedLinkTimestamp=0 requestedVisibleTypes=-9 topActivityRequestOpenInBrowserEducationTimestamp=0 appCompatTaskInfo=AppCompatTaskInfo { topActivityInSizeCompat=false eligibleForLetterboxEducation= false isLetterboxEducationEnabled= false isLetterboxDoubleTapEnabled= false eligibleForUserAspectRatioButton= false topActivityBoundsLetterboxed= false isFromLetterboxDoubleTap= false topActivityLetterboxVerticalPosition= -1 topActivityLetterboxHorizontalPosition= -1 topActivityLetterboxWidth=-1 topActivityLetterboxHeight=-1 topActivityAppBounds=Rect(0, 126 - 1080, 2336) isUserFullscreenOverrideEnabled=false isSystemFullscreenOverrideEnabled=false hasMinAspectRatioOverride=false topActivityLetterboxBounds=null cameraCompatTaskInfo=CameraCompatTaskInfo { freeformCameraCompatMode=inactive}} topActivityMainWindowFrame=null}, pipChange = null, remoteTransition = RemoteTransition { remoteTransition = android.window.IRemoteTransition$Stub$Proxy@522ff88, appThread = android.app.IApplicationThread$Stub$Proxy@4f26d21, debugName = QuickstepLaunch }, displayChange = null, flags = 0, debugId = 1022 }
03-13 00:15:47.608  2556  2662 D ShellSplitScreen: logExit: no-op, mLoggerSessionId is null
03-13 00:15:47.609  2556  2662 V WindowManagerShell: RemoteTransition directly requested for (#1022) android.os.BinderProxy@4ccbba5: RemoteTransition { remoteTransition = android.window.IRemoteTransition$Stub$Proxy@522ff88, appThread = android.app.IApplicationThread$Stub$Proxy@4f26d21, debugName = QuickstepLaunch }
03-13 00:15:47.610  2556  2662 V WindowManagerShell: Transition (#1022): request handled by DefaultMixedHandler
03-13 00:15:47.612  2101  4163 D NtMemoryManager: mIsHighPressureScene: false : com.lagradost.quicknovel.debug
03-13 00:15:47.612  2101  4163 D NtProcessManager: Top app: com.lagradost.quicknovel.debug
03-13 00:15:47.612  2101  4163 D ActivityManager: quick sync unfreeze 9898 for 1
03-13 00:15:47.614  2101  2474 D BackgroundInstallControlService: Package event received: 0
03-13 00:15:47.616  2101  4163 D WindowManager: [SG_DEBUG]Set SyncGroup{id=1022 name=Transition-TO_FRONT} on ActivityRecord{25710574 u0 com.lagradost.quicknovel.debug/com.lagradost.quicknovel.MainActivity t1335}
03-13 00:15:47.617  2101  4163 V NtGameModeImpl: onAppFocusChanged: pkg=com.lagradost.quicknovel.debug, uid=10293, category=-1, launchMode= 1
03-13 00:15:47.617  2101  4163 D NtPopUpViewImpl: PopUpView: onAppFocusChanged: newTask=Task{b8ed135 #1335 type=standard A=10293:com.lagradost.quicknovel.debug}, showDimmer=false
03-13 00:15:47.617  2101  4163 D NtKafkaEventHelper: onActivityRecordChanged: info com.lagradost.quicknovel.debug:10293:9898
03-13 00:15:47.618  2101  4163 W WindowManager: Changing focus from Window{6b4145b u0 com.nothing.launcher/com.android.searchlauncher.SearchLauncher} to null displayId=0 Callers=com.android.server.wm.RootWindowContainer.updateFocusedWindowLocked:494 com.android.server.wm.WindowManagerService.updateFocusedWindowLocked:6824 com.android.server.wm.ActivityTaskManagerService.setLastResumedActivityUncheckLocked:5275 com.android.server.wm.ActivityTaskSupervisor.updateTopResumedActivityIfNeeded:2419 
03-13 00:15:47.621  2101  2101 E MBrainLocalService: notifyAppSwitch failed
03-13 00:15:47.621  2101  2474 D BackgroundInstallControlService: Package event received: 0
03-13 00:15:47.621  2101  2474 D BackgroundInstallControlService: Package event received: 0
03-13 00:15:47.622  2101  2167 D ActivityManager: sync unfroze 9898 com.lagradost.quicknovel.debug for 1
03-13 00:15:47.622  2101  2474 D BackgroundInstallControlService: Package event received: 0
03-13 00:15:47.626  2101  4163 D WindowManager: [SG_DEBUG]Set SyncGroup{id=1022 name=Transition-TO_FRONT} on ActivityRecord{105923048 u0 com.nothing.launcher/com.android.searchlauncher.SearchLauncher t1201}
03-13 00:15:47.626  2101  4163 D WindowManager: [SG_DEBUG]Set SyncGroup{id=1022 name=Transition-TO_FRONT} on WallpaperWindowToken{2ce495a showWhenLocked=true}
03-13 00:15:47.626  2101  4163 D WindowManager: [SG_DEBUG]Set SyncGroup{id=1022 name=Transition-TO_FRONT} on WallpaperWindowToken{1ae1c81 showWhenLocked=false}
03-13 00:15:47.638  2101  2167 D NtMemoryManager: not set com.brave.browser adj to -1
03-13 00:15:47.639  2530  6993 D SceneManager: TopAPP=com.lagradost.quicknovel.debug
03-13 00:15:47.640  2101  2759 D NtBoostAdjusterImpl: threadPriorityBoost: pid = 2168, duration = 500
03-13 00:15:47.640  2101  2759 D NtBoostAdjusterImpl: tryBoostThreadPriority: pid = 2168, counting = 1
03-13 00:15:47.651  2556  2662 D WindowManagerShell: setLauncherKeepClearAreaHeight: visible=false, height=245
03-13 00:15:47.651  2556  2662 D WindowManagerShell: onActivityRestartAttempt: topActivity=ComponentInfo{com.lagradost.quicknovel.debug/com.lagradost.quicknovel.MainActivity}, wasVisible=false
03-13 00:15:47.652  2101  2759 D NtBoostAdjusterImpl: threadPriorityBoost: pid = 7444, duration = 500
03-13 00:15:47.652  2101  2759 D NtBoostAdjusterImpl: tryBoostThreadPriority: pid = 7444, counting = 1
03-13 00:15:47.657  2101  2660 I WindowManager: Relayout Window{c338ae1 u0 SnapshotStartingWindow for taskId=1335}: oldVis=8 newVis=0 focusMayChange = true requestedWidth = -1 requestedHeight = -1 outFrames = ClientWindowFrames{frame=[0,0][1080,2392] display=[0,0][1080,2392] parentFrame=[0,0][0,0]} outSurfaceControl = Surface(name=SnapshotStartingWindow for taskId=1335)/@0x148e006
03-13 00:15:47.657  2101  4591 D CoreBackPreview: Window{865c86 u0 com.lagradost.quicknovel.debug/com.lagradost.quicknovel.MainActivity}: Setting back callback OnBackInvokedCallbackInfo{mCallback=android.window.IOnBackInvokedCallback$Stub$Proxy@aed66c7, mPriority=0, mIsAnimationCallback=true, mOverrideBehavior=0}
03-13 00:15:47.661  2101  2168 D WindowManager: [SG_DEBUG]Clear [finished]SyncGroup{id=1022 name=Transition-TO_FRONT} on ActivityRecord{25710574 u0 com.lagradost.quicknovel.debug/com.lagradost.quicknovel.MainActivity t1335}
03-13 00:15:47.661  2101  2168 D WindowManager: [SG_DEBUG]Clear [finished]SyncGroup{id=1022 name=Transition-TO_FRONT} on Task{b8ed135 #1335 type=standard A=10293:com.lagradost.quicknovel.debug}
03-13 00:15:47.661  2101  2168 D WindowManager: [SG_DEBUG]Clear [finished]SyncGroup{id=1022 name=Transition-TO_FRONT} on ActivityRecord{105923048 u0 com.nothing.launcher/com.android.searchlauncher.SearchLauncher t1201}
03-13 00:15:47.661  2101  2168 D WindowManager: [SG_DEBUG]Clear [finished]SyncGroup{id=1022 name=Transition-TO_FRONT} on WallpaperWindowToken{2ce495a showWhenLocked=true}
03-13 00:15:47.661  2101  2168 D WindowManager: [SG_DEBUG]Clear [finished]SyncGroup{id=1022 name=Transition-TO_FRONT} on WallpaperWindowToken{1ae1c81 showWhenLocked=false}
03-13 00:15:47.663  2101  2168 D BLASTSyncEngine: [DH_DEBUG]remove timeout #1022 callback=com.android.server.wm.BLASTSyncEngine$SyncGroup$$ExternalSyntheticLambda2@6e0841e
03-13 00:15:47.664  2101  2164 V WindowManager: Sent Transition (#1022) createdAt=03-13 00:15:47.598 via request=TransitionRequestInfo { type = TO_FRONT, triggerTask = TaskInfo{userId=0 taskId=1335 effectiveUid=10293 displayId=0 isRunning=true baseIntent=Intent { act=android.intent.action.MAIN cat=[android.intent.category.LAUNCHER] flg=0x10100000 cmp=com.lagradost.quicknovel.debug/com.lagradost.quicknovel.MainActivity } baseActivity=ComponentInfo{com.lagradost.quicknovel.debug/com.lagradost.quicknovel.MainActivity} topActivity=ComponentInfo{com.lagradost.quicknovel.debug/com.lagradost.quicknovel.MainActivity} origActivity=null realActivity=ComponentInfo{com.lagradost.quicknovel.debug/com.lagradost.quicknovel.MainActivity} numActivities=1 lastActiveTime=104561204 supportsMultiWindow=true resizeMode=1 isResizeable=true minWidth=-1 minHeight=-1 defaultMinSize=220 token=WCT{RemoteToken{e0f7b89 Task{b8ed135 #1335 type=standard A=10293:com.lagradost.quicknovel.debug}}} topActivityType=1 pictureInPictureParams=null shouldDockBigOverlays=false launchIntoPipHostTaskId=-1 lastParentTaskIdBeforePip=-1 displayCutoutSafeInsets=Rect(0, 126 - 0, 0) topActivityInfo=ActivityInfo{e61efb0 com.lagradost.quicknovel.MainActivity} launchCookies=[] positionInParent=Point(0, 0) parentTaskId=-1 isFocused=false isVisible=false isVisibleRequested=false isTopActivityNoDisplay=false isSleeping=false locusId=null displayAreaFeatureId=1 isTopActivityTransparent=false isActivityStackTransparent=false lastNonFullscreenBounds=Rect(277, 691 - 804, 1771) capturedLink=null capturedLinkTimestamp=0 requestedVisibleTypes=-9 topActivityRequestOpenInBrowserEducationTimestamp=0 appCompatTaskInfo=AppCompatTaskInfo { topActivityInSizeCompat=false eligibleForLetterboxEducation= false isLetterboxEducationEnabled= false isLetterboxDoubleTapEnabled= false eligibleForUserAspectRatioButton= false topActivityBoundsLetterboxed= false isFromLetterboxDoubleTap= false topActivityLetterboxVerticalPosition= -1 topActivityLetterboxHorizontalPosition= -1 topActivityLetterboxWidth=-1 topActivityLetterboxHeight=-1 topActivityAppBounds=Rect(0, 126 - 1080, 2336) isUserFullscreenOverrideEnabled=false isSystemFullscreenOverrideEnabled=false hasMinAspectRatioOverride=false topActivityLetterboxBounds=null cameraCompatTaskInfo=CameraCompatTaskInfo { freeformCameraCompatMode=inactive}} topActivityMainWindowFrame=null}, pipChange = null, remoteTransition = RemoteTransition { remoteTransition = android.window.IRemoteTransition$Stub$Proxy@782f692, appThread = android.app.IApplicationThread$Stub$Proxy@cfa863, debugName = QuickstepLaunch }, displayChange = null, flags = 0, debugId = 1022 }
03-13 00:15:47.664  2101  2164 V WindowManager:     startWCT=WindowContainerTransaction { changes= {} hops= [] errorCallbackToken=null taskFragmentOrganizer=null }
03-13 00:15:47.664  2556  2580 V WindowManagerShell: onTransitionReady(transaction=9023726374017)
03-13 00:15:47.664  2101  2164 V WindowManager:     info={id=1022 t=TO_FRONT f=0x0 trk=0 isSameTaskSwitch=false r=[0@Point(0, 0)] c=[
03-13 00:15:47.664  2101  2164 V WindowManager:         {WCT{RemoteToken{e0f7b89 Task{b8ed135 #1335 type=standard A=10293:com.lagradost.quicknovel.debug}}} m=TO_FRONT f=MOVE_TO_TOP leash=Surface(name=Task=1335)/@0xbf73562 sb=Rect(0, 0 - 1080, 2392) eb=Rect(0, 0 - 1080, 2392) epz=Point(1080, 2392) d=0 taskParent=-1 ntPopUpView={mIsTryEnterWindowingMode=false mIsEnterWindowingModeLandscape=false mIsChangingWindowformBounds=false mStartPos=Point(0, 0) mEndPos=Point(0, 0) mStartScale=0.0 mEndScale=0.0 mStartCornerRadius=0.0 mEndCornerRadius=0.0 mAppBounds=Rect(0, 0 - 0, 0) mWindowCrop=Rect(0, 0 - 0, 0) mStartDragOrChangingBounds=Rect(0, 0 - 0, 0) mEndDragOrChangingBounds=Rect(0, 0 - 0, 0) mBottomLeftCornerLeash=null mBottomRightCornerLeash=null mDragBarLeash=null mCornerHintSize=60x60 mDragBarSize=189x42}},
03-13 00:15:47.664  2101  2164 V WindowManager:         {WCT{RemoteToken{2ca2dd8 Task{6283be0 #1 type=home}}} m=TO_BACK f=SHOW_WALLPAPER leash=Surface(name=Task=1)/@0x2ad5fbe sb=Rect(0, 0 - 1080, 2392) eb=Rect(0, 0 - 1080, 2392) epz=Point(1080, 2392) d=0 taskParent=-1 ntPopUpView={mIsTryEnterWindowingMode=false mIsEnterWindowingModeLandscape=false mIsChangingWindowformBounds=false mStartPos=Point(0, 0) mEndPos=Point(0, 0) mStartScale=0.0 mEndScale=0.0 mStartCornerRadius=0.0 mEndCornerRadius=0.0 mAppBounds=Rect(0, 0 - 0, 0) mWindowCrop=Rect(0, 0 - 0, 0) mStartDragOrChangingBounds=Rect(0, 0 - 0, 0) mEndDragOrChangingBounds=Rect(0, 0 - 0, 0) mBottomLeftCornerLeash=null mBottomRightCornerLeash=null mDragBarLeash=null mCornerHintSize=60x60 mDragBarSize=189x42}},
03-13 00:15:47.664  2101  2164 V WindowManager:         {m=TO_BACK f=IS_WALLPAPER leash=Surface(name=WallpaperWindowToken{1ae1c81 showWhenLocked=false})/@0x6095740 sb=Rect(0, 0 - 1080, 2392) eb=Rect(0, 0 - 1080, 2392) epz=Point(1080, 2392) d=0 ntPopUpView={mIsTryEnterWindowingMode=false mIsEnterWindowingModeLandscape=false mIsChangingWindowformBounds=false mStartPos=Point(0, 0) mEndPos=Point(0, 0) mStartScale=0.0 mEndScale=0.0 mStartCornerRadius=0.0 mEndCornerRadius=0.0 mAppBounds=Rect(0, 0 - 0, 0) mWindowCrop=Rect(0, 0 - 0, 0) mStartDragOrChangingBounds=Rect(0, 0 - 0, 0) mEndDragOrChangingBounds=Rect(0, 0 - 0, 0) mBottomLeftCornerLeash=null mBottomRightCornerLeash=null mDragBarLeash=null mCornerHintSize=0x0 mDragBarSize=0x0}}
03-13 00:15:47.664  2101  2164 V WindowManager:     ]}
03-13 00:15:47.665  2556  2662 V WindowManagerShell: onTransitionReady (#1022) android.os.BinderProxy@4ccbba5: {id=1022 t=TO_FRONT f=0x0 trk=0 isSameTaskSwitch=false r=[0@Point(0, 0)] c=[
03-13 00:15:47.665  2556  2662 V WindowManagerShell:         {m=TO_FRONT f=MOVE_TO_TOP leash=Surface(name=Task=1335)/@0x7ac8c34 sb=Rect(0, 0 - 1080, 2392) eb=Rect(0, 0 - 1080, 2392) epz=Point(1080, 2392) d=0 taskParent=-1 ntPopUpView={mIsTryEnterWindowingMode=false mIsEnterWindowingModeLandscape=false mIsChangingWindowformBounds=false mStartPos=Point(0, 0) mEndPos=Point(0, 0) mStartScale=0.0 mEndScale=0.0 mStartCornerRadius=0.0 mEndCornerRadius=0.0 mAppBounds=Rect(0, 0 - 0, 0) mWindowCrop=Rect(0, 0 - 0, 0) mStartDragOrChangingBounds=Rect(0, 0 - 0, 0) mEndDragOrChangingBounds=Rect(0, 0 - 0, 0) mBottomLeftCornerLeash=null mBottomRightCornerLeash=null mDragBarLeash=null mCornerHintSize=60x60 mDragBarSize=189x42}},
03-13 00:15:47.665  2556  2662 V WindowManagerShell:         {m=TO_BACK f=SHOW_WALLPAPER leash=Surface(name=Task=1)/@0xb67ba5d sb=Rect(0, 0 - 1080, 2392) eb=Rect(0, 0 - 1080, 2392) epz=Point(1080, 2392) d=0 taskParent=-1 ntPopUpView={mIsTryEnterWindowingMode=false mIsEnterWindowingModeLandscape=false mIsChangingWindowformBounds=false mStartPos=Point(0, 0) mEndPos=Point(0, 0) mStartScale=0.0 mEndScale=0.0 mStartCornerRadius=0.0 mEndCornerRadius=0.0 mAppBounds=Rect(0, 0 - 0, 0) mWindowCrop=Rect(0, 0 - 0, 0) mStartDragOrChangingBounds=Rect(0, 0 - 0, 0) mEndDragOrChangingBounds=Rect(0, 0 - 0, 0) mBottomLeftCornerLeash=null mBottomRightCornerLeash=null mDragBarLeash=null mCornerHintSize=60x60 mDragBarSize=189x42}},
03-13 00:15:47.665  2556  2662 V WindowManagerShell:         {m=TO_BACK f=IS_WALLPAPER leash=Surface(name=WallpaperWindowToken{1ae1c81 showWhenLocked=false})/@0x6e0dfd2 sb=Rect(0, 0 - 1080, 2392) eb=Rect(0, 0 - 1080, 2392) epz=Point(1080, 2392) d=0 ntPopUpView={mIsTryEnterWindowingMode=false mIsEnterWindowingModeLandscape=false mIsChangingWindowformBounds=false mStartPos=Point(0, 0) mEndPos=Point(0, 0) mStartScale=0.0 mEndScale=0.0 mStartCornerRadius=0.0 mEndCornerRadius=0.0 mAppBounds=Rect(0, 0 - 0, 0) mWindowCrop=Rect(0, 0 - 0, 0) mStartDragOrChangingBounds=Rect(0, 0 - 0, 0) mEndDragOrChangingBounds=Rect(0, 0 - 0, 0) mBottomLeftCornerLeash=null mBottomRightCornerLeash=null mDragBarLeash=null mCornerHintSize=0x0 mDragBarSize=0x0}}
03-13 00:15:47.665  2556  2662 V WindowManagerShell:     ]}
03-13 00:15:47.665  2556  2662 V WindowManagerShell: Playing animation for (#1022) android.os.BinderProxy@4ccbba5@0
03-13 00:15:47.665  2556  2662 V WindowManagerShell:  try firstHandler com.android.wm.shell.transition.DefaultMixedHandler@b0a2205
03-13 00:15:47.665  2556  2662 V WindowManagerShell: Mixed transition for opening an intent with a remote transition and PIP or Desktop #1022
03-13 00:15:47.665  2556  2662 V WindowManagerShell: tryAnimateOpenIntentWithRemoteAndPipOrDesktop
03-13 00:15:47.666  2556  2662 V WindowManagerShell:  Delegate animation for (#1022) to RemoteTransition { remoteTransition = android.window.IRemoteTransition$Stub$Proxy@522ff88, appThread = android.app.IApplicationThread$Stub$Proxy@4f26d21, debugName = QuickstepLaunch }
03-13 00:15:47.668  2556  2662 V WindowManagerShell:  animated by firstHandler
03-13 00:15:47.682  2101  2255 W WindowManager: Changing focus from null to Window{865c86 u0 com.lagradost.quicknovel.debug/com.lagradost.quicknovel.MainActivity} displayId=0 Callers=com.android.server.wm.RootWindowContainer.updateFocusedWindowLocked:494 com.android.server.wm.WindowManagerService.updateFocusedWindowLocked:6824 com.android.server.wm.WindowManagerService.relayoutWindow:2788 com.android.server.wm.Session.relayout:288 
03-13 00:15:47.682  2101  2255 D ActivityCustomizationUtil: uid = 10293
03-13 00:15:47.683  2101  2255 I WindowManager: Relayout Window{865c86 u0 com.lagradost.quicknovel.debug/com.lagradost.quicknovel.MainActivity}: oldVis=8 newVis=0 focusMayChange = true requestedWidth = 1080 requestedHeight = 2392 outFrames = ClientWindowFrames{frame=[0,0][1080,2392] display=[0,0][1080,2392] parentFrame=[0,0][0,0]} outSurfaceControl = Surface(name=com.lagradost.quicknovel.debug/com.lagradost.quicknovel.MainActivity)/@0xc6789d5
03-13 00:15:47.685  2101  2660 D Dragonite: acquire handle 99
03-13 00:15:47.686  2101  2278 D Dragonite: sceneId = 1, pid = 2866, packageName = com.nothing.launcher, duration = 60000, params = null
03-13 00:15:47.864  2101  4091 V ActivityManager: Death received in com.android.server.am.ActivityManagerService$AppDeathRecipient@612c379 for thread android.os.BinderProxy@62248be
03-13 00:15:47.864  2101  4091 I ActivityManager: Process ch.protonvpn.android:quick_tile_service (pid 15176) has died: cch+75 CEM 
03-13 00:15:47.867  2101  2101 D MBrainLocalService: notifyAppLifeCycle failed
03-13 00:15:47.869  2101  4091 I START_DEBUG: remove ALL_TIMEOUT cleanup   ProcessRecord :ProcessRecord{93fc00e 15176:ch.protonvpn.android:quick_tile_service/u0a699}
03-13 00:15:47.892  9898  9898 D NtViewRootImpl: mPopUpViewOffsets: offset=(0.0, 0.0), scale=(1.0, 1.0)
03-13 00:15:47.929  2101  2167 D NtPerfTraceManagerImpl: packageName = com.lagradost.quicknovel.debug, taskId = 1335
03-13 00:15:47.933  2101  4163 W PackageConfigPersister: App-specific configuration not found for packageName: com.lagradost.quicknovel.debug and userId: 0
03-13 00:15:48.017  2101  2983 D Dragonite: release 99
03-13 00:15:48.019  2556  2662 V WindowManagerShell: Transition animation finished (aborted=false), notifying core (#1022) android.os.BinderProxy@4ccbba5@0
03-13 00:15:48.022  2101  2164 V WindowManager: Finish Transition (#1022): created at 03-13 00:15:47.598 collect-started=0.096ms request-sent=6.93ms started=52.468ms ready=52.436ms sent=64.521ms commit=14.452ms finished=423.664ms
03-13 00:15:48.023  2101  2167 D OomAdjuster: process : com.nothing.launcher, pid = 2866, isTop = false, uid = 10193, hasActivity = true
03-13 00:15:48.023  2101  2167 D OomAdjuster: previous schedule group is top, not need limit!
03-13 00:15:48.023  2101  2167 D OomAdjuster: process : com.google.android.googlequicksearchbox:googleapp, pid = 16760, isTop = false, uid = 10151, hasActivity = false
03-13 00:15:48.023  2101  2167 D OomAdjuster: process : com.google.android.googlequicksearchbox:googleapp is not top!
03-13 00:15:48.025  2556  2662 V WindowManagerShell: Track 0 became idle
03-13 00:15:48.025  2556  2662 V WindowManagerShell: All active transition animations finished
03-13 00:15:48.034  2101  2195 D OomAdjuster: set group = -1
03-13 00:15:48.034  2101  2195 D OomAdjuster: set cpuset: -1
03-13 00:15:48.045  2101  2474 D BackgroundInstallControlService: Package event received: 0
03-13 00:15:48.055  2101  2474 D BackgroundInstallControlService: Package event received: 0
03-13 00:15:48.058  2101  4229 D CompatChangeReporter: Compat change id reported: 297989574; UID 10449; state: ENABLED
03-13 00:15:48.072  2101  2167 I DisplayDeviceRepository: Display device changed render timings: "Built-in Screen", renderFrameRate=90.0, presentationDeadlineNanos=14100000, appVsyncOffsetNanos=5633333, frameRateOverrides=[]
03-13 00:15:48.073  2101  2165 D WindowManager: DeferredDisplayUpdater: partially applying DisplayInfo(1080 x 2392) immediately
03-13 00:15:48.079  2101  2644 D OomAdjuster: process : com.nothing.userguide, pid = 16571, isTop = false, uid = 10138, hasActivity = false
03-13 00:15:48.079  2101  2644 D OomAdjuster: system app not need limit!
03-13 00:15:48.081  2101  2644 D ActivityManager: sync unfroze 16571 com.nothing.userguide for 7
03-13 00:15:48.082  2101  2474 D BackgroundInstallControlService: Package event received: 0
03-13 00:15:48.103  2101  2644 I START_DEBUG: remove BIND_TIMEOUT finish    ProcessRecord :ProcessRecord{4cb4ecd 16741:in.amazon.mShop.android.shopping/u0a449}
03-13 00:15:48.120  2101  2168 D WindowManager: setParent old=ActivityRecord{25710574 u0 com.lagradost.quicknovel.debug/com.lagradost.quicknovel.MainActivity t1335},new=null,this window=Window{c338ae1 u0 SnapshotStartingWindow for taskId=1335},callers=com.android.server.wm.WindowContainer.removeChild:896 com.android.server.wm.ActivityRecord.removeChild:4597 com.android.server.wm.ActivityRecord.removeChild:403 com.android.server.wm.WindowContainer.removeImmediately:949 com.android.server.wm.WindowState.removeImmediately:2255 com.android.server.wm.WindowState.destroySurface:3297 
03-13 00:15:48.140  2101  2759 D NtBoostAdjusterImpl: tryRestoreThreadPriority: pid = 2168, counting = 0
03-13 00:15:48.152  2101  2759 D NtBoostAdjusterImpl: tryRestoreThreadPriority: pid = 7444, counting = 0
03-13 00:15:48.179  2101  2167 I ActivityTaskManager: Destroy timeout of remove-task, attempt to kill Task{a44a2b9 #1337 type=standard A=10722:io.warera.twa}
03-13 00:15:48.180  2101  2167 I ActivityManager: Killing 14748:io.warera.twa/u0a722 (adj 935): remove task
03-13 00:15:48.181  2101  2101 D MBrainLocalService: notifyAppLifeCycle failed
03-13 00:15:48.233  2101  2644 V ActivityManager: Death received in com.android.server.am.ActivityManagerService$AppDeathRecipient@9da7660 for thread android.os.BinderProxy@55d719
03-13 00:15:48.233  2101  2644 I ActivityManager: Process com.instagram.android (pid 15413) has died: cch+65 CEM 
03-13 00:15:48.234  2101  2644 I START_DEBUG: remove ALL_TIMEOUT cleanup   ProcessRecord :ProcessRecord{dc5ef4 15413:com.instagram.android/u0a412}
03-13 00:15:48.239  2101  2101 D MBrainLocalService: notifyAppLifeCycle failed
03-13 00:15:48.263  2101  2474 D BackgroundInstallControlService: Package event received: 0
03-13 00:15:48.296  2101  2946 V ActivityManager: Death received in com.android.server.am.ActivityManagerService$AppDeathRecipient@f93767a for thread android.os.BinderProxy@c3ece2b
03-13 00:15:48.297  2101  2950 I WindowManager: WIN DEATH: Window{cf6a230 u0 io.warera.twa/io.warera.twa.LauncherActivity}
03-13 00:15:48.297  2101  2950 D WindowManager: setParent old=ActivityRecord{10267776 u0 io.warera.twa/.LauncherActivity t1337 f}},new=null,this window=Window{cf6a230 u0 io.warera.twa/io.warera.twa.LauncherActivity},callers=com.android.server.wm.WindowContainer.removeChild:896 com.android.server.wm.ActivityRecord.removeChild:4597 com.android.server.wm.ActivityRecord.removeChild:403 com.android.server.wm.WindowContainer.removeImmediately:949 com.android.server.wm.WindowState.removeImmediately:2255 com.android.server.wm.WindowState.removeIfPossible:2444 
03-13 00:15:48.298  2101  2946 D ActivityManager: sync unfroze 16370 com.android.vending for 5
03-13 00:15:48.298  2101  2946 D NtMemoryManager: not set com.brave.browser adj to -1
03-13 00:15:48.299  2101  4584 W WindowManager: Cannot find window which accessibility connection is added to
03-13 00:15:48.301  2101  2946 I START_DEBUG: remove ALL_TIMEOUT cleanup   ProcessRecord :ProcessRecord{cebe779 14748:io.warera.twa/u0a722}
03-13 00:15:48.307  2101  2950 D Dragonite: acquire handle 97
03-13 00:15:48.307  2101  2278 D Dragonite: sceneId = 1, pid = 2866, packageName = com.nothing.launcher, duration = 60000, params = null
03-13 00:15:48.308  2101  2945 D Dragonite: acquire handle 93
03-13 00:15:48.308  2101  2278 D Dragonite: sceneId = 2, pid = 2866, packageName = com.nothing.launcher, duration = 60000, params = null
03-13 00:15:48.310  2101  2946 D WindowManager: setParent old=Task{a44a2b9 #1337 type=standard A=10722:io.warera.twa},new=null,this window=ActivityRecord{10267776 u0 io.warera.twa/.LauncherActivity t1337 f}},callers=com.android.server.wm.WindowContainer.removeChild:896 com.android.server.wm.TaskFragment.removeChild:3274 com.android.server.wm.Task.removeChild:1569 com.android.server.wm.Task.removeChild:1552 com.android.server.wm.WindowContainer.removeImmediately:949 com.android.server.wm.WindowToken.removeImmediately:337 
03-13 00:15:48.312  2556  2662 V ShellRecents: RecentsTransitionHandler.startRecentsTransition
03-13 00:15:48.313  2556  2662 V WindowManagerShell: Directly starting a new transition type=TO_FRONT wct=WindowContainerTransaction { changes= {} hops= [{pendingIntent: options=Bundle[{android.activity.splashScreenStyle=-1, android.activity.sourceInfo=Supplier{VAL_PARCELABLE@148+104}, android.pendingIntent.backgroundActivityAllowed=3, android:activity.animAbortListener=null, android.activity.transientLaunch=true}]}] errorCallbackToken=null taskFragmentOrganizer=null } handler=com.android.wm.shell.recents.RecentsTransitionHandler@eedba81
03-13 00:15:48.313  2101  2136 W WindowManager: Cannot find window which accessibility connection is added to
03-13 00:15:48.314  2101  2137 D BLASTSyncEngine: [DH_DEBUG]scheduleTimeout #1023 success=true timeoutMs=5000 callback=com.android.server.wm.BLASTSyncEngine$SyncGroup$$ExternalSyntheticLambda2@3f7d157
03-13 00:15:48.314  2101  2759 D NtBoostAdjusterImpl: threadPriorityBoost: pid = 2168, duration = 500
03-13 00:15:48.314  2101  2759 D NtBoostAdjusterImpl: tryBoostThreadPriority: pid = 2168, counting = 1
03-13 00:15:48.323  2101  2167 W ActivityManager: setHasOverlayUi called on unknown pid: 14748
03-13 00:15:48.324  2101  2270 W UsageStatsService: Unexpected activity event reported! (io.warera.twa/io.warera.twa.LauncherActivity event : 23 instanceId : 216258302)
03-13 00:15:48.334  2101  2759 D NtBoostAdjusterImpl: threadPriorityBoost: pid = 7444, duration = 500
03-13 00:15:48.334  2101  2759 D NtBoostAdjusterImpl: tryBoostThreadPriority: pid = 7444, counting = 1
03-13 00:15:48.335  2101  2195 D OomAdjuster: set group = 5
03-13 00:15:48.335  2101  2195 D OomAdjuster: set cpuset: 5
03-13 00:15:48.336  2101  2137 D NtMemoryManager: mIsHighPressureScene: false : com.nothing.launcher
03-13 00:15:48.336  2101  2137 D NtProcessManager: Top app: com.nothing.launcher
03-13 00:15:48.337  2101  2137 D WindowManager: [SG_DEBUG]Set SyncGroup{id=1023 name=Transition-TO_FRONT} on ActivityRecord{105923048 u0 com.nothing.launcher/com.android.searchlauncher.SearchLauncher t1201}
03-13 00:15:48.340  2101  2101 E MBrainLocalService: notifyAppSwitch failed
03-13 00:15:48.342  2556  2662 V ShellRecents: [155515903] RecentsController.setTransition: id=android.os.BinderProxy@549271e
03-13 00:15:48.347  2101  2474 D BackgroundInstallControlService: Package event received: 0
03-13 00:15:48.347  2101  2474 D BackgroundInstallControlService: Package event received: 0
