03-13 00:19:17.530  2556  2662 V WindowManagerShell: start default transition animation, info = {id=1026 t=CLOSE f=0x0 trk=0 isSameTaskSwitch=false r=[0@Point(0, 0)] c=[{m=CLOSE f=TRANSLUCENT|FILLS_TASK leash=Surface(name=ActivityRecord{221701402 u0 com.google.android.permissioncontroller/com.android.permissioncontroller.permission.ui.GrantPermissionsActivity t1338})/@0x58e36bc sb=Rect(0, 0 - 1080, 2392) eb=Rect(0, 0 - 1080, 2392) epz=Point(1080, 2392) d=0 bc=ff303030 component=com.google.android.permissioncontroller/com.android.permissioncontroller.permission.ui.GrantPermissionsActivity opt={t=FROM_STYLE mUserId=0} ntPopUpView={mIsTryEnterWindowingMode=false mIsEnterWindowingModeLandscape=false mIsChangingWindowformBounds=false mStartPos=Point(0, 0) mEndPos=Point(0, 0) mStartScale=0.0 mEndScale=0.0 mStartCornerRadius=0.0 mEndCornerRadius=0.0 mAppBounds=Rect(0, 0 - 0, 0) mWindowCrop=Rect(0, 0 - 0, 0) mStartDragOrChangingBounds=Rect(0, 0 - 0, 0) mEndDragOrChangingBounds=Rect(0, 0 - 0, 0) mBottomLeftCornerLeash=null mBottomRightCornerLeash=null mDragBarLeash=null mCornerHintSize=0x0 mDragBarSize=0x0}}]}
03-13 00:19:17.530  2556  2662 V WindowManagerShell: loadAnimation: anim=null animAttr=0x7 type=CLOSE isEntrance=false
03-13 00:19:17.531  2556  2662 V WindowManagerShell: Transition animation finished (aborted=false), notifying core (#1026) android.os.BinderProxy@fadd2af@0
03-13 00:19:17.533  2101  2164 V WindowManager: Finish Transition (#1026): created at 03-13 00:19:17.485 collect-started=0.065ms request-sent=0.089ms started=26.825ms ready=39.372ms sent=42.218ms finished=46.805ms
03-13 00:19:17.535  2556  2662 V WindowManagerShell: Track 0 became idle
03-13 00:19:17.535  2556  2662 V WindowManagerShell: All active transition animations finished
03-13 00:19:17.535  2556  2662 V WindowManagerShell:  animated by com.android.wm.shell.transition.DefaultTransitionHandler@47de6d6
03-13 00:19:17.535  2556  2662 V WindowManagerShell: Track 0 became idle
03-13 00:19:17.535  2556  2662 V WindowManagerShell: All active transition animations finished
03-13 00:19:17.536  2101  2165 D WindowManager: DeferredDisplayUpdater: partially applying DisplayInfo(1080 x 2392) immediately
03-13 00:19:17.539  2101  2474 D BackgroundInstallControlService: Package event received: 0
03-13 00:19:17.539  2101  2474 D BackgroundInstallControlService: Package event received: 0
03-13 00:19:17.543  2530  6993 D SceneManager: TopAPP=app.revenge
03-13 00:19:17.553  2101  2167 D NtPerfTraceManagerImpl: packageName = app.revenge, taskId = 1338
03-13 00:19:17.562  2101  3167 D CoreBackPreview: Window{b81047e u0 com.google.android.permissioncontroller/com.android.permissioncontroller.permission.ui.GrantPermissionsActivity}: Setting back callback null
03-13 00:19:17.565  2101  2167 I DisplayDeviceRepository: Display device changed render timings: "Built-in Screen", renderFrameRate=60.000004, presentationDeadlineNanos=16600000, appVsyncOffsetNanos=1133334, frameRateOverrides=[]
03-13 00:19:17.566  2101  2165 D WindowManager: DeferredDisplayUpdater: partially applying DisplayInfo(1080 x 2392) immediately
03-13 00:19:17.576  2101  2950 D WindowManager: setParent old=ActivityRecord{221701402 u0 com.google.android.permissioncontroller/com.android.permissioncontroller.permission.ui.GrantPermissionsActivity t1338 f}},new=null,this window=Window{b81047e u0 com.google.android.permissioncontroller/com.android.permissioncontroller.permission.ui.GrantPermissionsActivity},callers=com.android.server.wm.WindowContainer.removeChild:896 com.android.server.wm.ActivityRecord.removeChild:4597 com.android.server.wm.ActivityRecord.removeChild:403 com.android.server.wm.WindowContainer.removeImmediately:949 com.android.server.wm.WindowState.removeImmediately:2255 com.android.server.wm.WindowState.removeIfPossible:2444 
03-13 00:19:17.586  2101  2983 D WindowManager: setParent old=Task{3fbc481 #1338 type=standard A=10532:app.revenge},new=null,this window=ActivityRecord{221701402 u0 com.google.android.permissioncontroller/com.android.permissioncontroller.permission.ui.GrantPermissionsActivity t1338 f}},callers=com.android.server.wm.WindowContainer.removeChild:896 com.android.server.wm.TaskFragment.removeChild:3274 com.android.server.wm.Task.removeChild:1569 com.android.server.wm.Task.removeChild:1552 com.android.server.wm.WindowContainer.removeImmediately:949 com.android.server.wm.WindowToken.removeImmediately:337 
03-13 00:19:17.592  2101  2474 D BackgroundInstallControlService: Package event received: 0
03-13 00:19:17.778 18328 18328 D NtViewRootImpl: mPopUpViewOffsets: offset=(0.0, 0.0), scale=(1.0, 1.0)
03-13 00:19:17.781  2101  2137 W PackageConfigPersister: App-specific configuration not found for packageName: app.revenge and userId: 0
03-13 00:19:17.996  2101  2759 D NtBoostAdjusterImpl: tryRestoreThreadPriority: pid = 2168, counting = 0
03-13 00:19:18.012  2101  2759 D NtBoostAdjusterImpl: tryRestoreThreadPriority: pid = 7444, counting = 0
03-13 00:19:18.874  2101  2983 D CoreBackPreview: startBackNavigation currentTask=Task{3fbc481 #1338 type=standard A=10532:app.revenge}, topRunningActivity=ActivityRecord{191338600 u0 app.revenge/com.discord.main.MainDefault t1338}, callbackInfo=OnBackInvokedCallbackInfo{mCallback=android.window.IOnBackInvokedCallback$Stub$Proxy@e80266d, mPriority=0, mIsAnimationCallback=false, mOverrideBehavior=0}, currentFocus=Window{ae5b854 u0 app.revenge/com.discord.main.MainDefault}
03-13 00:19:18.875  2556  2662 D ShellBackPreview: Received backNavigationInfo:BackNavigationInfo{mType=TYPE_CALLBACK (4), mOnBackNavigationDone=android.os.RemoteCallback@315a19a, mOnBackInvokedCallback=android.window.IOnBackInvokedCallback$Stub$Proxy@e8eeacb, mPrepareRemoteAnimation=false, mAnimationCallback=false, mCustomizeAnimationInfo=null}
03-13 00:19:18.885  2101  2167 I DisplayDeviceRepository: Display device changed render timings: "Built-in Screen", renderFrameRate=90.0, presentationDeadlineNanos=14100000, appVsyncOffsetNanos=5633333, frameRateOverrides=[]
03-13 00:19:18.888  2101  2983 I WindowManager: Relayout Window{df94bb9 u0 EdgeBackGestureHandler0}: oldVis=8 newVis=0 focusMayChange = true requestedWidth = 246 requestedHeight = 628 outFrames = ClientWindowFrames{frame=[0,922][246,1550] display=[0,126][1080,2392] parentFrame=[0,0][0,0]} outSurfaceControl = Surface(name=EdgeBackGestureHandler0)/@0xa64b03
03-13 00:19:18.893  2101  2165 D WindowManager: DeferredDisplayUpdater: partially applying DisplayInfo(1080 x 2392) immediately
03-13 00:19:18.912  2101  2167 I DisplayDeviceRepository: Display device changed render timings: "Built-in Screen", renderFrameRate=120.00001, presentationDeadlineNanos=13300000, appVsyncOffsetNanos=1099999, frameRateOverrides=[]
03-13 00:19:18.913  2101  2165 D WindowManager: DeferredDisplayUpdater: partially applying DisplayInfo(1080 x 2392) immediately
03-13 00:19:18.918  2101  2256 D VibratorManagerService: vibrate uid =10198, opPkg = com.android.systemui, reason = performHapticFeedback(constant=23): ViewRootImpl#performHapticFeedback, attrs = VibrationAttributes{mUsage=TOUCH, mAudioUsage= USAGE_UNKNOWN, mFlags=0}
03-13 00:19:18.919  2101  2256 D RichTapVibratorService: none richtap effect, do nothing!!
03-13 00:19:18.919  2101  2256 D VibratorManagerService: Starting vibrate for vibration 3448
03-13 00:19:18.919  2101  2256 D VibrationSettings: usage = 18
03-13 00:19:18.919  2101  2256 D VibratorManagerService: Check AppOp mode VIBRATE for uid 10198 and package com.android.systemui returned audio=allow, op=allow
03-13 00:19:18.919  2101  2256 D NtVibratorManagerImpl: nt should ignore, do nothing!
03-13 00:19:18.919  2101  2256 D NtVibratorManagerImpl: time before vibratorStop : 1773341358919
03-13 00:19:18.919  2101  2256 D RichTapVibratorService: aac richtap doVibratorStop
03-13 00:19:18.919  2101  2256 D RichTapVibratorService: richtap service stop!!
03-13 00:19:18.919  2556  2662 D ShellBackPreview: Finishing gesture with event action: 1
03-13 00:19:18.919  2556  2662 D ShellBackPreview: onGestureFinished() mTriggerBack == true
03-13 00:19:18.919  2556  2662 D ShellBackPreview: Trigger back without dispatching to animator.
03-13 00:19:18.919  2556  2662 D ShellBackPreview: BackAnimationController: finishBackNavigation()
03-13 00:19:18.920  2101  4220 D CoreBackPreview: onBackNavigationDone backType=4, triggerBack=true
03-13 00:19:18.920  2101  2256 D NtVibratorManagerImpl: time after vibratorStop : 1773341358920
03-13 00:19:18.920  2101  2256 D VibratorManagerService: Starting vibration 3448 on thread
03-13 00:19:18.923  2101  2256 D VibratorManagerService: Start AppOp mode VIBRATE for uid 10198 and package com.android.systemui returned allow
03-13 00:19:18.925  2101  2286 D NtVibratorManagerImpl: getInernalHeEffect: current intensity = 2
03-13 00:19:18.925  2101  2286 D NtVibratorManagerImpl: richTapVibratorOnRawPattern id : 2
03-13 00:19:18.925  2101  2286 D NtVibratorManagerImpl: replace effect with he
03-13 00:19:18.931  2101  2256 D NtVibratorManagerImpl:  result:1
03-13 00:19:18.942  2101  2256 D NtVibratorManagerImpl:  result:1
03-13 00:19:19.060  2101  2286 D VibratorManagerService: VibrationThread released vibration 3448
03-13 00:19:19.060  2101  2286 D VibratorManagerService: Vibrators released after finished vibration mVibrators size1
03-13 00:19:19.062  2101  2286 D VibratorManagerService: Finish AppOp mode VIBRATE for uid 10198 and package com.android.systemui
03-13 00:19:19.062  2101  2286 D VibratorManagerService: Vibration for uid=10198 and with attrs=VibrationAttributes{mUsage=TOUCH, mAudioUsage= USAGE_UNKNOWN, mFlags=0} ended with status FINISHED
03-13 00:19:19.226  2101  2167 I DisplayDeviceRepository: Display device changed render timings: "Built-in Screen", renderFrameRate=90.0, presentationDeadlineNanos=14100000, appVsyncOffsetNanos=5633333, frameRateOverrides=[]
03-13 00:19:19.226  2101  2165 D WindowManager: DeferredDisplayUpdater: partially applying DisplayInfo(1080 x 2392) immediately
03-13 00:19:19.389  2530  2530 D BatteryHealthController: plugType=2
03-13 00:19:19.395  2101  2101 V UiModeManager: updateLocked: null action, mDockState=0, category=null
03-13 00:19:19.395  2101  4220 V SettingsProvider: name : nt_battery_health_time appId : 1000
03-13 00:19:19.395  2530  3282 D BatteryHealthController: invoke mICharge setChargeFccInt: 0
03-13 00:19:19.396  2101  4220 V SettingsProvider: name : nt_battery_health_time appId : 1000
03-13 00:19:19.396  2101  2101 E UiModeManager: mComputedNightMode:true, mNightMode.get():2, mOverrideNightModeOn:false, mOverrideNightModeOff:falsemTwilightManager.getLastTwilightState():null
03-13 00:19:19.397  2101  2101 D UiModeManager: updateConfigurationLocked: mDockState=0; mCarMode=false; mNightMode=com.android.server.UiModeManagerService$1@54683b2; mNightModeCustomType=-1; uiMode=33
03-13 00:19:19.398  2556 10404 D PowerUI : can't show warning due to - plugged: true status unknown: false
03-13 00:19:22.564  2101  2759 D NtBoostAdjusterImpl: onThermalStatus: [ThermalInfo{mType=cpu, mStatus=1}]
03-13 00:19:24.384  2101  2283 D ActivityManager: freezing 18341 app.komikku
03-13 00:19:24.389  2101  2283 D ActivityManager: freezing 18451 com.android.externalstorage
03-13 00:19:25.544  2101  2474 D BackgroundInstallControlService: Package event received: 0
03-13 00:19:25.557  2101  2474 D BackgroundInstallControlService: Package event received: 0
03-13 00:19:27.105  2530  7140 D ISltntcService: onTransact
03-13 00:19:27.564  2101  2283 D ActivityManager: freezing 16505 com.google.android.permissioncontroller
03-13 00:19:28.416  2101  2283 D ActivityManager: freezing 17157 com.android.vending:background
03-13 00:19:28.783  2101  2137 D VibratorManagerService: Canceling vibration
03-13 00:19:28.783  2101  2137 D NtVibratorManagerImpl: time before vibratorStop : 1773341368783
03-13 00:19:28.784  2101  2137 D RichTapVibratorService: aac richtap doVibratorStop
03-13 00:19:28.784  2101  2137 D RichTapVibratorService: richtap service stop!!
03-13 00:19:28.785  2101  2137 D NtVibratorManagerImpl: time after vibratorStop : 1773341368785
03-13 00:19:28.792  2101  2971 D Dragonite: acquire handle 7
03-13 00:19:28.792  2101  2278 D Dragonite: sceneId = 2, pid = 2866, packageName = com.nothing.launcher, duration = 60000, params = null
03-13 00:19:28.795  2101  4220 D Dragonite: acquire handle 6
03-13 00:19:28.795  2101  2278 D Dragonite: sceneId = 1, pid = 2866, packageName = com.nothing.launcher, duration = 60000, params = null
03-13 00:19:28.795  2556  2662 V ShellRecents: RecentsTransitionHandler.startRecentsTransition
03-13 00:19:28.795  2556  2662 V WindowManagerShell: Directly starting a new transition type=TO_FRONT wct=WindowContainerTransaction { changes= {} hops= [{pendingIntent: options=Bundle[{android.activity.splashScreenStyle=-1, android.activity.sourceInfo=Supplier{VAL_PARCELABLE@148+104}, android.pendingIntent.backgroundActivityAllowed=3, android:activity.animAbortListener=null, android.activity.transientLaunch=true}]}] errorCallbackToken=null taskFragmentOrganizer=null } handler=com.android.wm.shell.recents.RecentsTransitionHandler@eedba81
03-13 00:19:28.796  2101  4598 D BLASTSyncEngine: [DH_DEBUG]scheduleTimeout #1027 success=true timeoutMs=5000 callback=com.android.server.wm.BLASTSyncEngine$SyncGroup$$ExternalSyntheticLambda2@1eafe9
03-13 00:19:28.796  2101  2759 D NtBoostAdjusterImpl: threadPriorityBoost: pid = 2168, duration = 500
03-13 00:19:28.796  2101  2759 D NtBoostAdjusterImpl: tryBoostThreadPriority: pid = 2168, counting = 1
03-13 00:19:28.797  2101  4220 D NtVibratorManagerImpl:  result:1
03-13 00:19:28.828  2101  2759 D NtBoostAdjusterImpl: threadPriorityBoost: pid = 7444, duration = 500
03-13 00:19:28.829  2101  2195 D OomAdjuster: set group = 5
03-13 00:19:28.829  2101  2195 D OomAdjuster: set cpuset: 5
03-13 00:19:28.830  2101  4598 D NtMemoryManager: mIsHighPressureScene: false : com.nothing.launcher
03-13 00:19:28.830  2101  4598 D NtProcessManager: Top app: com.nothing.launcher
03-13 00:19:28.830  2101  4598 D WindowManager: [SG_DEBUG]Set SyncGroup{id=1027 name=Transition-TO_FRONT} on ActivityRecord{105923048 u0 com.nothing.launcher/com.android.searchlauncher.SearchLauncher t1201}
03-13 00:19:28.830  2101  2759 D NtBoostAdjusterImpl: tryBoostThreadPriority: pid = 7444, counting = 1
03-13 00:19:28.830  2101  2167 I ActivityManager: updateOomAdj start time is before than pendingPid added, don't delete it
03-13 00:19:28.833  2101  2101 E MBrainLocalService: notifyAppSwitch failed
03-13 00:19:28.840  2101  2474 D BackgroundInstallControlService: Package event received: 0
03-13 00:19:28.840  2101  2474 D BackgroundInstallControlService: Package event received: 0
03-13 00:19:28.840  2556  2662 V ShellRecents: [78027629] RecentsController.setTransition: id=android.os.BinderProxy@aa50784
03-13 00:19:28.848  2101  2971 I WindowManager: Relayout Window{48d5d29 u0 com.nothing.launcher/com.android.searchlauncher.SearchLauncher}: oldVis=8 newVis=0 focusMayChange = true requestedWidth = 1080 requestedHeight = 2392 outFrames = ClientWindowFrames{frame=[0,0][1080,2392] display=[0,0][1080,2392] parentFrame=[0,0][0,0]} outSurfaceControl = Surface(name=com.nothing.launcher/com.android.searchlauncher.SearchLauncher)/@0xafc8030
03-13 00:19:28.856  2101  2474 D BackgroundInstallControlService: Package event received: 0
03-13 00:19:28.858  2101  2971 I WindowManager: Relayout Window{6b4145b u0 com.nothing.launcher/com.android.searchlauncher.SearchLauncher}: oldVis=8 newVis=0 focusMayChange = true requestedWidth = 1080 requestedHeight = 2392 outFrames = ClientWindowFrames{frame=[0,0][1080,2392] display=[0,0][1080,2392] parentFrame=[0,0][0,0]} outSurfaceControl = Surface(name=com.nothing.launcher/com.android.searchlauncher.SearchLauncher)/@0x8e98a2e
03-13 00:19:28.860  2101  2168 D WindowManager: [SG_DEBUG]Set SyncGroup{id=1027 name=Transition-TO_FRONT} on WallpaperWindowToken{1ae1c81 showWhenLocked=false}
03-13 00:19:28.878  2101  2168 D WindowManager: [SG_DEBUG]Clear [finished]SyncGroup{id=1027 name=Transition-TO_FRONT} on ActivityRecord{105923048 u0 com.nothing.launcher/com.android.searchlauncher.SearchLauncher t1201}
03-13 00:19:28.878  2101  2168 D WindowManager: [SG_DEBUG]Clear [finished]SyncGroup{id=1027 name=Transition-TO_FRONT} on WallpaperWindowToken{1ae1c81 showWhenLocked=false}
03-13 00:19:28.889  2101  2168 D BLASTSyncEngine: [DH_DEBUG]remove timeout #1027 callback=com.android.server.wm.BLASTSyncEngine$SyncGroup$$ExternalSyntheticLambda2@1eafe9
03-13 00:19:28.890  2556  2580 V WindowManagerShell: onTransitionReady(transaction=9023726374239)
03-13 00:19:28.892  2556  2662 V WindowManagerShell: onTransitionReady (#1027) android.os.BinderProxy@aa50784: {id=1027 t=TO_FRONT f=0x80 trk=0 isSameTaskSwitch=false r=[0@Point(0, 0)] c=[
03-13 00:19:28.892  2556  2662 V WindowManagerShell:         {m=TO_FRONT f=SHOW_WALLPAPER|MOVE_TO_TOP leash=Surface(name=Task=1)/@0x19993a2 sb=Rect(0, 0 - 1080, 2392) eb=Rect(0, 0 - 1080, 2392) epz=Point(1080, 2392) d=0 taskParent=-1 ntPopUpView={mIsTryEnterWindowingMode=false mIsEnterWindowingModeLandscape=false mIsChangingWindowformBounds=false mStartPos=Point(0, 0) mEndPos=Point(0, 0) mStartScale=0.0 mEndScale=0.0 mStartCornerRadius=0.0 mEndCornerRadius=0.0 mAppBounds=Rect(0, 0 - 0, 0) mWindowCrop=Rect(0, 0 - 0, 0) mStartDragOrChangingBounds=Rect(0, 0 - 0, 0) mEndDragOrChangingBounds=Rect(0, 0 - 0, 0) mBottomLeftCornerLeash=null mBottomRightCornerLeash=null mDragBarLeash=null mCornerHintSize=60x60 mDragBarSize=189x42}},
03-13 00:19:28.892  2556  2662 V WindowManagerShell:         {m=TO_BACK f=NONE leash=Surface(name=Task=1338)/@0xaab6833 sb=Rect(0, 0 - 1080, 2392) eb=Rect(0, 0 - 1080, 2392) epz=Point(1080, 2392) d=0 taskParent=-1 ntPopUpView={mIsTryEnterWindowingMode=false mIsEnterWindowingModeLandscape=false mIsChangingWindowformBounds=false mStartPos=Point(0, 0) mEndPos=Point(0, 0) mStartScale=0.0 mEndScale=0.0 mStartCornerRadius=0.0 mEndCornerRadius=0.0 mAppBounds=Rect(0, 0 - 0, 0) mWindowCrop=Rect(0, 0 - 0, 0) mStartDragOrChangingBounds=Rect(0, 0 - 0, 0) mEndDragOrChangingBounds=Rect(0, 0 - 0, 0) mBottomLeftCornerLeash=null mBottomRightCornerLeash=null mDragBarLeash=null mCornerHintSize=60x60 mDragBarSize=189x42}},
03-13 00:19:28.892  2556  2662 V WindowManagerShell:         {m=TO_FRONT f=IS_WALLPAPER leash=Surface(name=WallpaperWindowToken{1ae1c81 showWhenLocked=false})/@0xf2d17f0 sb=Rect(0, 0 - 1080, 2392) eb=Rect(0, 0 - 1080, 2392) epz=Point(1080, 2392) d=0 ntPopUpView={mIsTryEnterWindowingMode=false mIsEnterWindowingModeLandscape=false mIsChangingWindowformBounds=false mStartPos=Point(0, 0) mEndPos=Point(0, 0) mStartScale=0.0 mEndScale=0.0 mStartCornerRadius=0.0 mEndCornerRadius=0.0 mAppBounds=Rect(0, 0 - 0, 0) mWindowCrop=Rect(0, 0 - 0, 0) mStartDragOrChangingBounds=Rect(0, 0 - 0, 0) mEndDragOrChangingBounds=Rect(0, 0 - 0, 0) mBottomLeftCornerLeash=null mBottomRightCornerLeash=null mDragBarLeash=null mCornerHintSize=0x0 mDragBarSize=0x0}}
03-13 00:19:28.892  2556  2662 V WindowManagerShell:     ]}
03-13 00:19:28.892  2556  2662 V WindowManagerShell: Playing animation for (#1027) android.os.BinderProxy@aa50784@0
03-13 00:19:28.892  2556  2662 V WindowManagerShell:  try firstHandler com.android.wm.shell.recents.RecentsTransitionHandler@eedba81
03-13 00:19:28.892  2556  2662 V ShellRecents: [78027629] RecentsController.start
03-13 00:19:28.894  2556  2662 V ShellRecents:   not handling home taskId=1
03-13 00:19:28.895  2556  2662 V ShellRecents:   adding pausing leaf taskId=1338 at layer=8
03-13 00:19:28.896  2556  2662 V ShellRecents: Applying transaction=9023726374239
03-13 00:19:28.896  2556  2662 V ShellRecents: No matching remote found to takeover (#1027)
03-13 00:19:28.896  2556  2662 V ShellSplitScreen: getSplitBoundsForTaskId: expected split bounds for taskId=1338 but not found
03-13 00:19:28.896  2556  2662 V ShellRecents: [78027629] RecentsController.start: calling onAnimationStart with 2 apps
03-13 00:19:28.899  2101  2167 I DisplayDeviceRepository: Display device changed render timings: "Built-in Screen", renderFrameRate=120.00001, presentationDeadlineNanos=13300000, appVsyncOffsetNanos=1099999, frameRateOverrides=[]
03-13 00:19:28.900  2101  2167 D OomAdjuster: process : app.revenge, pid = 18328, isTop = true, uid = 10532, hasActivity = true
03-13 00:19:28.900  2101  2167 D OomAdjuster: previous schedule group is top, not need limit!
03-13 00:19:28.900  2556  2662 V ShellRecents: [78027629] onAnimationStartWithSurfaceTransaction.end: cost 4 ms
03-13 00:19:28.913  2556  2662 V WindowManagerShell:  animated by firstHandler
03-13 00:19:28.913  2556  2662 V ShellRecents: [78027629] RecentsController.setInputConsumerEnabled: set focus to recents
03-13 00:19:28.916  2101  2311 E HandwritingModeController: Cannot get requestId: Handwriting was not initialized.
03-13 00:19:28.922  2101  2950 V NtGameModeImpl: onAppFocusChanged: pkg=com.nothing.launcher, uid=10193, category=-1, launchMode= 1
03-13 00:19:28.922  2101  2950 D NtPopUpViewImpl: PopUpView: onAppFocusChanged: newTask=Task{54db71 #1201 type=home I=com.nothing.launcher/com.android.searchlauncher.SearchLauncher}, showDimmer=false
03-13 00:19:28.922  2101  2950 D NtKafkaEventHelper: onActivityRecordChanged: info com.nothing.launcher:10193:2866
03-13 00:19:28.922  2101  2950 W WindowManager: Changing focus from Window{ae5b854 u0 app.revenge/com.discord.main.MainDefault} to Window{6b4145b u0 com.nothing.launcher/com.android.searchlauncher.SearchLauncher} displayId=0 Callers=com.android.server.wm.RootWindowContainer.updateFocusedWindowLocked:494 com.android.server.wm.WindowManagerService.updateFocusedWindowLocked:6824 com.android.server.wm.ActivityTaskManagerService.setLastResumedActivityUncheckLocked:5275 com.android.server.wm.ActivityTaskManagerService.setFocusedTask:2166 
03-13 00:19:28.922  2101  2950 D ActivityCustomizationUtil: uid = 10193
03-13 00:19:28.922  2101  2167 W ProcessStats: Tracking association SourceState{1bbc7a7 system/1000 BFgs #110093} whose proc state 4 is better than process ProcessState{cefd20b com.wstxda.toolkit/10726 pkg=com.wstxda.toolkit} proc state 5 (42 skipped)
03-13 00:19:28.933  2101  2165 D WindowManager: DeferredDisplayUpdater: partially applying DisplayInfo(1080 x 2392) immediately
03-13 00:19:28.941  2530  6993 D SceneManager: TopAPP=com.nothing.launcher
03-13 00:19:28.946  2101  2164 V WindowManager: Sent Transition (#1027) createdAt=03-13 00:19:28.796
03-13 00:19:28.946  2101  2164 V WindowManager:     startWCT=WindowContainerTransaction { changes= {} hops= [{pendingIntent: options=Bundle[{android.activity.splashScreenStyle=-1, android.activity.sourceInfo=android.app.ActivityOptions$SourceInfo@e4cb106, android.pendingIntent.backgroundActivityAllowed=3, android:activity.animAbortListener=null, android.activity.transientLaunch=true}]}] errorCallbackToken=null taskFragmentOrganizer=null }
03-13 00:19:28.947  2101  2164 V WindowManager:     info={id=1027 t=TO_FRONT f=0x80 trk=0 isSameTaskSwitch=false r=[0@Point(0, 0)] c=[
03-13 00:19:28.947  2101  2164 V WindowManager:         {WCT{RemoteToken{2ca2dd8 Task{6283be0 #1 type=home}}} m=TO_FRONT f=SHOW_WALLPAPER|MOVE_TO_TOP leash=Surface(name=Task=1)/@0x2ad5fbe sb=Rect(0, 0 - 1080, 2392) eb=Rect(0, 0 - 1080, 2392) epz=Point(1080, 2392) d=0 taskParent=-1 ntPopUpView={mIsTryEnterWindowingMode=false mIsEnterWindowingModeLandscape=false mIsChangingWindowformBounds=false mStartPos=Point(0, 0) mEndPos=Point(0, 0) mStartScale=0.0 mEndScale=0.0 mStartCornerRadius=0.0 mEndCornerRadius=0.0 mAppBounds=Rect(0, 0 - 0, 0) mWindowCrop=Rect(0, 0 - 0, 0) mStartDragOrChangingBounds=Rect(0, 0 - 0, 0) mEndDragOrChangingBounds=Rect(0, 0 - 0, 0) mBottomLeftCornerLeash=null mBottomRightCornerLeash=null mDragBarLeash=null mCornerHintSize=60x60 mDragBarSize=189x42}},
03-13 00:19:28.947  2101  2164 V WindowManager:         {WCT{RemoteToken{37f6235 Task{3fbc481 #1338 type=standard A=10532:app.revenge}}} m=TO_BACK f=NONE leash=Surface(name=Task=1338)/@0xf22c779 sb=Rect(0, 0 - 1080, 2392) eb=Rect(0, 0 - 1080, 2392) epz=Point(1080, 2392) d=0 taskParent=-1 ntPopUpView={mIsTryEnterWindowingMode=false mIsEnterWindowingModeLandscape=false mIsChangingWindowformBounds=false mStartPos=Point(0, 0) mEndPos=Point(0, 0) mStartScale=0.0 mEndScale=0.0 mStartCornerRadius=0.0 mEndCornerRadius=0.0 mAppBounds=Rect(0, 0 - 0, 0) mWindowCrop=Rect(0, 0 - 0, 0) mStartDragOrChangingBounds=Rect(0, 0 - 0, 0) mEndDragOrChangingBounds=Rect(0, 0 - 0, 0) mBottomLeftCornerLeash=null mBottomRightCornerLeash=null mDragBarLeash=null mCornerHintSize=60x60 mDragBarSize=189x42}},
03-13 00:19:28.947  2101  2164 V WindowManager:         {m=TO_FRONT f=IS_WALLPAPER leash=Surface(name=WallpaperWindowToken{1ae1c81 showWhenLocked=false})/@0x6095740 sb=Rect(0, 0 - 1080, 2392) eb=Rect(0, 0 - 1080, 2392) epz=Point(1080, 2392) d=0 ntPopUpView={mIsTryEnterWindowingMode=false mIsEnterWindowingModeLandscape=false mIsChangingWindowformBounds=false mStartPos=Point(0, 0) mEndPos=Point(0, 0) mStartScale=0.0 mEndScale=0.0 mStartCornerRadius=0.0 mEndCornerRadius=0.0 mAppBounds=Rect(0, 0 - 0, 0) mWindowCrop=Rect(0, 0 - 0, 0) mStartDragOrChangingBounds=Rect(0, 0 - 0, 0) mEndDragOrChangingBounds=Rect(0, 0 - 0, 0) mBottomLeftCornerLeash=null mBottomRightCornerLeash=null mDragBarLeash=null mCornerHintSize=0x0 mDragBarSize=0x0}}
03-13 00:19:28.947  2101  2164 V WindowManager:     ]}
03-13 00:19:28.978  2101  2971 D VibratorManagerService: vibrate uid =10193, opPkg = com.nothing.launcher, reason = null, attrs = VibrationAttributes{mUsage=TOUCH, mAudioUsage= USAGE_ASSISTANCE_SONIFICATION, mFlags=0}
03-13 00:19:28.978  2101  2971 D RichTapVibratorService: none richtap effect, do nothing!!
03-13 00:19:28.979  2101  2971 D VibratorManagerService: Starting vibrate for vibration 3449
03-13 00:19:28.979  2101  2971 D VibrationSettings: usage = 18
03-13 00:19:28.979  2101  2971 D VibratorManagerService: Check AppOp mode VIBRATE for uid 10193 and package com.nothing.launcher returned audio=allow, op=allow
03-13 00:19:28.980  2101  2971 D NtVibratorManagerImpl: nt should ignore, do nothing!
03-13 00:19:28.980  2101  2971 D NtVibratorManagerImpl: time before vibratorStop : 1773341368980
03-13 00:19:28.980  2101  2971 D RichTapVibratorService: aac richtap doVibratorStop
03-13 00:19:28.980  2101  2971 D RichTapVibratorService: richtap service stop!!
03-13 00:19:28.981  2101  2971 D NtVibratorManagerImpl: time after vibratorStop : 1773341368981
03-13 00:19:28.981  2101  2971 D VibratorManagerService: Starting vibration 3449 on thread
03-13 00:19:28.982  2101  2971 D VibratorManagerService: Start AppOp mode VIBRATE for uid 10193 and package com.nothing.launcher returned allow
03-13 00:19:28.984  2101  2286 D NtVibratorManagerImpl: getInernalHeEffect: current intensity = 2
03-13 00:19:28.985  2101  2286 D NtVibratorManagerImpl: richTapVibratorOnRawPattern id : 0
03-13 00:19:28.985  2101  2286 D NtVibratorManagerImpl: replace effect with he
03-13 00:19:28.991  2101  2137 D NtVibratorManagerImpl:  result:1
03-13 00:19:28.998  2101  2137 D Dragonite: release 6
03-13 00:19:28.999  2101  2278 D Dragonite: sceneId = 2, pid = 2866, packageName = com.nothing.launcher, duration = 60000, params = null
03-13 00:19:29.002  2101  2971 D NtVibratorManagerImpl:  result:1
03-13 00:19:29.119  2101  2286 D VibratorManagerService: VibrationThread released vibration 3449
03-13 00:19:29.119  2101  2286 D VibratorManagerService: Vibrators released after finished vibration mVibrators size1
03-13 00:19:29.119  2101  2286 D VibratorManagerService: Finish AppOp mode VIBRATE for uid 10193 and package com.nothing.launcher
03-13 00:19:29.119  2101  2286 D VibratorManagerService: Vibration for uid=10193 and with attrs=VibrationAttributes{mUsage=TOUCH, mAudioUsage= USAGE_ASSISTANCE_SONIFICATION, mFlags=0} ended with status FINISHED
03-13 00:19:29.206  2556  2662 D WindowManagerShell: setLauncherKeepClearAreaHeight: visible=true, height=245
03-13 00:19:29.219  2556  2987 V ShellRecents: [78027629] RecentsController.detachNavigationBarFromApp
03-13 00:19:29.224  2101  2474 D BackgroundInstallControlService: Package event received: 0
03-13 00:19:29.226  2101  2474 D BackgroundInstallControlService: Package event received: 0
03-13 00:19:29.233  2101  4220 D Dragonite: update handle 7
03-13 00:19:29.233  2101  2278 D Dragonite: sceneId = 2, pid = 2866, packageName = com.nothing.launcher, duration = 60000, params = null
03-13 00:19:29.299  2101  2759 D NtBoostAdjusterImpl: tryRestoreThreadPriority: pid = 2168, counting = 0
03-13 00:19:29.330  2101  2759 D NtBoostAdjusterImpl: tryRestoreThreadPriority: pid = 7444, counting = 0
03-13 00:19:29.493  2101  2137 D Dragonite: release 7
03-13 00:19:29.593  2556  2662 V ShellRecents: [78027629] RecentsController.finishInner: toHome=true userLeave=false willFinishToHome=true state=0 hasPausingTasks=true reason=requested
03-13 00:19:29.593  2556  2662 V ShellRecents:   normal finish
03-13 00:19:29.593  2556  2662 V ShellRecents: [78027629] RecentsController.finishInner: Completing finish
03-13 00:19:29.593  2556  2662 V ShellRecents: [78027629] RecentsController.cleanup
03-13 00:19:29.593  2556  2662 V WindowManagerShell: Transition animation finished (aborted=false), notifying core (#1027) android.os.BinderProxy@aa50784@0
03-13 00:19:29.594  2101  4220 E TransitionChain: Can't collect into a chain with no transition
03-13 00:19:29.595  2101  2164 V WindowManager: Finish Transition (#1027): created at 03-13 00:19:28.796 collect-started=0.249ms started=31.965ms ready=38.715ms sent=92.858ms commit=26.032ms finished=798.274ms
03-13 00:19:29.598  2101  4220 D NtWindowManagerService: setMutedTask: taskId=-1 isMute=false callingPid=2101
03-13 00:19:29.599  2556  2662 V WindowManagerShell: Track 0 became idle
03-13 00:19:29.599  2556  2662 V WindowManagerShell: All active transition animations finished
03-13 00:19:29.599  2556  2662 V ShellRecents: [78027629] RecentsController.finishInner: calling finish callback
03-13 00:19:29.600  2101  2101 E MBrainLocalService: notifyAppSwitch failed
03-13 00:19:29.604  2101  2167 V WindowManager: Unknown focus tokens, dropping reportFocusChanged
03-13 00:19:29.606  2101  2971 D Dragonite: acquire handle 9
03-13 00:19:29.606  2101  2278 D Dragonite: sceneId = 2, pid = 2866, packageName = com.nothing.launcher, duration = 60000, params = null
03-13 00:19:29.608  2101  2167 D NtMemoryManager: not set com.brave.browser adj to -1
03-13 00:19:29.611  2101  2474 D BackgroundInstallControlService: Package event received: 0
03-13 00:19:29.618  2101  2167 D NtPerfTraceManagerImpl: packageName = com.nothing.launcher, taskId = 1201
03-13 00:19:29.625  2866  2866 D NtViewRootImpl: mPopUpViewOffsets: offset=(0.0, 0.0), scale=(1.0, 1.0)
03-13 00:19:29.626  2101  3167 W PackageConfigPersister: App-specific configuration not found for packageName: com.nothing.launcher and userId: 0
03-13 00:19:29.765  2101  2971 D CoreBackPreview: Window{ae5b854 u0 app.revenge/com.discord.main.MainDefault}: Setting back callback null
03-13 00:19:29.777  2101  2971 D WindowManager: setParent old=ActivityRecord{191338600 u0 app.revenge/com.discord.main.MainDefault t1338 f}},new=null,this window=Window{ae5b854 u0 app.revenge/com.discord.main.MainDefault},callers=com.android.server.wm.WindowContainer.removeChild:896 com.android.server.wm.ActivityRecord.removeChild:4597 com.android.server.wm.ActivityRecord.removeChild:403 com.android.server.wm.WindowContainer.removeImmediately:949 com.android.server.wm.WindowState.removeImmediately:2255 com.android.server.wm.WindowState.removeIfPossible:2444 
03-13 00:19:29.780  2101  2167 I ActivityManager: Killing 18328:app.revenge/u0a532 (adj 905): remove task
03-13 00:19:29.780  2101  2101 D MBrainLocalService: notifyAppLifeCycle failed
03-13 00:19:29.780  2101  2137 D WindowManager: setParent old=Task{3fbc481 #1338 type=standard A=10532:app.revenge},new=null,this window=ActivityRecord{191338600 u0 app.revenge/com.discord.main.MainDefault t1338 f}},callers=com.android.server.wm.WindowContainer.removeChild:896 com.android.server.wm.TaskFragment.removeChild:3274 com.android.server.wm.Task.removeChild:1569 com.android.server.wm.Task.removeChild:1552 com.android.server.wm.WindowContainer.removeImmediately:949 com.android.server.wm.WindowToken.removeImmediately:337 
03-13 00:19:29.781  2101  2137 D WindowManager: setParent old=DefaultTaskDisplayArea@214220124,new=null,this window=Task{3fbc481 #1338 type=standard A=10532:app.revenge},callers=com.android.server.wm.WindowContainer.removeChild:896 com.android.server.wm.TaskDisplayArea.removeChildTask:357 com.android.server.wm.TaskDisplayArea.removeChild:348 com.android.server.wm.WindowContainer.removeImmediately:949 com.android.server.wm.TaskFragment.removeImmediately:3358 com.android.server.wm.Task.removeImmediately:2853 
03-13 00:19:29.782  2101  2474 D BackgroundInstallControlService: Package event received: 0
03-13 00:19:29.808  2101  2137 D Dragonite: release 9
03-13 00:19:29.994  2101  2971 V ActivityManager: Death received in com.android.server.am.ActivityManagerService$AppDeathRecipient@f8e596 for thread android.os.BinderProxy@7f1a517
03-13 00:19:29.996  2101  2971 I START_DEBUG: remove ALL_TIMEOUT cleanup   ProcessRecord :ProcessRecord{1cc028 18328:app.revenge/u0a532}
03-13 00:19:29.997  2101  2190 I ActivityManager: Process PhantomProcessRecord {6599d8f 18701:18328:logcat/u0a532} died
03-13 00:19:30.003  2101  2167 W ActivityManager: setHasOverlayUi called on unknown pid: 18328
03-13 00:19:30.084  2101  2264 I NtCharge: mLastBatteryCycleCount:214
03-13 00:19:30.095  2101  2264 D NtCharge:  currentTimeInDay: 20524 LastTimeInDay: 20159 diff: 365
03-13 00:19:30.449  2101  4127 D VibratorManagerService: Canceling vibration
03-13 00:19:30.449  2101  4127 D NtVibratorManagerImpl: time before vibratorStop : 1773341370449
03-13 00:19:30.449  2101  4127 D RichTapVibratorService: aac richtap doVibratorStop
03-13 00:19:30.449  2101  4127 D RichTapVibratorService: richtap service stop!!
03-13 00:19:30.450  2101  4127 D NtVibratorManagerImpl: time after vibratorStop : 1773341370450
03-13 00:19:30.461  2101  4128 D NtVibratorManagerImpl:  result:1
03-13 00:19:30.527  2101  2657 D Dragonite: acquire handle 4
03-13 00:19:30.527  2101  2278 D Dragonite: sceneId = 2, pid = 2866, packageName = com.nothing.launcher, duration = 60000, params = null
03-13 00:19:30.533  2101  2474 D BackgroundInstallControlService: Package event received: 0
03-13 00:19:30.534  2101  2657 D NtPopUpViewImpl: notifyEnterPinnedWindow!
03-13 00:19:30.735  2101  4128 D Dragonite: release 4
03-13 00:19:30.753  2101  2657 D Dragonite: acquire handle 10
03-13 00:19:30.753  2101  2278 D Dragonite: sceneId = 2, pid = 2866, packageName = com.nothing.launcher, duration = 60000, params = null
03-13 00:19:30.760  2556  2662 D WindowManagerShell: setLauncherKeepClearAreaHeight: visible=false, height=245
03-13 00:19:30.761  2101  2474 D BackgroundInstallControlService: Package event received: 0
03-13 00:19:30.849  2101  2474 D BackgroundInstallControlService: Package event received: 0
03-13 00:19:30.857  2866  2866 D InsetsController: Setting requestedVisibleTypes to -1 (was -9)
03-13 00:19:30.859  2101  4128 W PackageConfigPersister: App-specific configuration not found for packageName: com.nothing.launcher and userId: 0
03-13 00:19:30.868  2101  2474 D BackgroundInstallControlService: Package event received: 0
03-13 00:19:30.868  2101  2971 W PackageConfigPersister: App-specific configuration not found for packageName: com.nothing.launcher and userId: 0
03-13 00:19:30.877  2101  4127 W ActivityManager: Unable to start service Intent { act=com.google.android.gms.clearcut.service.START1 xflg=0x4 pkg=com.google.android.gms } U=0: not found
03-13 00:19:30.877  2101  4127 W ActivityManager: Unbind failed: could not find connection for android.os.BinderProxy@97dd881
03-13 00:19:30.885  2101  2657 W ActivityManager: Unable to start service Intent { act=com.google.android.gms.clearcut.service.START1 xflg=0x4 pkg=com.google.android.gms } U=0: not found
03-13 00:19:30.886  2101  2657 W ActivityManager: Unbind failed: could not find connection for android.os.BinderProxy@752ad26
03-13 00:19:30.935  2101  4127 W ActivityManager: Unable to start service Intent { act=com.google.android.gms.clearcut.service.START1 xflg=0x4 pkg=com.google.android.gms } U=0: not found
03-13 00:19:30.936  2101  4127 W ActivityManager: Unbind failed: could not find connection for android.os.BinderProxy@597d67
03-13 00:19:30.941  2101  4127 W ActivityManager: Unable to start service Intent { act=com.google.android.gms.clearcut.service.START1 xflg=0x4 pkg=com.google.android.gms } U=0: not found
03-13 00:19:30.942  2101  4127 W ActivityManager: Unbind failed: could not find connection for android.os.BinderProxy@72e7bbd
03-13 00:19:30.948  2101  2971 I WindowManager: Relayout Window{4fafc67 u0 InputMethod}: oldVis=8 newVis=0 focusMayChange = true requestedWidth = 1080 requestedHeight = 2266 outFrames = ClientWindowFrames{frame=[0,126][1080,2392] display=[0,126][1080,2392] parentFrame=[0,0][0,0]} outSurfaceControl = Surface(name=InputMethod)/@0x9097080
03-13 00:19:30.952  2556  2662 D WindowManagerShell: onKeepClearAreasChanged: restricted={}, unrestricted={Rect(0, 2279 - 1080, 2392)}
03-13 00:19:30.953  2101  4127 D CoreBackPreview: Window{6b4145b u0 com.nothing.launcher/com.android.searchlauncher.SearchLauncher}: Setting back callback OnBackInvokedCallbackInfo{mCallback=android.window.IOnBackInvokedCallback$Stub$Proxy@c4c16b9, mPriority=0, mIsAnimationCallback=true, mOverrideBehavior=0}
03-13 00:19:30.956  2556  2662 D WindowManagerShell: onKeepClearAreasChanged: restricted={}, unrestricted={Rect(0, 1565 - 1080, 2392)}
03-13 00:19:30.970  2101  4128 W ActivityManager: Unable to start service Intent { act=com.google.android.gms.clearcut.service.START1 xflg=0x4 pkg=com.google.android.gms } U=0: not found
03-13 00:19:30.971  2101  4128 W ActivityManager: Unbind failed: could not find connection for android.os.BinderProxy@7683afe
03-13 00:19:31.148  2101  4163 D Dragonite: release 10
03-13 00:19:32.120  2530  2541 D ISltntcService: onTransact
03-13 00:19:33.583  2866  2866 D InsetsController: Setting requestedVisibleTypes to -9 (was -1)
03-13 00:19:33.583  2101  4163 D CoreBackPreview: Window{6b4145b u0 com.nothing.launcher/com.android.searchlauncher.SearchLauncher}: Setting back callback OnBackInvokedCallbackInfo{mCallback=android.window.IOnBackInvokedCallback$Stub$Proxy@a9bb8f3, mPriority=0, mIsAnimationCallback=true, mOverrideBehavior=0}
03-13 00:19:33.593  2101  4163 D Dragonite: acquire handle 12
03-13 00:19:33.594  2101  2278 D Dragonite: sceneId = 2, pid = 2866, packageName = com.nothing.launcher, duration = 60000, params = null
03-13 00:19:33.890  2556  2662 D WindowManagerShell: onKeepClearAreasChanged: restricted={}, unrestricted={}
03-13 00:19:33.891  2101  4162 W ActivityManager: Unable to start service Intent { act=com.google.android.gms.clearcut.service.START1 xflg=0x4 pkg=com.google.android.gms } U=0: not found
03-13 00:19:33.892  2101  4162 W ActivityManager: Unbind failed: could not find connection for android.os.BinderProxy@bfdc8ba
03-13 00:19:33.898  2101  2971 W ActivityManager: Unable to start service Intent { act=com.google.android.gms.clearcut.service.START1 xflg=0x4 pkg=com.google.android.gms } U=0: not found
03-13 00:19:33.899  2101  4128 W ActivityManager: Unbind failed: could not find connection for android.os.BinderProxy@3674ec8
03-13 00:19:33.945  2101  2759 D NtBoostAdjusterImpl: onThermalStatus: [ThermalInfo{mType=cpu, mStatus=1}]
03-13 00:19:34.210  2101  2971 D Dragonite: release 12
03-13 00:19:35.034  2101  4162 D Dragonite: acquire handle 5
03-13 00:19:35.035  2101  2278 D Dragonite: sceneId = 2, pid = 2866, packageName = com.nothing.launcher, duration = 60000, params = null
03-13 00:19:35.039  2556  2662 D WindowManagerShell: setLauncherKeepClearAreaHeight: visible=true, height=245
03-13 00:19:35.042  2101  2474 D BackgroundInstallControlService: Package event received: 0
03-13 00:19:35.078  2101  2474 D BackgroundInstallControlService: Package event received: 0
03-13 00:19:35.088  2101  4162 W PackageConfigPersister: App-specific configuration not found for packageName: com.nothing.launcher and userId: 0
03-13 00:19:35.381  2101  4128 D Dragonite: release 5
03-13 00:19:35.500  2101  4162 D Dragonite: acquire handle 11
03-13 00:19:35.500  2101  2278 D Dragonite: sceneId = 1, pid = 2866, packageName = com.nothing.launcher, duration = 60000, params = null
03-13 00:19:35.512  2101  2971 W OptProp : Cannot read opt property android.window.PROPERTY_COMPAT_ALLOW_RESIZEABLE_ACTIVITY_OVERRIDES
03-13 00:19:35.512  2101  2971 W OptProp : Cannot read opt property android.window.PROPERTY_COMPAT_ALLOW_MIN_ASPECT_RATIO_OVERRIDE
03-13 00:19:35.513  2101  2971 D BLASTSyncEngine: [DH_DEBUG]scheduleTimeout #1028 success=true timeoutMs=5000 callback=com.android.server.wm.BLASTSyncEngine$SyncGroup$$ExternalSyntheticLambda2@4e21d3c
03-13 00:19:35.513  2101  2971 D WindowManager: [SG_DEBUG]Set SyncGroup{id=1028 name=Transition-OPEN} on ActivityRecord{26667717 u0 com.brave.browser/com.google.android.apps.chrome.Main
03-13 00:19:35.515  2101  2971 V NtGameModeImpl: onAppFocusChanged: pkg=com.nothing.launcher, uid=10193, category=-1, launchMode= 1
03-13 00:19:35.515  2101  2971 D NtTaskWindowSurfaceInfo: PopUpView: onWindowingModeChanged 0->1 mTask=Task{2282c1a #1339 type=standard}
03-13 00:19:35.516  2101  2971 D WindowManager: [SG_DEBUG]Set SyncGroup{id=1028 name=Transition-OPEN} on Task{2282c1a #1339 type=standard A=10250:com.brave.browser}
03-13 00:19:35.517  2101  2971 W OptProp : Cannot read opt property android.window.PROPERTY_COMPAT_ALLOW_ORIENTATION_OVERRIDE
03-13 00:19:35.526  2101  2101 E MBrainLocalService: notifyAppSwitch failed
03-13 00:19:35.527  2101  4128 D CompatChangeReporter: Compat change id reported: 377864165; UID 10250; state: ENABLED
03-13 00:19:35.528  2101  2971 I ActivityTaskManager: START u0 {act=android.intent.action.MAIN cat=[android.intent.category.LAUNCHER] flg=0x10200000 xflg=0x4 pkg=com.brave.browser cmp=com.brave.browser/com.google.android.apps.chrome.Main bnds=[540,2091][785,2336]} with LAUNCH_SINGLE_INSTANCE_PER_TASK from uid 10193 pid 2866 (sr=105923048) (BAL_ALLOW_VISIBLE_WINDOW) result code=0
03-13 00:19:35.530  2101  2971 D NtMemoryManager: mIsHighPressureScene: false : com.brave.browser
03-13 00:19:35.530  2101  2971 D NtProcessManager: Top app: com.brave.browser
03-13 00:19:35.530  2556  2662 D WindowManagerShell: setLauncherKeepClearAreaHeight: visible=false, height=245
03-13 00:19:35.530  2101  2971 D WindowManager: [SG_DEBUG]Set SyncGroup{id=1028 name=Transition-OPEN} on ActivityRecord{105923048 u0 com.nothing.launcher/com.android.searchlauncher.SearchLauncher t1201}
03-13 00:19:35.530  2101  2971 D WindowManager: [SG_DEBUG]Set SyncGroup{id=1028 name=Transition-OPEN} on WallpaperWindowToken{2ce495a showWhenLocked=true}
03-13 00:19:35.530  2101  2971 D WindowManager: [SG_DEBUG]Set SyncGroup{id=1028 name=Transition-OPEN} on WallpaperWindowToken{1ae1c81 showWhenLocked=false}
03-13 00:19:35.530  2556  2662 V WindowManagerShell: Transition requested (#1028): android.os.BinderProxy@ba297e4 TransitionRequestInfo { type = OPEN, triggerTask = TaskInfo{userId=0 taskId=1339 effectiveUid=10250 displayId=0 isRunning=true baseIntent=Intent { act=android.intent.action.MAIN cat=[android.intent.category.LAUNCHER] flg=0x10200000 pkg=com.brave.browser cmp=com.brave.browser/com.google.android.apps.chrome.Main } baseActivity=ComponentInfo{com.brave.browser/org.chromium.chrome.browser.ChromeTabbedActivity} topActivity=ComponentInfo{com.brave.browser/org.chromium.chrome.browser.ChromeTabbedActivity} origActivity=ComponentInfo{com.brave.browser/com.google.android.apps.chrome.Main} realActivity=ComponentInfo{com.brave.browser/org.chromium.chrome.browser.ChromeTabbedActivity} numActivities=1 lastActiveTime=105360821 supportsMultiWindow=true resizeMode=2 isResizeable=true minWidth=-1 minHeight=-1 defaultMinSize=220 token=WCT{android.window.IWindowContainerToken$Stub$Proxy@cda544d} topActivityType=1 pictureInPictureParams=null shouldDockBigOverlays=false launchIntoPipHostTaskId=-1 lastParentTaskIdBeforePip=-1 displayCutoutSafeInsets=Rect(0, 126 - 0, 0) topActivityInfo=ActivityInfo{f338b02 com.google.android.apps.chrome.Main} launchCookies=[android.os.BinderProxy@2d8fc13] positionInParent=Point(0, 0) parentTaskId=-1 isFocused=false isVisible=false isVisibleRequested=false isTopActivityNoDisplay=false isSleeping=false locusId=null displayAreaFeatureId=1 isTopActivityTransparent=false isActivityStackTransparent=false lastNonFullscreenBounds=Rect(277, 691 - 804, 1771) capturedLink=null capturedLinkTimestamp=0 requestedVisibleTypes=-9 topActivityRequestOpenInBrowserEducationTimestamp=0 appCompatTaskInfo=AppCompatTaskInfo { topActivityInSizeCompat=false eligibleForLetterboxEducation= false isLetterboxEducationEnabled= false isLetterboxDoubleTapEnabled= false eligibleForUserAspectRatioButton= false topActivityBoundsLetterboxed= false isFromLetterboxDoubleTap= false topActivityLetterboxVerticalPosition= -1 topActivityLetterboxHorizontalPosition= -1 topActivityLetterboxWidth=-1 topActivityLetterboxHeight=-1 topActivityAppBounds=Rect(0, 0 - 1080, 2392) isUserFullscreenOverrideEnabled=false isSystemFullscreenOverrideEnabled=false hasMinAspectRatioOverride=false topActivityLetterboxBounds=null cameraCompatTaskInfo=CameraCompatTaskInfo { freeformCameraCompatMode=inactive}} topActivityMainWindowFrame=null}, pipChange = null, remoteTransition = RemoteTransition { remoteTransition = android.window.IRemoteTransition$Stub$Proxy@ce34e50, appThread = android.app.IApplicationThread$Stub$Proxy@84e849, debugName = QuickstepLaunch }, displayChange = null, flags = 0, debugId = 1028 }
03-13 00:19:35.530  2556  2662 D ShellSplitScreen: logExit: no-op, mLoggerSessionId is null
03-13 00:19:35.531  2556  2662 V WindowManagerShell: RemoteTransition directly requested for (#1028) android.os.BinderProxy@ba297e4: RemoteTransition { remoteTransition = android.window.IRemoteTransition$Stub$Proxy@ce34e50, appThread = android.app.IApplicationThread$Stub$Proxy@84e849, debugName = QuickstepLaunch }
03-13 00:19:35.531  2556  2662 V WindowManagerShell: Transition (#1028): request handled by DefaultMixedHandler
03-13 00:19:35.531  2101  2971 V NtGameModeImpl: onAppFocusChanged: pkg=com.brave.browser, uid=10250, category=4, launchMode= 1
03-13 00:19:35.531  2101  2971 D NtPopUpViewImpl: PopUpView: onAppFocusChanged: newTask=Task{2282c1a #1339 type=standard A=10250:com.brave.browser}, showDimmer=false
03-13 00:19:35.532  2101  2195 D OomAdjuster: set group = 5
03-13 00:19:35.532  2101  2195 D OomAdjuster: set cpuset: 5
03-13 00:19:35.532  2101  2971 D NtKafkaEventHelper: onActivityRecordChanged: info com.brave.browser:10250:14782
03-13 00:19:35.533  2101  2971 W WindowManager: Changing focus from Window{6b4145b u0 com.nothing.launcher/com.android.searchlauncher.SearchLauncher} to null displayId=0 Callers=com.android.server.wm.RootWindowContainer.updateFocusedWindowLocked:494 com.android.server.wm.WindowManagerService.updateFocusedWindowLocked:6824 com.android.server.wm.ActivityTaskManagerService.setLastResumedActivityUncheckLocked:5275 com.android.server.wm.ActivityTaskSupervisor.updateTopResumedActivityIfNeeded:2419 
03-13 00:19:35.533  2101  2971 D ActivityManager: quick sync unfreeze 14782 for 1
03-13 00:19:35.536  2101  2101 E MBrainLocalService: notifyAppSwitch failed
03-13 00:19:35.541  2101  2759 D NtBoostAdjusterImpl: threadPriorityBoost: pid = 2168, duration = 500
03-13 00:19:35.541  2101  2759 D NtBoostAdjusterImpl: tryBoostThreadPriority: pid = 2168, counting = 1
03-13 00:19:35.560  2101  2759 D NtBoostAdjusterImpl: threadPriorityBoost: pid = 7444, duration = 500
03-13 00:19:35.560  2101  2759 D NtBoostAdjusterImpl: tryBoostThreadPriority: pid = 7444, counting = 1
03-13 00:19:35.562  2101  2167 D NtMemoryManager: not set com.brave.browser adj to -1
03-13 00:19:35.563  2101  2167 D ActivityManager: sync unfroze 14782 com.brave.browser for 1
03-13 00:19:35.564  2101  2167 D ActivityManager: sync unfroze 14908 com.brave.browser:privileged_process0 for 1
03-13 00:19:35.567  2556  2670 D NtViewRootImpl: mPopUpViewOffsets: offset=(0.0, 0.0), scale=(1.0, 1.0)
03-13 00:19:35.569  2530  6993 D SceneManager: TopAPP=com.brave.browser
03-13 00:19:35.575  2101  2474 D BackgroundInstallControlService: Package event received: 0
03-13 00:19:35.575  2101  2474 D BackgroundInstallControlService: Package event received: 0
03-13 00:19:35.575  2101  2474 D BackgroundInstallControlService: Package event received: 0
03-13 00:19:35.576  2101  2474 D BackgroundInstallControlService: Package event received: 0
03-13 00:19:35.577  2101  2474 D BackgroundInstallControlService: Package event received: 0
03-13 00:19:35.581  2101  2168 D WindowManager: [SG_DEBUG]Clear [finished]SyncGroup{id=1028 name=Transition-OPEN} on ActivityRecord{105923048 u0 com.nothing.launcher/com.android.searchlauncher.SearchLauncher t1201}
03-13 00:19:35.581  2101  2168 D WindowManager: [SG_DEBUG]Clear [finished]SyncGroup{id=1028 name=Transition-OPEN} on WallpaperWindowToken{2ce495a showWhenLocked=true}
03-13 00:19:35.581  2101  2168 D WindowManager: [SG_DEBUG]Clear [finished]SyncGroup{id=1028 name=Transition-OPEN} on ActivityRecord{26667717 u0 com.brave.browser/com.google.android.apps.chrome.Main t1339}
03-13 00:19:35.581  2101  2168 D WindowManager: [SG_DEBUG]Clear [finished]SyncGroup{id=1028 name=Transition-OPEN} on Task{2282c1a #1339 type=standard A=10250:com.brave.browser}
03-13 00:19:35.581  2101  2168 D WindowManager: [SG_DEBUG]Clear [finished]SyncGroup{id=1028 name=Transition-OPEN} on WallpaperWindowToken{1ae1c81 showWhenLocked=false}
