03-12 22:50:44.265 28385 28385 F DEBUG   :       #34 pc 00000000001f6c74  /system/framework/framework.jar (offset 0x7000) (android.app.ActivityThread.main+0)
03-12 22:50:44.265 28385 28385 F DEBUG   :       #35 pc 00000000003d136c  /apex/com.android.art/lib64/libart.so (art::interpreter::Execute(art::Thread*, art::CodeItemDataAccessor const&, art::ShadowFrame&, art::JValue, bool, bool) (.__uniq.112435418011751916792819755956732575238.llvm.1949915194566060767)+364) (BuildId: a1fcb66a9fb3fa9071e8a42dcf9cd5ea)
03-12 22:50:44.265 28385 28385 F DEBUG   :       #36 pc 00000000003d0aa0  /apex/com.android.art/lib64/libart.so (artQuickToInterpreterBridge+1020) (BuildId: a1fcb66a9fb3fa9071e8a42dcf9cd5ea)
03-12 22:50:44.265 28385 28385 F DEBUG   :       #37 pc 00000000002c2438  /apex/com.android.art/lib64/libart.so (art_quick_to_interpreter_bridge+88) (BuildId: a1fcb66a9fb3fa9071e8a42dcf9cd5ea)
03-12 22:50:44.265 28385 28385 F DEBUG   :       #38 pc 00000000002ab260  /apex/com.android.art/lib64/libart.so (art_quick_invoke_static_stub+640) (BuildId: a1fcb66a9fb3fa9071e8a42dcf9cd5ea)
03-12 22:50:44.265 28385 28385 F DEBUG   :       #39 pc 00000000002a12b4  /apex/com.android.art/lib64/libart.so (_jobject* art::InvokeMethod<(art::PointerSize)8>(art::ScopedObjectAccessAlreadyRunnable const&, _jobject*, _jobject*, _jobject*, unsigned long)+552) (BuildId: a1fcb66a9fb3fa9071e8a42dcf9cd5ea)
03-12 22:50:44.265 28385 28385 F DEBUG   :       #40 pc 00000000005ac130  /apex/com.android.art/lib64/libart.so (art::Method_invoke(_JNIEnv*, _jobject*, _jobject*, _jobjectArray*) (.__uniq.165753521025965369065708152063621506277)+32) (BuildId: a1fcb66a9fb3fa9071e8a42dcf9cd5ea)
03-12 22:50:44.265 28385 28385 F DEBUG   :       #41 pc 00000000002c2300  /apex/com.android.art/lib64/libart.so (art_quick_generic_jni_trampoline+144) (BuildId: a1fcb66a9fb3fa9071e8a42dcf9cd5ea)
03-12 22:50:44.265 28385 28385 F DEBUG   :       #42 pc 00000000002aaf94  /apex/com.android.art/lib64/libart.so (art_quick_invoke_stub+612) (BuildId: a1fcb66a9fb3fa9071e8a42dcf9cd5ea)
03-12 22:50:44.265 28385 28385 F DEBUG   :       #43 pc 0000000000585f60  /apex/com.android.art/lib64/libart.so (bool art::interpreter::DoCall<false>(art::ArtMethod*, art::Thread*, art::ShadowFrame&, art::Instruction const*, unsigned short, bool, art::JValue*)+2688) (BuildId: a1fcb66a9fb3fa9071e8a42dcf9cd5ea)
03-12 22:50:44.265 28385 28385 F DEBUG   :       #44 pc 00000000004914e0  /apex/com.android.art/lib64/libart.so (void art::interpreter::ExecuteSwitchImplCpp<false>(art::interpreter::SwitchImplContext*)+1484) (BuildId: a1fcb66a9fb3fa9071e8a42dcf9cd5ea)
03-12 22:50:44.265 28385 28385 F DEBUG   :       #45 pc 00000000003d1718  /apex/com.android.art/lib64/libart.so (ExecuteSwitchImplAsm+8) (BuildId: a1fcb66a9fb3fa9071e8a42dcf9cd5ea)
03-12 22:50:44.265 28385 28385 F DEBUG   :       #46 pc 0000000000329360  /system/framework/framework.jar (offset 0x2397000) (com.android.internal.os.RuntimeInit$MethodAndArgsCaller.run+0)
03-12 22:50:44.265 28385 28385 F DEBUG   :       #47 pc 00000000003d136c  /apex/com.android.art/lib64/libart.so (art::interpreter::Execute(art::Thread*, art::CodeItemDataAccessor const&, art::ShadowFrame&, art::JValue, bool, bool) (.__uniq.112435418011751916792819755956732575238.llvm.1949915194566060767)+364) (BuildId: a1fcb66a9fb3fa9071e8a42dcf9cd5ea)
03-12 22:50:44.265 28385 28385 F DEBUG   :       #48 pc 00000000003d0aa0  /apex/com.android.art/lib64/libart.so (artQuickToInterpreterBridge+1020) (BuildId: a1fcb66a9fb3fa9071e8a42dcf9cd5ea)
03-12 22:50:44.265 28385 28385 F DEBUG   :       #49 pc 00000000002c2438  /apex/com.android.art/lib64/libart.so (art_quick_to_interpreter_bridge+88) (BuildId: a1fcb66a9fb3fa9071e8a42dcf9cd5ea)
03-12 22:50:44.265 28385 28385 F DEBUG   :       #50 pc 0000000000cee664  /data/misc/apexdata/com.android.art/dalvik-cache/arm64/boot.oat (com.android.internal.os.ZygoteInit.main+3348)
03-12 22:50:44.265 28385 28385 F DEBUG   :       #51 pc 00000000002ab260  /apex/com.android.art/lib64/libart.so (art_quick_invoke_static_stub+640) (BuildId: a1fcb66a9fb3fa9071e8a42dcf9cd5ea)
03-12 22:50:44.265 28385 28385 F DEBUG   :       #52 pc 00000000002a9e60  /apex/com.android.art/lib64/libart.so (art::JValue art::InvokeWithVarArgs<_jmethodID*>(art::ScopedObjectAccessAlreadyRunnable const&, _jobject*, _jmethodID*, std::__va_list)+876) (BuildId: a1fcb66a9fb3fa9071e8a42dcf9cd5ea)
03-12 22:50:44.265 28385 28385 F DEBUG   :       #53 pc 000000000060b158  /apex/com.android.art/lib64/libart.so (art::JNI<true>::CallStaticVoidMethodV(_JNIEnv*, _jclass*, _jmethodID*, std::__va_list)+184) (BuildId: a1fcb66a9fb3fa9071e8a42dcf9cd5ea)
03-12 22:50:44.265 28385 28385 F DEBUG   :       #54 pc 0000000000103568  /system/lib64/libandroid_runtime.so (_JNIEnv::CallStaticVoidMethod(_jclass*, _jmethodID*, ...)+104) (BuildId: b21e46b4dae45cc285103c51898aae2d)
03-12 22:50:44.265 28385 28385 F DEBUG   :       #55 pc 000000000012ed3c  /system/lib64/libandroid_runtime.so (android::AndroidRuntime::start(char const*, android::Vector<android::String8> const&, bool)+988) (BuildId: b21e46b4dae45cc285103c51898aae2d)
03-12 22:50:44.265 28385 28385 F DEBUG   :       #56 pc 000000000000459c  /system/bin/app_process64 (main+1212) (BuildId: db632c68ddb58598fdff25de1e648f56)
03-12 22:50:44.265 28385 28385 F DEBUG   :       #57 pc 000000000006bc18  /apex/com.android.runtime/lib64/bionic/libc.so (__libc_init+120) (BuildId: 1dd68f91f82ddf6072a0e900abccad58)
03-12 22:59:31.565 30844 30844 F libc    : Fatal signal 6 (SIGABRT), code -1 (SI_QUEUE) in tid 30844 (uicknovel.debug), pid 30844 (uicknovel.debug)
03-12 22:59:33.170   899   899 F DEBUG   : *** *** *** *** *** *** *** *** *** *** *** *** *** *** *** ***
03-12 22:59:33.170   899   899 F DEBUG   : Build fingerprint: 'Nothing/GalagaIND/Galaga:16/BP2A.250605.031.A3/2602261122:user/release-keys'
03-12 22:59:33.170   899   899 F DEBUG   : Revision: '0'
03-12 22:59:33.170   899   899 F DEBUG   : ABI: 'arm64'
03-12 22:59:33.170   899   899 F DEBUG   : Timestamp: 2026-03-12 22:59:31.740089406+0530
03-12 22:59:33.170   899   899 F DEBUG   : Process uptime: 263s
03-12 22:59:33.170   899   899 F DEBUG   : Cmdline: com.lagradost.quicknovel.debug
03-12 22:59:33.170   899   899 F DEBUG   : pid: 30844, tid: 30844, name: uicknovel.debug  >>> com.lagradost.quicknovel.debug <<<
03-12 22:59:33.170   899   899 F DEBUG   : uid: 10293
03-12 22:59:33.170   899   899 F DEBUG   : tagged_addr_ctrl: 0000000000000001 (PR_TAGGED_ADDR_ENABLE)
03-12 22:59:33.170   899   899 F DEBUG   : signal 6 (SIGABRT), code -1 (SI_QUEUE), fault addr --------
03-12 22:59:33.170   899   899 F DEBUG   : Abort message: 'JNI DETECTED ERROR IN APPLICATION: JNI GetStaticIntField called with pending exception java.lang.NumberFormatException: For input string: ""
03-12 22:59:33.170   899   899 F DEBUG   :   at int java.lang.Integer.parseInt(java.lang.String, int) (Integer.java:791)
03-12 22:59:33.170   899   899 F DEBUG   :   at int java.lang.Integer.parseInt(java.lang.String) (Integer.java:897)
03-12 22:59:33.170   899   899 F DEBUG   :   at void dalvik.system.VMDebug.nativeAttachAgent(java.lang.String, java.lang.ClassLoader) (VMDebug.java:-2)
03-12 22:59:33.170   899   899 F DEBUG   :   at void dalvik.system.VMDebug.attachAgent(java.lang.String, java.lang.ClassLoader) (VMDebug.java:740)
03-12 22:59:33.170   899   899 F DEBUG   :   at boolean android.app.ActivityThread.attemptAttachAgent(java.lang.String, java.lang.ClassLoader) (ActivityThread.java:5007)
03-12 22:59:33.170   899   899 F DEBUG   :   at void android.app.ActivityThread.handleAttachAgent(java.lang.String, android.app.LoadedApk) (ActivityThread.java:5017)
03-12 22:59:33.170   899   899 F DEBUG   :   at void android.app.ActivityThread$H.handleMessage(android.os.Message) (ActivityThread.java:2883)
03-12 22:59:33.170   899   899 F DEBUG   :   at void android.os.Handler.dispatchMessage(android.os.Message) (Handler.java:110)
03-12 22:59:33.170   899   899 F DEBUG   :   at boolean android.os.Looper.loopOnce(android.os.Looper, long, int) (Looper.java:283)
03-12 22:59:33.170   899   899 F DEBUG   :   at void android.os.Looper.loop() (Looper.java:392)
03-12 22:59:33.170   899   899 F DEBUG   :   at void android.app.ActivityThread.main(java.lang.String[]) (ActivityThread.java:9231)
03-12 22:59:33.170   899   899 F DEBUG   :   at java.lang.Object java.lang.reflect.Method.invoke(java.lang.Object, java.lang.Object[]) (Method.java:-2)
03-12 22:59:33.170   899   899 F DEBUG   :   at void com.android.internal.os.RuntimeInit$MethodAndArgsCaller.run() (RuntimeInit.java:633)
03-12 22:59:33.170   899   899 F DEBUG   :   at void com.android.internal.os.ZygoteInit.main(java.lang.String[]) (ZygoteInit.java:1026)
03-12 22:59:33.170   899   899 F DEBUG   : 
03-12 22:59:33.170   899   899 F DEBUG   :     in call to GetStaticIntField
03-12 22:59:33.170   899   899 F DEBUG   :     from void dalvik.system.VMDebug.nativeAttachAgent(java.lang.String, java.lang.ClassLoader)'
03-12 22:59:33.170   899   899 F DEBUG   :     x0  0000000000000000  x1  000000000000787c  x2  0000000000000006  x3  0000007fd07bea50
03-12 22:59:33.170   899   899 F DEBUG   :     x4  fefefefefefeff00  x5  fefefefefefeff00  x6  fefefefefefeff00  x7  7f7f7f7f7f7f7f7f
03-12 22:59:33.170   899   899 F DEBUG   :     x8  00000000000000f0  x9  9d6d1f8e6bfa1d56  x10 0000000000000001  x11 00000071599651e0
03-12 22:59:33.170   899   899 F DEBUG   :     x12 000000000012800c  x13 0000000000000004  x14 ffffffffffffffff  x15 000001306216dd5b
03-12 22:59:33.170   899   899 F DEBUG   :     x16 00000071599d30f8  x17 00000071599b8c40  x18 0000007167c10000  x19 000000000000787c
03-12 22:59:33.170   899   899 F DEBUG   :     x20 000000000000787c  x21 00000000ffffffff  x22 0000000000000009  x23 0000000000000640
03-12 22:59:33.170   899   899 F DEBUG   :     x24 0000006e9de18000  x25 0000007166e5e880  x26 0000007fd07bec50  x27 0000007154f214d0
03-12 22:59:33.170   899   899 F DEBUG   :     x28 0000007154f21510  x29 0000007fd07bead0
03-12 22:59:33.170   899   899 F DEBUG   :     lr  000000715994e9d8  sp  0000007fd07bea50  pc  000000715994e9fc  pst 0000000000001000
03-12 22:59:33.170   899   899 F DEBUG   : 60 total frames
03-12 22:59:33.170   899   899 F DEBUG   : backtrace:
03-12 22:59:33.170   899   899 F DEBUG   :   NOTE: Function names and BuildId information is missing for some frames due
03-12 22:59:33.170   899   899 F DEBUG   :   NOTE: to unreadable libraries. For unwinds of apps, only shared libraries
03-12 22:59:33.170   899   899 F DEBUG   :   NOTE: found under the lib/ directory are readable.
03-12 22:59:33.170   899   899 F DEBUG   :   NOTE: On this device, run setenforce 0 to make the libraries readable.
03-12 22:59:33.170   899   899 F DEBUG   :   NOTE: Unreadable libraries:
03-12 22:59:33.170   899   899 F DEBUG   :   NOTE:   /data/data/com.lagradost.quicknovel.debug/code_cache/startup_agents/a82ed9e3-agent.so
03-12 22:59:33.170   899   899 F DEBUG   :       #00 pc 00000000000729fc  /apex/com.android.runtime/lib64/bionic/libc.so (abort+156) (BuildId: 1dd68f91f82ddf6072a0e900abccad58)
03-12 22:59:33.170   899   899 F DEBUG   :       #01 pc 00000000008fdf80  /apex/com.android.art/lib64/libart.so (art::Runtime::Abort(char const*)+1004) (BuildId: a1fcb66a9fb3fa9071e8a42dcf9cd5ea)
03-12 22:59:33.170   899   899 F DEBUG   :       #02 pc 000000000001654c  /apex/com.android.art/lib64/libbase.so (android::base::SetAborter(std::__1::function<void (char const*)>&&)::$_0::__invoke(char const*)+80) (BuildId: 4d7605789d21176764345a0353194396)
03-12 22:59:33.170   899   899 F DEBUG   :       #03 pc 0000000000015a4c  /apex/com.android.art/lib64/libbase.so (android::base::LogMessage::~LogMessage()+548) (BuildId: 4d7605789d21176764345a0353194396)
03-12 22:59:33.170   899   899 F DEBUG   :       #04 pc 0000000000300468  /apex/com.android.art/lib64/libart.so (art::JavaVMExt::JniAbort(char const*, char const*)+1568) (BuildId: a1fcb66a9fb3fa9071e8a42dcf9cd5ea)
03-12 22:59:33.170   899   899 F DEBUG   :       #05 pc 00000000005a7aac  /apex/com.android.art/lib64/libart.so (art::JavaVMExt::JniAbortV(char const*, char const*, std::__va_list)+104) (BuildId: a1fcb66a9fb3fa9071e8a42dcf9cd5ea)
03-12 22:59:33.170   899   899 F DEBUG   :       #06 pc 0000000000326248  /apex/com.android.art/lib64/libart.so (art::(anonymous namespace)::ScopedCheck::AbortF(char const*, ...) (.__uniq.99033978352804627313491551960229047428)+140) (BuildId: a1fcb66a9fb3fa9071e8a42dcf9cd5ea)
03-12 22:59:33.170   899   899 F DEBUG   :       #07 pc 0000000000326a5c  /apex/com.android.art/lib64/libart.so (art::(anonymous namespace)::ScopedCheck::Check(art::ScopedObjectAccess&, bool, char const*, art::(anonymous namespace)::JniValueType*) (.__uniq.99033978352804627313491551960229047428)+2028) (BuildId: a1fcb66a9fb3fa9071e8a42dcf9cd5ea)
03-12 22:59:33.170   899   899 F DEBUG   :       #08 pc 000000000032a9a4  /apex/com.android.art/lib64/libart.so (art::(anonymous namespace)::CheckJNI::GetField(char const*, _JNIEnv*, _jobject*, _jfieldID*, bool, art::Primitive::Type) (.__uniq.99033978352804627313491551960229047428)+232) (BuildId: a1fcb66a9fb3fa9071e8a42dcf9cd5ea)
03-12 22:59:33.170   899   899 F DEBUG   :       #09 pc 0000000000816104  /apex/com.android.art/lib64/libart.so (art::(anonymous namespace)::CheckJNI::GetStaticIntField(_JNIEnv*, _jclass*, _jfieldID*) (.__uniq.99033978352804627313491551960229047428.llvm.12386659457840031734)+36) (BuildId: a1fcb66a9fb3fa9071e8a42dcf9cd5ea)
03-12 22:59:33.170   899   899 F DEBUG   :       #10 pc 00000000001b8058  /data/data/com.lagradost.quicknovel.debug/code_cache/startup_agents/a82ed9e3-agent.so
03-12 22:59:33.170   899   899 F DEBUG   :       #11 pc 00000000001b2e9c  /data/data/com.lagradost.quicknovel.debug/code_cache/startup_agents/a82ed9e3-agent.so
03-12 22:59:33.170   899   899 F DEBUG   :       #12 pc 00000000001b4ab4  /data/data/com.lagradost.quicknovel.debug/code_cache/startup_agents/a82ed9e3-agent.so
03-12 22:59:33.170   899   899 F DEBUG   :       #13 pc 0000000000918918  /apex/com.android.art/lib64/libart.so (art::ti::AgentSpec::DoLoadHelper(_JNIEnv*, bool, _jobject*, int*, art::ti::LoadError*, std::__1::basic_string<char, std::__1::char_traits<char>, std::__1::allocator<char>>*)+272) (BuildId: a1fcb66a9fb3fa9071e8a42dcf9cd5ea)
03-12 22:59:33.170   899   899 F DEBUG   :       #14 pc 00000000009190fc  /apex/com.android.art/lib64/libart.so (art::ti::AgentSpec::Attach(_JNIEnv*, _jobject*, int*, art::ti::LoadError*, std::__1::basic_string<char, std::__1::char_traits<char>, std::__1::allocator<char>>*)+100) (BuildId: a1fcb66a9fb3fa9071e8a42dcf9cd5ea)
03-12 22:59:33.170   899   899 F DEBUG   :       #15 pc 00000000008fef64  /apex/com.android.art/lib64/libart.so (art::Runtime::AttachAgent(_JNIEnv*, std::__1::basic_string<char, std::__1::char_traits<char>, std::__1::allocator<char>> const&, _jobject*)+128) (BuildId: a1fcb66a9fb3fa9071e8a42dcf9cd5ea)
03-12 22:59:33.170   899   899 F DEBUG   :       #16 pc 00000000008b1384  /apex/com.android.art/lib64/libart.so (art::VMDebug_nativeAttachAgent(_JNIEnv*, _jclass*, _jstring*, _jobject*) (.__uniq.183046237146237969742760965861333798416)+420) (BuildId: a1fcb66a9fb3fa9071e8a42dcf9cd5ea)
03-12 22:59:33.170   899   899 F DEBUG   :       #17 pc 00000000002c2300  /apex/com.android.art/lib64/libart.so (art_quick_generic_jni_trampoline+144) (BuildId: a1fcb66a9fb3fa9071e8a42dcf9cd5ea)
03-12 22:59:33.170   899   899 F DEBUG   :       #18 pc 00000000006683e8  /apex/com.android.art/lib64/libart.so (nterp_helper+152) (BuildId: a1fcb66a9fb3fa9071e8a42dcf9cd5ea)
03-12 22:59:33.170   899   899 F DEBUG   :       #19 pc 000000000002e7fc  /apex/com.android.art/javalib/core-libart.jar (dalvik.system.VMDebug.attachAgent+0)
03-12 22:59:33.170   899   899 F DEBUG   :       #20 pc 0000000000668384  /apex/com.android.art/lib64/libart.so (nterp_helper+52) (BuildId: a1fcb66a9fb3fa9071e8a42dcf9cd5ea)
03-12 22:59:33.170   899   899 F DEBUG   :       #21 pc 00000000001ee020  /system/framework/framework.jar (offset 0x7000) (android.app.ActivityThread.attemptAttachAgent+0)
03-12 22:59:33.170   899   899 F DEBUG   :       #22 pc 0000000000668384  /apex/com.android.art/lib64/libart.so (nterp_helper+52) (BuildId: a1fcb66a9fb3fa9071e8a42dcf9cd5ea)
03-12 22:59:33.170   899   899 F DEBUG   :       #23 pc 00000000001f1d92  /system/framework/framework.jar (offset 0x7000) (android.app.ActivityThread.handleAttachAgent+18)
03-12 22:59:33.170   899   899 F DEBUG   :       #24 pc 0000000002058f78  /memfd:jit-cache (deleted) (offset 0x2000000) (android.app.ActivityThread$H.handleMessage+2712)
03-12 22:59:33.170   899   899 F DEBUG   :       #25 pc 0000000002058400  /memfd:jit-cache (deleted) (offset 0x2000000) (android.os.Handler.dispatchMessage+304)
03-12 22:59:33.171   899   899 F DEBUG   :       #26 pc 000000000204da54  /memfd:jit-cache (deleted) (offset 0x2000000) (android.os.Looper.loopOnce+1492)
03-12 22:59:33.171   899   899 F DEBUG   :       #27 pc 00000000002ab260  /apex/com.android.art/lib64/libart.so (art_quick_invoke_static_stub+640) (BuildId: a1fcb66a9fb3fa9071e8a42dcf9cd5ea)
03-12 22:59:33.171   899   899 F DEBUG   :       #28 pc 0000000000585ca0  /apex/com.android.art/lib64/libart.so (bool art::interpreter::DoCall<false>(art::ArtMethod*, art::Thread*, art::ShadowFrame&, art::Instruction const*, unsigned short, bool, art::JValue*)+1984) (BuildId: a1fcb66a9fb3fa9071e8a42dcf9cd5ea)
03-12 22:59:33.171   899   899 F DEBUG   :       #29 pc 00000000004910e8  /apex/com.android.art/lib64/libart.so (void art::interpreter::ExecuteSwitchImplCpp<false>(art::interpreter::SwitchImplContext*)+468) (BuildId: a1fcb66a9fb3fa9071e8a42dcf9cd5ea)
03-12 22:59:33.171   899   899 F DEBUG   :       #30 pc 00000000003d1718  /apex/com.android.art/lib64/libart.so (ExecuteSwitchImplAsm+8) (BuildId: a1fcb66a9fb3fa9071e8a42dcf9cd5ea)
03-12 22:59:33.171   899   899 F DEBUG   :       #31 pc 0000000000277560  /system/framework/framework.jar (offset 0x129f000) (android.os.Looper.loop+0)
03-12 22:59:33.171   899   899 F DEBUG   :       #32 pc 00000000003d22e4  /apex/com.android.art/lib64/libart.so (art::interpreter::ArtInterpreterToInterpreterBridge(art::Thread*, art::CodeItemDataAccessor const&, art::ShadowFrame*, art::JValue*)+448) (BuildId: a1fcb66a9fb3fa9071e8a42dcf9cd5ea)
03-12 22:59:33.171   899   899 F DEBUG   :       #33 pc 0000000000586350  /apex/com.android.art/lib64/libart.so (bool art::interpreter::DoCall<false>(art::ArtMethod*, art::Thread*, art::ShadowFrame&, art::Instruction const*, unsigned short, bool, art::JValue*)+3696) (BuildId: a1fcb66a9fb3fa9071e8a42dcf9cd5ea)
03-12 22:59:33.171   899   899 F DEBUG   :       #34 pc 00000000004910e8  /apex/com.android.art/lib64/libart.so (void art::interpreter::ExecuteSwitchImplCpp<false>(art::interpreter::SwitchImplContext*)+468) (BuildId: a1fcb66a9fb3fa9071e8a42dcf9cd5ea)
03-12 22:59:33.171   899   899 F DEBUG   :       #35 pc 00000000003d1718  /apex/com.android.art/lib64/libart.so (ExecuteSwitchImplAsm+8) (BuildId: a1fcb66a9fb3fa9071e8a42dcf9cd5ea)
03-12 22:59:33.171   899   899 F DEBUG   :       #36 pc 00000000001f6c74  /system/framework/framework.jar (offset 0x7000) (android.app.ActivityThread.main+0)
03-12 22:59:33.171   899   899 F DEBUG   :       #37 pc 00000000003d136c  /apex/com.android.art/lib64/libart.so (art::interpreter::Execute(art::Thread*, art::CodeItemDataAccessor const&, art::ShadowFrame&, art::JValue, bool, bool) (.__uniq.112435418011751916792819755956732575238.llvm.1949915194566060767)+364) (BuildId: a1fcb66a9fb3fa9071e8a42dcf9cd5ea)
03-12 22:59:33.171   899   899 F DEBUG   :       #38 pc 00000000003d0aa0  /apex/com.android.art/lib64/libart.so (artQuickToInterpreterBridge+1020) (BuildId: a1fcb66a9fb3fa9071e8a42dcf9cd5ea)
03-12 22:59:33.171   899   899 F DEBUG   :       #39 pc 00000000002c2438  /apex/com.android.art/lib64/libart.so (art_quick_to_interpreter_bridge+88) (BuildId: a1fcb66a9fb3fa9071e8a42dcf9cd5ea)
03-12 22:59:33.171   899   899 F DEBUG   :       #40 pc 00000000002ab260  /apex/com.android.art/lib64/libart.so (art_quick_invoke_static_stub+640) (BuildId: a1fcb66a9fb3fa9071e8a42dcf9cd5ea)
03-12 22:59:33.171   899   899 F DEBUG   :       #41 pc 00000000002a12b4  /apex/com.android.art/lib64/libart.so (_jobject* art::InvokeMethod<(art::PointerSize)8>(art::ScopedObjectAccessAlreadyRunnable const&, _jobject*, _jobject*, _jobject*, unsigned long)+552) (BuildId: a1fcb66a9fb3fa9071e8a42dcf9cd5ea)
03-12 22:59:33.171   899   899 F DEBUG   :       #42 pc 00000000005ac130  /apex/com.android.art/lib64/libart.so (art::Method_invoke(_JNIEnv*, _jobject*, _jobject*, _jobjectArray*) (.__uniq.165753521025965369065708152063621506277)+32) (BuildId: a1fcb66a9fb3fa9071e8a42dcf9cd5ea)
03-12 22:59:33.171   899   899 F DEBUG   :       #43 pc 00000000002c2300  /apex/com.android.art/lib64/libart.so (art_quick_generic_jni_trampoline+144) (BuildId: a1fcb66a9fb3fa9071e8a42dcf9cd5ea)
03-12 22:59:33.171   899   899 F DEBUG   :       #44 pc 00000000002aaf94  /apex/com.android.art/lib64/libart.so (art_quick_invoke_stub+612) (BuildId: a1fcb66a9fb3fa9071e8a42dcf9cd5ea)
03-12 22:59:33.171   899   899 F DEBUG   :       #45 pc 0000000000585f60  /apex/com.android.art/lib64/libart.so (bool art::interpreter::DoCall<false>(art::ArtMethod*, art::Thread*, art::ShadowFrame&, art::Instruction const*, unsigned short, bool, art::JValue*)+2688) (BuildId: a1fcb66a9fb3fa9071e8a42dcf9cd5ea)
03-12 22:59:33.171   899   899 F DEBUG   :       #46 pc 00000000004914e0  /apex/com.android.art/lib64/libart.so (void art::interpreter::ExecuteSwitchImplCpp<false>(art::interpreter::SwitchImplContext*)+1484) (BuildId: a1fcb66a9fb3fa9071e8a42dcf9cd5ea)
03-12 22:59:33.171   899   899 F DEBUG   :       #47 pc 00000000003d1718  /apex/com.android.art/lib64/libart.so (ExecuteSwitchImplAsm+8) (BuildId: a1fcb66a9fb3fa9071e8a42dcf9cd5ea)
03-12 22:59:33.171   899   899 F DEBUG   :       #48 pc 0000000000329360  /system/framework/framework.jar (offset 0x2397000) (com.android.internal.os.RuntimeInit$MethodAndArgsCaller.run+0)
03-12 22:59:33.171   899   899 F DEBUG   :       #49 pc 00000000003d136c  /apex/com.android.art/lib64/libart.so (art::interpreter::Execute(art::Thread*, art::CodeItemDataAccessor const&, art::ShadowFrame&, art::JValue, bool, bool) (.__uniq.112435418011751916792819755956732575238.llvm.1949915194566060767)+364) (BuildId: a1fcb66a9fb3fa9071e8a42dcf9cd5ea)
03-12 22:59:33.171   899   899 F DEBUG   :       #50 pc 00000000003d0aa0  /apex/com.android.art/lib64/libart.so (artQuickToInterpreterBridge+1020) (BuildId: a1fcb66a9fb3fa9071e8a42dcf9cd5ea)
03-12 22:59:33.171   899   899 F DEBUG   :       #51 pc 00000000002c2438  /apex/com.android.art/lib64/libart.so (art_quick_to_interpreter_bridge+88) (BuildId: a1fcb66a9fb3fa9071e8a42dcf9cd5ea)
03-12 22:59:33.171   899   899 F DEBUG   :       #52 pc 0000000000cee664  /data/misc/apexdata/com.android.art/dalvik-cache/arm64/boot.oat (com.android.internal.os.ZygoteInit.main+3348)
03-12 22:59:33.171   899   899 F DEBUG   :       #53 pc 00000000002ab260  /apex/com.android.art/lib64/libart.so (art_quick_invoke_static_stub+640) (BuildId: a1fcb66a9fb3fa9071e8a42dcf9cd5ea)
03-12 22:59:33.171   899   899 F DEBUG   :       #54 pc 00000000002a9e60  /apex/com.android.art/lib64/libart.so (art::JValue art::InvokeWithVarArgs<_jmethodID*>(art::ScopedObjectAccessAlreadyRunnable const&, _jobject*, _jmethodID*, std::__va_list)+876) (BuildId: a1fcb66a9fb3fa9071e8a42dcf9cd5ea)
03-12 22:59:33.171   899   899 F DEBUG   :       #55 pc 000000000060b158  /apex/com.android.art/lib64/libart.so (art::JNI<true>::CallStaticVoidMethodV(_JNIEnv*, _jclass*, _jmethodID*, std::__va_list)+184) (BuildId: a1fcb66a9fb3fa9071e8a42dcf9cd5ea)
03-12 22:59:33.171   899   899 F DEBUG   :       #56 pc 0000000000103568  /system/lib64/libandroid_runtime.so (_JNIEnv::CallStaticVoidMethod(_jclass*, _jmethodID*, ...)+104) (BuildId: b21e46b4dae45cc285103c51898aae2d)
03-12 22:59:33.171   899   899 F DEBUG   :       #57 pc 000000000012ed3c  /system/lib64/libandroid_runtime.so (android::AndroidRuntime::start(char const*, android::Vector<android::String8> const&, bool)+988) (BuildId: b21e46b4dae45cc285103c51898aae2d)
03-12 22:59:33.171   899   899 F DEBUG   :       #58 pc 000000000000459c  /system/bin/app_process64 (main+1212) (BuildId: db632c68ddb58598fdff25de1e648f56)
03-12 22:59:33.171   899   899 F DEBUG   :       #59 pc 000000000006bc18  /apex/com.android.runtime/lib64/bionic/libc.so (__libc_init+120) (BuildId: 1dd68f91f82ddf6072a0e900abccad58)
--------- beginning of system
03-13 00:12:28.224  2101  2286 D VibratorManagerService: Vibration for uid=10458 and with attrs=VibrationAttributes{mUsage=IME, mAudioUsage= USAGE_UNKNOWN, mFlags=0} ended with status FINISHED
03-13 00:12:28.487  2101  2136 D VibratorManagerService: vibrate uid =10458, opPkg = com.google.android.inputmethod.latis, reason = performHapticFeedback(constant=3): ViewRootImpl#performHapticFeedback, attrs = VibrationAttributes{mUsage=IME, mAudioUsage= USAGE_UNKNOWN, mFlags=0}
03-13 00:12:28.488  2101  2136 D RichTapVibratorService: none richtap effect, do nothing!!
03-13 00:12:28.488  2101  2136 D VibratorManagerService: Starting vibrate for vibration 3440
03-13 00:12:28.488  2101  2136 D VibrationSettings: usage = 82
03-13 00:12:28.488  2101  2136 D VibratorManagerService: Check AppOp mode VIBRATE for uid 10458 and package com.google.android.inputmethod.latis returned audio=allow, op=allow
03-13 00:12:28.489  2101  2136 D NtVibratorManagerImpl: nt should ignore, do nothing!
03-13 00:12:28.489  2101  2136 D NtVibratorManagerImpl: time before vibratorStop : 1773340948489
03-13 00:12:28.489  2101  2136 D RichTapVibratorService: aac richtap doVibratorStop
03-13 00:12:28.489  2101  2136 D RichTapVibratorService: richtap service stop!!
03-13 00:12:28.493  2101  2136 D NtVibratorManagerImpl: time after vibratorStop : 1773340948493
03-13 00:12:28.494  2101  2136 D VibratorManagerService: Starting vibration 3440 on thread
03-13 00:12:28.494  2101  2136 D VibratorManagerService: Start AppOp mode VIBRATE for uid 10458 and package com.google.android.inputmethod.latis returned allow
03-13 00:12:28.495  2101  2286 D NtVibratorManagerImpl: getInernalHeEffect: current intensity = 2
03-13 00:12:28.495  2101  2286 D NtVibratorManagerImpl: richTapVibratorOnRawPattern id : 0
03-13 00:12:28.495  2101  2286 D NtVibratorManagerImpl: replace effect with he
03-13 00:12:28.504  2101  2136 D NtVibratorManagerImpl:  result:1
03-13 00:12:28.513  2101  2136 D NtVibratorManagerImpl:  result:1
03-13 00:12:28.630  2101  2286 D VibratorManagerService: VibrationThread released vibration 3440
03-13 00:12:28.630  2101  2286 D VibratorManagerService: Vibrators released after finished vibration mVibrators size1
03-13 00:12:28.632  2101  2286 D VibratorManagerService: Finish AppOp mode VIBRATE for uid 10458 and package com.google.android.inputmethod.latis
03-13 00:12:28.632  2101  2286 D VibratorManagerService: Vibration for uid=10458 and with attrs=VibrationAttributes{mUsage=IME, mAudioUsage= USAGE_UNKNOWN, mFlags=0} ended with status FINISHED
03-13 00:12:29.083  2530  2530 D BatteryHealthController: plugType=2
03-13 00:12:29.084  2101  2101 V UiModeManager: updateLocked: null action, mDockState=0, category=null
03-13 00:12:29.084  2101  2101 E UiModeManager: mComputedNightMode:true, mNightMode.get():2, mOverrideNightModeOn:false, mOverrideNightModeOff:falsemTwilightManager.getLastTwilightState():null
03-13 00:12:29.084  2101  2101 D UiModeManager: updateConfigurationLocked: mDockState=0; mCarMode=false; mNightMode=com.android.server.UiModeManagerService$1@54683b2; mNightModeCustomType=-1; uiMode=33
03-13 00:12:29.084  2101  2979 V SettingsProvider: name : nt_battery_health_time appId : 1000
03-13 00:12:29.088  2530  3282 D BatteryHealthController: invoke mICharge setChargeFccInt: 0
03-13 00:12:29.090  2556  3945 D PowerUI : can't show warning due to - plugged: true status unknown: false
03-13 00:12:29.090  2101  2979 V SettingsProvider: name : nt_battery_health_time appId : 1000
03-13 00:12:29.765  2101  2979 D VibratorManagerService: Canceling vibration
03-13 00:12:29.765  2101  2979 D NtVibratorManagerImpl: time before vibratorStop : 1773340949765
03-13 00:12:29.765  2101  4591 D CoreBackPreview: Window{223de0f u0 com.brave.browser/org.chromium.chrome.browser.customtabs.CustomTabActivity}: Setting back callback OnBackInvokedCallbackInfo{mCallback=android.window.IOnBackInvokedCallback$Stub$Proxy@ce7b5e5, mPriority=0, mIsAnimationCallback=true, mOverrideBehavior=0}
03-13 00:12:29.765 14782 14782 D InsetsController: Setting requestedVisibleTypes to -9 (was -1)
03-13 00:12:29.768  2101  2979 D RichTapVibratorService: aac richtap doVibratorStop
03-13 00:12:29.768  2101  2979 D RichTapVibratorService: richtap service stop!!
03-13 00:12:29.769  2101  2979 D NtVibratorManagerImpl: time after vibratorStop : 1773340949769
03-13 00:12:29.780  2101  2979 D NtVibratorManagerImpl:  result:1
03-13 00:12:29.879  2101  4802 D VibratorManagerService: Canceling vibration
03-13 00:12:29.879  2101  4802 D NtVibratorManagerImpl: time before vibratorStop : 1773340949879
03-13 00:12:29.879  2101  4802 D RichTapVibratorService: aac richtap doVibratorStop
03-13 00:12:29.879  2101  4802 D RichTapVibratorService: richtap service stop!!
03-13 00:12:29.880  2101  4802 D NtVibratorManagerImpl: time after vibratorStop : 1773340949880
03-13 00:12:29.890  2101  4802 D NtVibratorManagerImpl:  result:1
03-13 00:12:30.079  2101  2264 I NtCharge: mLastBatteryCycleCount:214
03-13 00:12:30.086  2101  2264 D NtCharge:  currentTimeInDay: 20524 LastTimeInDay: 20159 diff: 365
03-13 00:12:30.087  2556  2662 D WindowManagerShell: onKeepClearAreasChanged: restricted={}, unrestricted={}
03-13 00:12:30.088  2101  4802 W ActivityManager: Unable to start service Intent { act=com.google.android.gms.clearcut.service.START1 xflg=0x4 pkg=com.google.android.gms } U=0: not found
03-13 00:12:30.091  2101  4802 W ActivityManager: Unbind failed: could not find connection for android.os.BinderProxy@80e5686
03-13 00:12:31.321  2101  4802 W PackageConfigPersister: App-specific configuration not found for packageName: com.brave.browser and userId: 0
03-13 00:12:32.728  2101  2283 D ActivityManager: freezing 16061 com.x8bit.bitwarden
03-13 00:12:33.620  2101  2187 D ActivityManager: sync unfroze 9097 com.nothing.logkit for 10
03-13 00:12:33.625  2101  2474 D BackgroundInstallControlService: Package event received: 0
03-13 00:12:40.014  2101  2101 V UiModeManager: updateLocked: null action, mDockState=0, category=null
03-13 00:12:40.014  2101  2101 E UiModeManager: mComputedNightMode:true, mNightMode.get():2, mOverrideNightModeOn:false, mOverrideNightModeOff:falsemTwilightManager.getLastTwilightState():null
03-13 00:12:40.014  2101  2101 D UiModeManager: updateConfigurationLocked: mDockState=0; mCarMode=false; mNightMode=com.android.server.UiModeManagerService$1@54683b2; mNightModeCustomType=-1; uiMode=33
03-13 00:12:40.015  2530  2530 D BatteryHealthController: plugType=2
03-13 00:12:40.018  2101  4591 V SettingsProvider: name : nt_battery_health_time appId : 1000
03-13 00:12:40.018  2556  7347 D PowerUI : can't show warning due to - plugged: true status unknown: false
03-13 00:12:40.019  2530  3282 D BatteryHealthController: invoke mICharge setChargeFccInt: 0
03-13 00:12:40.021  2101  4802 V SettingsProvider: name : nt_battery_health_time appId : 1000
03-13 00:12:49.087  2556  5880 D PowerUI : can't show warning due to - plugged: true status unknown: false
03-13 00:12:49.087  2101  2101 V UiModeManager: updateLocked: null action, mDockState=0, category=null
03-13 00:12:49.087  2101  2101 E UiModeManager: mComputedNightMode:true, mNightMode.get():2, mOverrideNightModeOn:false, mOverrideNightModeOff:falsemTwilightManager.getLastTwilightState():null
03-13 00:12:49.088  2101  2101 D UiModeManager: updateConfigurationLocked: mDockState=0; mCarMode=false; mNightMode=com.android.server.UiModeManagerService$1@54683b2; mNightModeCustomType=-1; uiMode=33
03-13 00:12:49.089  2530  2530 D BatteryHealthController: plugType=2
03-13 00:12:49.094  2101  4802 V SettingsProvider: name : nt_battery_health_time appId : 1000
03-13 00:12:49.095  2530  3282 D BatteryHealthController: invoke mICharge setChargeFccInt: 0
03-13 00:12:49.096  2101  4802 V SettingsProvider: name : nt_battery_health_time appId : 1000
03-13 00:12:53.676  2101  2283 D ActivityManager: freezing 9097 com.nothing.logkit
03-13 00:12:55.278  2556  2662 D ShellBackPreview: Finishing gesture with event action: 1
03-13 00:12:55.278  2556  2662 D ShellBackPreview: onGestureFinished called while no gesture is started
03-13 00:13:01.188  2101  2283 D ActivityManager: freezing 11948 com.whatsapp
03-13 00:13:01.478  2101  2264 I NtCharge: mLastBatteryCycleCount:214
03-13 00:13:01.488  2101  2264 D NtCharge:  currentTimeInDay: 20524 LastTimeInDay: 20159 diff: 365
03-13 00:13:11.740  2101  2264 I NtCharge: mLastBatteryCycleCount:214
03-13 00:13:11.747  2101  2264 D NtCharge:  currentTimeInDay: 20524 LastTimeInDay: 20159 diff: 365
03-13 00:13:11.871  2101  4591 W ActivityManager: Unbind failed: could not find connection for android.os.BinderProxy@7e81239
03-13 00:13:11.878  2101  4591 W ActivityManager: Unable to start service Intent { act=android.telephony.satellite.SatelliteService xflg=0x4 pkg=com.mediatek.satellite.service } U=0: not found
03-13 00:13:31.293  2101  2264 I NtCharge: mLastBatteryCycleCount:214
03-13 00:13:31.308  2101  2264 D NtCharge:  currentTimeInDay: 20524 LastTimeInDay: 20159 diff: 365
03-13 00:13:31.371  2101  2264 I NtCharge: mLastBatteryCycleCount:214
03-13 00:13:31.384  2101  2264 D NtCharge:  currentTimeInDay: 20524 LastTimeInDay: 20159 diff: 365
03-13 00:13:42.709  2556  2662 D ShellBackPreview: Finishing gesture with event action: 1
03-13 00:13:42.709  2556  2662 D ShellBackPreview: onGestureFinished called while no gesture is started
03-13 00:13:44.241  2101  4591 D Dragonite: acquire handle 89
03-13 00:13:44.242  2101  2278 D Dragonite: sceneId = 2, pid = 2866, packageName = com.nothing.launcher, duration = 60000, params = null
03-13 00:13:44.245  2101  4591 D Dragonite: acquire handle 90
03-13 00:13:44.245  2101  2278 D Dragonite: sceneId = 1, pid = 2866, packageName = com.nothing.launcher, duration = 60000, params = null
03-13 00:13:44.245  2556  2662 V ShellRecents: RecentsTransitionHandler.startRecentsTransition
03-13 00:13:44.247  2556  2662 V WindowManagerShell: Directly starting a new transition type=TO_FRONT wct=WindowContainerTransaction { changes= {} hops= [{pendingIntent: options=Bundle[{android.activity.splashScreenStyle=-1, android.activity.sourceInfo=Supplier{VAL_PARCELABLE@148+104}, android.pendingIntent.backgroundActivityAllowed=3, android:activity.animAbortListener=null, android.activity.transientLaunch=true}]}] errorCallbackToken=null taskFragmentOrganizer=null } handler=com.android.wm.shell.recents.RecentsTransitionHandler@eedba81
03-13 00:13:44.253  2101  4591 D BLASTSyncEngine: [DH_DEBUG]scheduleTimeout #1020 success=true timeoutMs=5000 callback=com.android.server.wm.BLASTSyncEngine$SyncGroup$$ExternalSyntheticLambda2@32da51
03-13 00:13:44.254  2101  2759 D NtBoostAdjusterImpl: threadPriorityBoost: pid = 2168, duration = 500
03-13 00:13:44.254  2101  2759 D NtBoostAdjusterImpl: tryBoostThreadPriority: pid = 2168, counting = 1
03-13 00:13:44.274  2101  2759 D NtBoostAdjusterImpl: threadPriorityBoost: pid = 7444, duration = 500
03-13 00:13:44.274  2101  2759 D NtBoostAdjusterImpl: tryBoostThreadPriority: pid = 7444, counting = 1
03-13 00:13:44.279  2101  2195 D OomAdjuster: set group = 5
03-13 00:13:44.279  2101  2195 D OomAdjuster: set cpuset: 5
03-13 00:13:44.281  2101  4591 D NtMemoryManager: mIsHighPressureScene: false : com.nothing.launcher
03-13 00:13:44.281  2101  4591 D NtProcessManager: Top app: com.nothing.launcher
03-13 00:13:44.285  2101  2271 D OomAdjuster: process : com.google.android.googlequicksearchbox:search, pid = 17222, isTop = false, uid = 10151, hasActivity = false
03-13 00:13:44.285  2101  2271 D OomAdjuster: process : com.google.android.googlequicksearchbox:search is not top!
03-13 00:13:44.288  2101  2271 D ActivityManager: sync unfroze 17222 com.google.android.googlequicksearchbox:search for 6
03-13 00:13:44.288  2101  4591 D WindowManager: [SG_DEBUG]Set SyncGroup{id=1020 name=Transition-TO_FRONT} on ActivityRecord{105923048 u0 com.nothing.launcher/com.android.searchlauncher.SearchLauncher t1201}
03-13 00:13:44.293  2101  2101 E MBrainLocalService: notifyAppSwitch failed
03-13 00:13:44.298  2556  2662 V ShellRecents: [89039756] RecentsController.setTransition: id=android.os.BinderProxy@ccbb0bf
03-13 00:13:44.310  2101  2474 D BackgroundInstallControlService: Package event received: 0
03-13 00:13:44.311  2101  4802 I WindowManager: Relayout Window{e961c10 u0 com.nothing.launcher/com.android.searchlauncher.SearchLauncher}: oldVis=8 newVis=0 focusMayChange = true requestedWidth = 1080 requestedHeight = 2392 outFrames = ClientWindowFrames{frame=[0,0][1080,2392] display=[0,0][1080,2392] parentFrame=[0,0][0,0]} outSurfaceControl = Surface(name=com.nothing.launcher/com.android.searchlauncher.SearchLauncher)/@0xd0e43aa
03-13 00:13:44.311  2101  2474 D BackgroundInstallControlService: Package event received: 0
03-13 00:13:44.311  2101  2474 D BackgroundInstallControlService: Package event received: 0
03-13 00:13:44.316  2101  2136 D OomAdjuster: process : com.nothing.universal.search, pid = 22288, isTop = false, uid = 10286, hasActivity = false
03-13 00:13:44.316  2101  2136 D OomAdjuster: system app not need limit!
03-13 00:13:44.316  2101  2136 D ActivityManager: sync unfroze 22288 com.nothing.universal.search for 6
03-13 00:13:44.323  2101  4802 W ProcessStats: Tracking association SourceState{215b2e4 system/1000 ImpBg #109200} whose proc state 6 is better than process ProcessState{d004a6b com.google.android.googlequicksearchbox:search/10151 pkg=com.google.android.googlequicksearchbox} proc state 14 (0 skipped)
03-13 00:13:44.326  2101  2474 D BackgroundInstallControlService: Package event received: 0
03-13 00:13:44.326  2101  2474 D BackgroundInstallControlService: Package event received: 0
03-13 00:13:44.330  2101  2167 I DisplayDeviceRepository: Display device changed render timings: "Built-in Screen", renderFrameRate=120.00001, presentationDeadlineNanos=13300000, appVsyncOffsetNanos=1099999, frameRateOverrides=[]
03-13 00:13:44.332  2101  2165 D WindowManager: DeferredDisplayUpdater: partially applying DisplayInfo(1080 x 2392) immediately
03-13 00:13:44.340  2101  4591 I WindowManager: Relayout Window{6b4145b u0 com.nothing.launcher/com.android.searchlauncher.SearchLauncher}: oldVis=8 newVis=0 focusMayChange = true requestedWidth = 1080 requestedHeight = 2392 outFrames = ClientWindowFrames{frame=[0,0][1080,2392] display=[0,0][1080,2392] parentFrame=[0,0][0,0]} outSurfaceControl = Surface(name=com.nothing.launcher/com.android.searchlauncher.SearchLauncher)/@0x8a79e02
03-13 00:13:44.345  2101  2168 D WindowManager: [SG_DEBUG]Set SyncGroup{id=1020 name=Transition-TO_FRONT} on WallpaperWindowToken{1ae1c81 showWhenLocked=false}
03-13 00:13:44.348  2101  2644 D OomAdjuster: process : com.android.settings.intelligence, pid = 10553, isTop = false, uid = 10144, hasActivity = false
03-13 00:13:44.348  2101  2644 D OomAdjuster: process : com.android.settings.intelligence is not top!
03-13 00:13:44.360  2101  2644 D ActivityManager: sync unfroze 10553 com.android.settings.intelligence for 7
03-13 00:13:44.360  2101  2644 D OomAdjuster: process : com.nothing.logkit, pid = 9097, isTop = false, uid = 1000, hasActivity = false
03-13 00:13:44.363  2101  2474 D BackgroundInstallControlService: Package event received: 0
03-13 00:13:44.364  2101  2644 D OomAdjuster: system app not need limit!
03-13 00:13:44.368  2101  2644 D ActivityManager: sync unfroze 9097 com.nothing.logkit for 7
03-13 00:13:44.369  2101  2168 D WindowManager: [SG_DEBUG]Clear [finished]SyncGroup{id=1020 name=Transition-TO_FRONT} on ActivityRecord{105923048 u0 com.nothing.launcher/com.android.searchlauncher.SearchLauncher t1201}
03-13 00:13:44.369  2101  2168 D WindowManager: [SG_DEBUG]Clear [finished]SyncGroup{id=1020 name=Transition-TO_FRONT} on WallpaperWindowToken{1ae1c81 showWhenLocked=false}
03-13 00:13:44.370  2101  2474 D BackgroundInstallControlService: Package event received: 0
03-13 00:13:44.373  2101  2168 D BLASTSyncEngine: [DH_DEBUG]remove timeout #1020 callback=com.android.server.wm.BLASTSyncEngine$SyncGroup$$ExternalSyntheticLambda2@32da51
03-13 00:13:44.378  2556  3954 V WindowManagerShell: onTransitionReady(transaction=9023726373937)
03-13 00:13:44.378  2556  2662 V WindowManagerShell: onTransitionReady (#1020) android.os.BinderProxy@ccbb0bf: {id=1020 t=TO_FRONT f=0x80 trk=0 isSameTaskSwitch=false r=[0@Point(0, 0)] c=[
03-13 00:13:44.378  2556  2662 V WindowManagerShell:         {m=TO_FRONT f=SHOW_WALLPAPER|MOVE_TO_TOP leash=Surface(name=Task=1)/@0x2987ad5 sb=Rect(0, 0 - 1080, 2392) eb=Rect(0, 0 - 1080, 2392) epz=Point(1080, 2392) d=0 taskParent=-1 ntPopUpView={mIsTryEnterWindowingMode=false mIsEnterWindowingModeLandscape=false mIsChangingWindowformBounds=false mStartPos=Point(0, 0) mEndPos=Point(0, 0) mStartScale=0.0 mEndScale=0.0 mStartCornerRadius=0.0 mEndCornerRadius=0.0 mAppBounds=Rect(0, 0 - 0, 0) mWindowCrop=Rect(0, 0 - 0, 0) mStartDragOrChangingBounds=Rect(0, 0 - 0, 0) mEndDragOrChangingBounds=Rect(0, 0 - 0, 0) mBottomLeftCornerLeash=null mBottomRightCornerLeash=null mDragBarLeash=null mCornerHintSize=60x60 mDragBarSize=189x42}},
03-13 00:13:44.378  2556  2662 V WindowManagerShell:         {m=TO_BACK f=NONE leash=Surface(name=Task=1337)/@0x61762ea sb=Rect(0, 0 - 1080, 2392) eb=Rect(0, 0 - 1080, 2392) epz=Point(1080, 2392) d=0 taskParent=-1 ntPopUpView={mIsTryEnterWindowingMode=false mIsEnterWindowingModeLandscape=false mIsChangingWindowformBounds=false mStartPos=Point(0, 0) mEndPos=Point(0, 0) mStartScale=0.0 mEndScale=0.0 mStartCornerRadius=0.0 mEndCornerRadius=0.0 mAppBounds=Rect(0, 0 - 0, 0) mWindowCrop=Rect(0, 0 - 0, 0) mStartDragOrChangingBounds=Rect(0, 0 - 0, 0) mEndDragOrChangingBounds=Rect(0, 0 - 0, 0) mBottomLeftCornerLeash=null mBottomRightCornerLeash=null mDragBarLeash=null mCornerHintSize=60x60 mDragBarSize=189x42}},
03-13 00:13:44.378  2556  2662 V WindowManagerShell:         {m=TO_FRONT f=IS_WALLPAPER leash=Surface(name=WallpaperWindowToken{1ae1c81 showWhenLocked=false})/@0x31499db sb=Rect(0, 0 - 1080, 2392) eb=Rect(0, 0 - 1080, 2392) epz=Point(1080, 2392) d=0 ntPopUpView={mIsTryEnterWindowingMode=false mIsEnterWindowingModeLandscape=false mIsChangingWindowformBounds=false mStartPos=Point(0, 0) mEndPos=Point(0, 0) mStartScale=0.0 mEndScale=0.0 mStartCornerRadius=0.0 mEndCornerRadius=0.0 mAppBounds=Rect(0, 0 - 0, 0) mWindowCrop=Rect(0, 0 - 0, 0) mStartDragOrChangingBounds=Rect(0, 0 - 0, 0) mEndDragOrChangingBounds=Rect(0, 0 - 0, 0) mBottomLeftCornerLeash=null mBottomRightCornerLeash=null mDragBarLeash=null mCornerHintSize=0x0 mDragBarSize=0x0}}
03-13 00:13:44.378  2556  2662 V WindowManagerShell:     ]}
03-13 00:13:44.378  2556  2662 V WindowManagerShell: Playing animation for (#1020) android.os.BinderProxy@ccbb0bf@0
03-13 00:13:44.378  2556  2662 V WindowManagerShell:  try firstHandler com.android.wm.shell.recents.RecentsTransitionHandler@eedba81
03-13 00:13:44.379  2556  2662 V ShellRecents: [89039756] RecentsController.start
03-13 00:13:44.379  2101  2164 V WindowManager: Sent Transition (#1020) createdAt=03-13 00:13:44.252
03-13 00:13:44.380  2556  2662 V ShellRecents:   not handling home taskId=1
03-13 00:13:44.381  2101  2164 V WindowManager:     startWCT=WindowContainerTransaction { changes= {} hops= [{pendingIntent: options=Bundle[{android.activity.splashScreenStyle=-1, android.activity.sourceInfo=android.app.ActivityOptions$SourceInfo@e981f05, android.pendingIntent.backgroundActivityAllowed=3, android:activity.animAbortListener=null, android.activity.transientLaunch=true}]}] errorCallbackToken=null taskFragmentOrganizer=null }
03-13 00:13:44.382  2556  2662 V ShellRecents:   adding pausing leaf taskId=1337 at layer=8
03-13 00:13:44.384  2556  2662 V ShellRecents: Applying transaction=9023726373937
03-13 00:13:44.384  2556  2662 V ShellRecents: No matching remote found to takeover (#1020)
03-13 00:13:44.384  2556  2662 V ShellSplitScreen: getSplitBoundsForTaskId: expected split bounds for taskId=1337 but not found
03-13 00:13:44.384  2556  2662 V ShellRecents: [89039756] RecentsController.start: calling onAnimationStart with 2 apps
03-13 00:13:44.388  2556  2662 V ShellRecents: [89039756] onAnimationStartWithSurfaceTransaction.end: cost 4 ms
03-13 00:13:44.389  2556  2662 V WindowManagerShell:  animated by firstHandler
03-13 00:13:44.385  2101  2164 V WindowManager:     info={id=1020 t=TO_FRONT f=0x80 trk=0 isSameTaskSwitch=false r=[0@Point(0, 0)] c=[
03-13 00:13:44.385  2101  2164 V WindowManager:         {WCT{RemoteToken{2ca2dd8 Task{6283be0 #1 type=home}}} m=TO_FRONT f=SHOW_WALLPAPER|MOVE_TO_TOP leash=Surface(name=Task=1)/@0x2ad5fbe sb=Rect(0, 0 - 1080, 2392) eb=Rect(0, 0 - 1080, 2392) epz=Point(1080, 2392) d=0 taskParent=-1 ntPopUpView={mIsTryEnterWindowingMode=false mIsEnterWindowingModeLandscape=false mIsChangingWindowformBounds=false mStartPos=Point(0, 0) mEndPos=Point(0, 0) mStartScale=0.0 mEndScale=0.0 mStartCornerRadius=0.0 mEndCornerRadius=0.0 mAppBounds=Rect(0, 0 - 0, 0) mWindowCrop=Rect(0, 0 - 0, 0) mStartDragOrChangingBounds=Rect(0, 0 - 0, 0) mEndDragOrChangingBounds=Rect(0, 0 - 0, 0) mBottomLeftCornerLeash=null mBottomRightCornerLeash=null mDragBarLeash=null mCornerHintSize=60x60 mDragBarSize=189x42}},
03-13 00:13:44.385  2101  2164 V WindowManager:         {WCT{RemoteToken{d459bb3 Task{a44a2b9 #1337 type=standard A=10722:io.warera.twa}}} m=TO_BACK f=NONE leash=Surface(name=Task=1337)/@0x253c517 sb=Rect(0, 0 - 1080, 2392) eb=Rect(0, 0 - 1080, 2392) epz=Point(1080, 2392) d=0 taskParent=-1 ntPopUpView={mIsTryEnterWindowingMode=false mIsEnterWindowingModeLandscape=false mIsChangingWindowformBounds=false mStartPos=Point(0, 0) mEndPos=Point(0, 0) mStartScale=0.0 mEndScale=0.0 mStartCornerRadius=0.0 mEndCornerRadius=0.0 mAppBounds=Rect(0, 0 - 0, 0) mWindowCrop=Rect(0, 0 - 0, 0) mStartDragOrChangingBounds=Rect(0, 0 - 0, 0) mEndDragOrChangingBounds=Rect(0, 0 - 0, 0) mBottomLeftCornerLeash=null mBottomRightCornerLeash=null mDragBarLeash=null mCornerHintSize=60x60 mDragBarSize=189x42}},
03-13 00:13:44.385  2101  2164 V WindowManager:         {m=TO_FRONT f=IS_WALLPAPER leash=Surface(name=WallpaperWindowToken{1ae1c81 showWhenLocked=false})/@0x6095740 sb=Rect(0, 0 - 1080, 2392) eb=Rect(0, 0 - 1080, 2392) epz=Point(1080, 2392) d=0 ntPopUpView={mIsTryEnterWindowingMode=false mIsEnterWindowingModeLandscape=false mIsChangingWindowformBounds=false mStartPos=Point(0, 0) mEndPos=Point(0, 0) mStartScale=0.0 mEndScale=0.0 mStartCornerRadius=0.0 mEndCornerRadius=0.0 mAppBounds=Rect(0, 0 - 0, 0) mWindowCrop=Rect(0, 0 - 0, 0) mStartDragOrChangingBounds=Rect(0, 0 - 0, 0) mEndDragOrChangingBounds=Rect(0, 0 - 0, 0) mBottomLeftCornerLeash=null mBottomRightCornerLeash=null mDragBarLeash=null mCornerHintSize=0x0 mDragBarSize=0x0}}
03-13 00:13:44.385  2101  2164 V WindowManager:     ]}
03-13 00:13:44.390  2101  2660 D VibratorManagerService: vibrate uid =10193, opPkg = com.nothing.launcher, reason = null, attrs = VibrationAttributes{mUsage=TOUCH, mAudioUsage= USAGE_ASSISTANCE_SONIFICATION, mFlags=0}
03-13 00:13:44.390  2101  2660 D RichTapVibratorService: none richtap effect, do nothing!!
03-13 00:13:44.390  2101  2660 D VibratorManagerService: Starting vibrate for vibration 3441
03-13 00:13:44.390  2101  2660 D VibrationSettings: usage = 18
03-13 00:13:44.390  2101  2660 D VibratorManagerService: Check AppOp mode VIBRATE for uid 10193 and package com.nothing.launcher returned audio=allow, op=allow
03-13 00:13:44.390  2101  2660 D NtVibratorManagerImpl: nt should ignore, do nothing!
03-13 00:13:44.390  2101  2660 D NtVibratorManagerImpl: time before vibratorStop : 1773341024390
03-13 00:13:44.390  2101  2660 D RichTapVibratorService: aac richtap doVibratorStop
03-13 00:13:44.390  2101  2660 D RichTapVibratorService: richtap service stop!!
03-13 00:13:44.396  2101  2660 D NtVibratorManagerImpl: time after vibratorStop : 1773341024396
03-13 00:13:44.396  2101  2660 D VibratorManagerService: Starting vibration 3441 on thread
03-13 00:13:44.396  2101  2660 D VibratorManagerService: Start AppOp mode VIBRATE for uid 10193 and package com.nothing.launcher returned allow
03-13 00:13:44.397  2101  2286 D NtVibratorManagerImpl: getInernalHeEffect: current intensity = 2
03-13 00:13:44.397  2101  2286 D NtVibratorManagerImpl: richTapVibratorOnRawPattern id : 0
03-13 00:13:44.397  2101  2286 D NtVibratorManagerImpl: replace effect with he
03-13 00:13:44.402  2101  2945 D NtVibratorManagerImpl:  result:1
03-13 00:13:44.404  2556  2662 V ShellRecents: [89039756] RecentsController.setInputConsumerEnabled: set focus to recents
03-13 00:13:44.407  2101  2474 D BackgroundInstallControlService: Package event received: 0
03-13 00:13:44.415  2101  4802 D NtVibratorManagerImpl:  result:1
03-13 00:13:44.426  2101  2644 V NtGameModeImpl: onAppFocusChanged: pkg=com.nothing.launcher, uid=10193, category=-1, launchMode= 1
03-13 00:13:44.427  2101  2644 D NtPopUpViewImpl: PopUpView: onAppFocusChanged: newTask=Task{54db71 #1201 type=home I=com.nothing.launcher/com.android.searchlauncher.SearchLauncher}, showDimmer=false
03-13 00:13:44.427  2101  2644 D NtKafkaEventHelper: onActivityRecordChanged: info com.nothing.launcher:10193:2866
